<?xml version="1.0"?>
<link_info>
   <banner>TI ARM Linker PC v5.2.4</banner>
   <copyright>Copyright (c) 1996-2015 Texas Instruments Incorporated</copyright>
   <link_time>0x55fb9125</link_time>
   <link_errors>0x0</link_errors>
   <output_file>ESP8266_4C123.out</output_file>
   <entry_point>
      <name>_c_int00</name>
      <address>0x4601</address>
   </entry_point>
   <input_file_list>
      <input_file id="fl-2">
         <path>.\</path>
         <kind>object</kind>
         <file>LED.obj</file>
         <name>LED.obj</name>
      </input_file>
      <input_file id="fl-3">
         <path>.\</path>
         <kind>object</kind>
         <file>UART.obj</file>
         <name>UART.obj</name>
      </input_file>
      <input_file id="fl-4">
         <path>.\</path>
         <kind>object</kind>
         <file>esp8266.obj</file>
         <name>esp8266.obj</name>
      </input_file>
      <input_file id="fl-5">
         <path>.\</path>
         <kind>object</kind>
         <file>http.obj</file>
         <name>http.obj</name>
      </input_file>
      <input_file id="fl-6">
         <path>.\</path>
         <kind>object</kind>
         <file>main.obj</file>
         <name>main.obj</name>
      </input_file>
      <input_file id="fl-7">
         <path>.\</path>
         <kind>object</kind>
         <file>pll.obj</file>
         <name>pll.obj</name>
      </input_file>
      <input_file id="fl-8">
         <path>.\</path>
         <kind>object</kind>
         <file>systick.obj</file>
         <name>systick.obj</name>
      </input_file>
      <input_file id="fl-9">
         <path>.\</path>
         <kind>object</kind>
         <file>tm4c123gh6pm_startup_ccs.obj</file>
         <name>tm4c123gh6pm_startup_ccs.obj</name>
      </input_file>
      <input_file id="fl-12f">
         <path>C:\ti\ccsv6\tools\compiler\ti-cgt-arm_5.2.4\lib\</path>
         <kind>archive</kind>
         <file>rtsv7M4_T_le_v4SPD16_eabi.lib</file>
         <name>boot.obj</name>
      </input_file>
      <input_file id="fl-130">
         <path>C:\ti\ccsv6\tools\compiler\ti-cgt-arm_5.2.4\lib\</path>
         <kind>archive</kind>
         <file>rtsv7M4_T_le_v4SPD16_eabi.lib</file>
         <name>copy_decompress_none.obj</name>
      </input_file>
      <input_file id="fl-131">
         <path>C:\ti\ccsv6\tools\compiler\ti-cgt-arm_5.2.4\lib\</path>
         <kind>archive</kind>
         <file>rtsv7M4_T_le_v4SPD16_eabi.lib</file>
         <name>copy_decompress_rle.obj</name>
      </input_file>
      <input_file id="fl-132">
         <path>C:\ti\ccsv6\tools\compiler\ti-cgt-arm_5.2.4\lib\</path>
         <kind>archive</kind>
         <file>rtsv7M4_T_le_v4SPD16_eabi.lib</file>
         <name>copy_zero_init.obj</name>
      </input_file>
      <input_file id="fl-133">
         <path>C:\ti\ccsv6\tools\compiler\ti-cgt-arm_5.2.4\lib\</path>
         <kind>archive</kind>
         <file>rtsv7M4_T_le_v4SPD16_eabi.lib</file>
         <name>defs.obj</name>
      </input_file>
      <input_file id="fl-134">
         <path>C:\ti\ccsv6\tools\compiler\ti-cgt-arm_5.2.4\lib\</path>
         <kind>archive</kind>
         <file>rtsv7M4_T_le_v4SPD16_eabi.lib</file>
         <name>exit.obj</name>
      </input_file>
      <input_file id="fl-135">
         <path>C:\ti\ccsv6\tools\compiler\ti-cgt-arm_5.2.4\lib\</path>
         <kind>archive</kind>
         <file>rtsv7M4_T_le_v4SPD16_eabi.lib</file>
         <name>fopen.obj</name>
      </input_file>
      <input_file id="fl-136">
         <path>C:\ti\ccsv6\tools\compiler\ti-cgt-arm_5.2.4\lib\</path>
         <kind>archive</kind>
         <file>rtsv7M4_T_le_v4SPD16_eabi.lib</file>
         <name>lowlev.obj</name>
      </input_file>
      <input_file id="fl-137">
         <path>C:\ti\ccsv6\tools\compiler\ti-cgt-arm_5.2.4\lib\</path>
         <kind>archive</kind>
         <file>rtsv7M4_T_le_v4SPD16_eabi.lib</file>
         <name>memcpy_t2.obj</name>
      </input_file>
      <input_file id="fl-138">
         <path>C:\ti\ccsv6\tools\compiler\ti-cgt-arm_5.2.4\lib\</path>
         <kind>archive</kind>
         <file>rtsv7M4_T_le_v4SPD16_eabi.lib</file>
         <name>memset_t2.obj</name>
      </input_file>
      <input_file id="fl-139">
         <path>C:\ti\ccsv6\tools\compiler\ti-cgt-arm_5.2.4\lib\</path>
         <kind>archive</kind>
         <file>rtsv7M4_T_le_v4SPD16_eabi.lib</file>
         <name>pre_init.obj</name>
      </input_file>
      <input_file id="fl-13a">
         <path>C:\ti\ccsv6\tools\compiler\ti-cgt-arm_5.2.4\lib\</path>
         <kind>archive</kind>
         <file>rtsv7M4_T_le_v4SPD16_eabi.lib</file>
         <name>printf.obj</name>
      </input_file>
      <input_file id="fl-13b">
         <path>C:\ti\ccsv6\tools\compiler\ti-cgt-arm_5.2.4\lib\</path>
         <kind>archive</kind>
         <file>rtsv7M4_T_le_v4SPD16_eabi.lib</file>
         <name>setvbuf.obj</name>
      </input_file>
      <input_file id="fl-13c">
         <path>C:\ti\ccsv6\tools\compiler\ti-cgt-arm_5.2.4\lib\</path>
         <kind>archive</kind>
         <file>rtsv7M4_T_le_v4SPD16_eabi.lib</file>
         <name>sprintf.obj</name>
      </input_file>
      <input_file id="fl-13d">
         <path>C:\ti\ccsv6\tools\compiler\ti-cgt-arm_5.2.4\lib\</path>
         <kind>archive</kind>
         <file>rtsv7M4_T_le_v4SPD16_eabi.lib</file>
         <name>stkdepth_vars.obj</name>
      </input_file>
      <input_file id="fl-13e">
         <path>C:\ti\ccsv6\tools\compiler\ti-cgt-arm_5.2.4\lib\</path>
         <kind>archive</kind>
         <file>rtsv7M4_T_le_v4SPD16_eabi.lib</file>
         <name>strchr.obj</name>
      </input_file>
      <input_file id="fl-13f">
         <path>C:\ti\ccsv6\tools\compiler\ti-cgt-arm_5.2.4\lib\</path>
         <kind>archive</kind>
         <file>rtsv7M4_T_le_v4SPD16_eabi.lib</file>
         <name>strcmp.obj</name>
      </input_file>
      <input_file id="fl-140">
         <path>C:\ti\ccsv6\tools\compiler\ti-cgt-arm_5.2.4\lib\</path>
         <kind>archive</kind>
         <file>rtsv7M4_T_le_v4SPD16_eabi.lib</file>
         <name>strcpy.obj</name>
      </input_file>
      <input_file id="fl-141">
         <path>C:\ti\ccsv6\tools\compiler\ti-cgt-arm_5.2.4\lib\</path>
         <kind>archive</kind>
         <file>rtsv7M4_T_le_v4SPD16_eabi.lib</file>
         <name>strlen.obj</name>
      </input_file>
      <input_file id="fl-142">
         <path>C:\ti\ccsv6\tools\compiler\ti-cgt-arm_5.2.4\lib\</path>
         <kind>archive</kind>
         <file>rtsv7M4_T_le_v4SPD16_eabi.lib</file>
         <name>strncpy.obj</name>
      </input_file>
      <input_file id="fl-143">
         <path>C:\ti\ccsv6\tools\compiler\ti-cgt-arm_5.2.4\lib\</path>
         <kind>archive</kind>
         <file>rtsv7M4_T_le_v4SPD16_eabi.lib</file>
         <name>strstr.obj</name>
      </input_file>
      <input_file id="fl-144">
         <path>C:\ti\ccsv6\tools\compiler\ti-cgt-arm_5.2.4\lib\</path>
         <kind>archive</kind>
         <file>rtsv7M4_T_le_v4SPD16_eabi.lib</file>
         <name>trgdrv.obj</name>
      </input_file>
      <input_file id="fl-145">
         <path>C:\ti\ccsv6\tools\compiler\ti-cgt-arm_5.2.4\lib\</path>
         <kind>archive</kind>
         <file>rtsv7M4_T_le_v4SPD16_eabi.lib</file>
         <name>trgmsg.obj</name>
      </input_file>
      <input_file id="fl-146">
         <path>C:\ti\ccsv6\tools\compiler\ti-cgt-arm_5.2.4\lib\</path>
         <kind>archive</kind>
         <file>rtsv7M4_T_le_v4SPD16_eabi.lib</file>
         <name>_lock.obj</name>
      </input_file>
      <input_file id="fl-147">
         <path>C:\ti\ccsv6\tools\compiler\ti-cgt-arm_5.2.4\lib\</path>
         <kind>archive</kind>
         <file>rtsv7M4_T_le_v4SPD16_eabi.lib</file>
         <name>_printfi.obj</name>
      </input_file>
      <input_file id="fl-148">
         <path>C:\ti\ccsv6\tools\compiler\ti-cgt-arm_5.2.4\lib\</path>
         <kind>archive</kind>
         <file>rtsv7M4_T_le_v4SPD16_eabi.lib</file>
         <name>args_main.obj</name>
      </input_file>
      <input_file id="fl-149">
         <path>C:\ti\ccsv6\tools\compiler\ti-cgt-arm_5.2.4\lib\</path>
         <kind>archive</kind>
         <file>rtsv7M4_T_le_v4SPD16_eabi.lib</file>
         <name>atoi.obj</name>
      </input_file>
      <input_file id="fl-14a">
         <path>C:\ti\ccsv6\tools\compiler\ti-cgt-arm_5.2.4\lib\</path>
         <kind>archive</kind>
         <file>rtsv7M4_T_le_v4SPD16_eabi.lib</file>
         <name>autoinit.obj</name>
      </input_file>
      <input_file id="fl-14b">
         <path>C:\ti\ccsv6\tools\compiler\ti-cgt-arm_5.2.4\lib\</path>
         <kind>archive</kind>
         <file>rtsv7M4_T_le_v4SPD16_eabi.lib</file>
         <name>cpy_tbl.obj</name>
      </input_file>
      <input_file id="fl-14c">
         <path>C:\ti\ccsv6\tools\compiler\ti-cgt-arm_5.2.4\lib\</path>
         <kind>archive</kind>
         <file>rtsv7M4_T_le_v4SPD16_eabi.lib</file>
         <name>ctype.obj</name>
      </input_file>
      <input_file id="fl-14d">
         <path>C:\ti\ccsv6\tools\compiler\ti-cgt-arm_5.2.4\lib\</path>
         <kind>archive</kind>
         <file>rtsv7M4_T_le_v4SPD16_eabi.lib</file>
         <name>fclose.obj</name>
      </input_file>
      <input_file id="fl-14e">
         <path>C:\ti\ccsv6\tools\compiler\ti-cgt-arm_5.2.4\lib\</path>
         <kind>archive</kind>
         <file>rtsv7M4_T_le_v4SPD16_eabi.lib</file>
         <name>fd_add_t2.obj</name>
      </input_file>
      <input_file id="fl-14f">
         <path>C:\ti\ccsv6\tools\compiler\ti-cgt-arm_5.2.4\lib\</path>
         <kind>archive</kind>
         <file>rtsv7M4_T_le_v4SPD16_eabi.lib</file>
         <name>fd_cmp_t2.obj</name>
      </input_file>
      <input_file id="fl-150">
         <path>C:\ti\ccsv6\tools\compiler\ti-cgt-arm_5.2.4\lib\</path>
         <kind>archive</kind>
         <file>rtsv7M4_T_le_v4SPD16_eabi.lib</file>
         <name>fd_div_t2.obj</name>
      </input_file>
      <input_file id="fl-151">
         <path>C:\ti\ccsv6\tools\compiler\ti-cgt-arm_5.2.4\lib\</path>
         <kind>archive</kind>
         <file>rtsv7M4_T_le_v4SPD16_eabi.lib</file>
         <name>fd_mul_t2.obj</name>
      </input_file>
      <input_file id="fl-152">
         <path>C:\ti\ccsv6\tools\compiler\ti-cgt-arm_5.2.4\lib\</path>
         <kind>archive</kind>
         <file>rtsv7M4_T_le_v4SPD16_eabi.lib</file>
         <name>fd_toi_t2.obj</name>
      </input_file>
      <input_file id="fl-153">
         <path>C:\ti\ccsv6\tools\compiler\ti-cgt-arm_5.2.4\lib\</path>
         <kind>archive</kind>
         <file>rtsv7M4_T_le_v4SPD16_eabi.lib</file>
         <name>fflush.obj</name>
      </input_file>
      <input_file id="fl-154">
         <path>C:\ti\ccsv6\tools\compiler\ti-cgt-arm_5.2.4\lib\</path>
         <kind>archive</kind>
         <file>rtsv7M4_T_le_v4SPD16_eabi.lib</file>
         <name>fputs.obj</name>
      </input_file>
      <input_file id="fl-155">
         <path>C:\ti\ccsv6\tools\compiler\ti-cgt-arm_5.2.4\lib\</path>
         <kind>archive</kind>
         <file>rtsv7M4_T_le_v4SPD16_eabi.lib</file>
         <name>frexp.obj</name>
      </input_file>
      <input_file id="fl-156">
         <path>C:\ti\ccsv6\tools\compiler\ti-cgt-arm_5.2.4\lib\</path>
         <kind>archive</kind>
         <file>rtsv7M4_T_le_v4SPD16_eabi.lib</file>
         <name>i_tofd_t2.obj</name>
      </input_file>
      <input_file id="fl-157">
         <path>C:\ti\ccsv6\tools\compiler\ti-cgt-arm_5.2.4\lib\</path>
         <kind>archive</kind>
         <file>rtsv7M4_T_le_v4SPD16_eabi.lib</file>
         <name>ldexp.obj</name>
      </input_file>
      <input_file id="fl-158">
         <path>C:\ti\ccsv6\tools\compiler\ti-cgt-arm_5.2.4\lib\</path>
         <kind>archive</kind>
         <file>rtsv7M4_T_le_v4SPD16_eabi.lib</file>
         <name>ltoa.obj</name>
      </input_file>
      <input_file id="fl-159">
         <path>C:\ti\ccsv6\tools\compiler\ti-cgt-arm_5.2.4\lib\</path>
         <kind>archive</kind>
         <file>rtsv7M4_T_le_v4SPD16_eabi.lib</file>
         <name>memccpy.obj</name>
      </input_file>
      <input_file id="fl-15a">
         <path>C:\ti\ccsv6\tools\compiler\ti-cgt-arm_5.2.4\lib\</path>
         <kind>archive</kind>
         <file>rtsv7M4_T_le_v4SPD16_eabi.lib</file>
         <name>memchr.obj</name>
      </input_file>
      <input_file id="fl-15b">
         <path>C:\ti\ccsv6\tools\compiler\ti-cgt-arm_5.2.4\lib\</path>
         <kind>archive</kind>
         <file>rtsv7M4_T_le_v4SPD16_eabi.lib</file>
         <name>memory.obj</name>
      </input_file>
      <input_file id="fl-15c">
         <path>C:\ti\ccsv6\tools\compiler\ti-cgt-arm_5.2.4\lib\</path>
         <kind>archive</kind>
         <file>rtsv7M4_T_le_v4SPD16_eabi.lib</file>
         <name>remove.obj</name>
      </input_file>
      <input_file id="fl-15d">
         <path>C:\ti\ccsv6\tools\compiler\ti-cgt-arm_5.2.4\lib\</path>
         <kind>archive</kind>
         <file>rtsv7M4_T_le_v4SPD16_eabi.lib</file>
         <name>ull_div_t2.obj</name>
      </input_file>
      <input_file id="fl-15e">
         <path>C:\ti\ccsv6\tools\compiler\ti-cgt-arm_5.2.4\lib\</path>
         <kind>archive</kind>
         <file>rtsv7M4_T_le_v4SPD16_eabi.lib</file>
         <name>xdclass.obj</name>
      </input_file>
      <input_file id="fl-15f">
         <path>C:\ti\ccsv6\tools\compiler\ti-cgt-arm_5.2.4\lib\</path>
         <kind>archive</kind>
         <file>rtsv7M4_T_le_v4SPD16_eabi.lib</file>
         <name>xdscale.obj</name>
      </input_file>
      <input_file id="fl-160">
         <path>C:\ti\ccsv6\tools\compiler\ti-cgt-arm_5.2.4\lib\</path>
         <kind>archive</kind>
         <file>rtsv7M4_T_le_v4SPD16_eabi.lib</file>
         <name>xdunscal.obj</name>
      </input_file>
      <input_file id="fl-161">
         <path>C:\ti\ccsv6\tools\compiler\ti-cgt-arm_5.2.4\lib\</path>
         <kind>archive</kind>
         <file>rtsv7M4_T_le_v4SPD16_eabi.lib</file>
         <name>xferaise.obj</name>
      </input_file>
      <input_file id="fl-162">
         <path>C:\ti\ccsv6\tools\compiler\ti-cgt-arm_5.2.4\lib\</path>
         <kind>archive</kind>
         <file>rtsv7M4_T_le_v4SPD16_eabi.lib</file>
         <name>xvalues.obj</name>
      </input_file>
      <input_file id="fl-163">
         <path>C:\ti\ccsv6\tools\compiler\ti-cgt-arm_5.2.4\lib\</path>
         <kind>archive</kind>
         <file>rtsv7M4_T_le_v4SPD16_eabi.lib</file>
         <name>_io_perm.obj</name>
      </input_file>
      <input_file id="fl-164">
         <path>C:\ti\ccsv6\tools\compiler\ti-cgt-arm_5.2.4\lib\</path>
         <kind>archive</kind>
         <file>rtsv7M4_T_le_v4SPD16_eabi.lib</file>
         <name>errno.obj</name>
      </input_file>
      <input_file id="fl-165">
         <path>C:\ti\ccsv6\tools\compiler\ti-cgt-arm_5.2.4\lib\</path>
         <kind>archive</kind>
         <file>rtsv7M4_T_le_v4SPD16_eabi.lib</file>
         <name>feraiseexcept.obj</name>
      </input_file>
      <input_file id="fl-166">
         <path>C:\ti\ccsv6\tools\compiler\ti-cgt-arm_5.2.4\lib\</path>
         <kind>archive</kind>
         <file>rtsv7M4_T_le_v4SPD16_eabi.lib</file>
         <name>fseek.obj</name>
      </input_file>
      <input_file id="fl-167">
         <path>C:\ti\ccsv6\tools\compiler\ti-cgt-arm_5.2.4\lib\</path>
         <kind>archive</kind>
         <file>rtsv7M4_T_le_v4SPD16_eabi.lib</file>
         <name>raise.obj</name>
      </input_file>
      <input_file id="fl-168">
         <path>C:\ti\ccsv6\tools\compiler\ti-cgt-arm_5.2.4\lib\</path>
         <kind>archive</kind>
         <file>rtsv7M4_T_le_v4SPD16_eabi.lib</file>
         <name>signal.obj</name>
      </input_file>
      <input_file id="fl-169">
         <path>C:\ti\ccsv6\tools\compiler\ti-cgt-arm_5.2.4\lib\</path>
         <kind>archive</kind>
         <file>rtsv7M4_T_le_v4SPD16_eabi.lib</file>
         <name>xdnorm.obj</name>
      </input_file>
   </input_file_list>
   <object_component_list>
      <object_component id="oc-f">
         <name>.intvecs</name>
         <load_address>0x0</load_address>
         <run_address>0x0</run_address>
         <size>0x26c</size>
         <input_file_ref idref="fl-9"/>
      </object_component>
      <object_component id="oc-147">
         <name>.text</name>
         <load_address>0x26c</load_address>
         <run_address>0x26c</run_address>
         <size>0x10ba</size>
         <input_file_ref idref="fl-147"/>
      </object_component>
      <object_component id="oc-3f">
         <name>.text</name>
         <load_address>0x1328</load_address>
         <run_address>0x1328</run_address>
         <size>0xb64</size>
         <input_file_ref idref="fl-4"/>
      </object_component>
      <object_component id="oc-39">
         <name>.text</name>
         <load_address>0x1e8c</load_address>
         <run_address>0x1e8c</run_address>
         <size>0x574</size>
         <input_file_ref idref="fl-3"/>
      </object_component>
      <object_component id="oc-178">
         <name>.text</name>
         <load_address>0x2400</load_address>
         <run_address>0x2400</run_address>
         <size>0x3dc</size>
         <input_file_ref idref="fl-15b"/>
      </object_component>
      <object_component id="oc-a6">
         <name>.text</name>
         <load_address>0x27dc</load_address>
         <run_address>0x27dc</run_address>
         <size>0x30c</size>
         <input_file_ref idref="fl-136"/>
      </object_component>
      <object_component id="oc-248">
         <name>.text</name>
         <load_address>0x2ae8</load_address>
         <run_address>0x2ae8</run_address>
         <size>0x2d4</size>
         <input_file_ref idref="fl-144"/>
      </object_component>
      <object_component id="oc-33">
         <name>.text</name>
         <load_address>0x2dbc</load_address>
         <run_address>0x2dbc</run_address>
         <size>0x224</size>
         <input_file_ref idref="fl-6"/>
      </object_component>
      <object_component id="oc-1de">
         <name>.text</name>
         <load_address>0x2fe0</load_address>
         <run_address>0x2fe0</run_address>
         <size>0x1f4</size>
         <input_file_ref idref="fl-15d"/>
      </object_component>
      <object_component id="oc-ac">
         <name>.text</name>
         <load_address>0x31d4</load_address>
         <run_address>0x31d4</run_address>
         <size>0x1c4</size>
         <input_file_ref idref="fl-135"/>
      </object_component>
      <object_component id="oc-207">
         <name>.text</name>
         <load_address>0x3398</load_address>
         <run_address>0x3398</run_address>
         <size>0x1b6</size>
         <input_file_ref idref="fl-14e"/>
      </object_component>
      <object_component id="oc-1ed">
         <name>.text</name>
         <load_address>0x354e</load_address>
         <run_address>0x354e</run_address>
         <size>0x136</size>
         <input_file_ref idref="fl-150"/>
      </object_component>
      <object_component id="oc-141">
         <name>.text</name>
         <load_address>0x3684</load_address>
         <run_address>0x3684</run_address>
         <size>0x134</size>
         <input_file_ref idref="fl-154"/>
      </object_component>
      <object_component id="oc-2d">
         <name>.text</name>
         <load_address>0x37b8</load_address>
         <run_address>0x37b8</run_address>
         <size>0x112</size>
         <input_file_ref idref="fl-9"/>
      </object_component>
      <object_component id="oc-29a">
         <name>.text</name>
         <load_address>0x38cc</load_address>
         <run_address>0x38cc</run_address>
         <size>0x110</size>
         <input_file_ref idref="fl-15f"/>
      </object_component>
      <object_component id="oc-1e8">
         <name>.text</name>
         <load_address>0x39dc</load_address>
         <run_address>0x39dc</run_address>
         <size>0xfc</size>
         <input_file_ref idref="fl-151"/>
      </object_component>
      <object_component id="oc-94">
         <name>.text</name>
         <load_address>0x3ad8</load_address>
         <run_address>0x3ad8</run_address>
         <size>0xe0</size>
         <input_file_ref idref="fl-2"/>
      </object_component>
      <object_component id="oc-b2">
         <name>.text</name>
         <load_address>0x3bb8</load_address>
         <run_address>0x3bb8</run_address>
         <size>0xdc</size>
         <input_file_ref idref="fl-13b"/>
      </object_component>
      <object_component id="oc-1d6">
         <name>.text</name>
         <load_address>0x3c94</load_address>
         <run_address>0x3c94</run_address>
         <size>0xc8</size>
         <input_file_ref idref="fl-153"/>
      </object_component>
      <object_component id="oc-2dd">
         <name>.text</name>
         <load_address>0x3d5c</load_address>
         <run_address>0x3d5c</run_address>
         <size>0xbe</size>
         <input_file_ref idref="fl-169"/>
      </object_component>
      <object_component id="oc-1ca">
         <name>.text</name>
         <load_address>0x3e1a</load_address>
         <run_address>0x3e1a</run_address>
         <size>0xac</size>
         <input_file_ref idref="fl-163"/>
      </object_component>
      <object_component id="oc-48">
         <name>.text</name>
         <load_address>0x3ec6</load_address>
         <run_address>0x3ec6</run_address>
         <size>0x9c</size>
         <input_file_ref idref="fl-137"/>
      </object_component>
      <object_component id="oc-16c">
         <name>.text</name>
         <load_address>0x3f64</load_address>
         <run_address>0x3f64</run_address>
         <size>0x98</size>
         <input_file_ref idref="fl-14d"/>
      </object_component>
      <object_component id="oc-8e">
         <name>.text</name>
         <load_address>0x3ffc</load_address>
         <run_address>0x3ffc</run_address>
         <size>0x88</size>
         <input_file_ref idref="fl-7"/>
      </object_component>
      <object_component id="oc-1e3">
         <name>.text:__aeabi_cdcmple</name>
         <load_address>0x4084</load_address>
         <run_address>0x4084</run_address>
         <size>0x86</size>
         <input_file_ref idref="fl-14f"/>
      </object_component>
      <object_component id="oc-1f2">
         <name>.text:__aeabi_cdrcmple</name>
         <load_address>0x410a</load_address>
         <run_address>0x410a</run_address>
         <size>0x86</size>
         <input_file_ref idref="fl-14f"/>
      </object_component>
      <object_component id="oc-61">
         <name>.text</name>
         <load_address>0x4190</load_address>
         <run_address>0x4190</run_address>
         <size>0x7a</size>
         <input_file_ref idref="fl-138"/>
      </object_component>
      <object_component id="oc-a0">
         <name>.text</name>
         <load_address>0x420c</load_address>
         <run_address>0x420c</run_address>
         <size>0x70</size>
         <input_file_ref idref="fl-13a"/>
      </object_component>
      <object_component id="oc-9a">
         <name>.text</name>
         <load_address>0x427c</load_address>
         <run_address>0x427c</run_address>
         <size>0x70</size>
         <input_file_ref idref="fl-8"/>
      </object_component>
      <object_component id="oc-73">
         <name>.text</name>
         <load_address>0x42ec</load_address>
         <run_address>0x42ec</run_address>
         <size>0x6c</size>
         <input_file_ref idref="fl-14a"/>
      </object_component>
      <object_component id="oc-54">
         <name>.text</name>
         <load_address>0x4358</load_address>
         <run_address>0x4358</run_address>
         <size>0x6a</size>
         <input_file_ref idref="fl-131"/>
      </object_component>
      <object_component id="oc-2be">
         <name>.text</name>
         <load_address>0x43c4</load_address>
         <run_address>0x43c4</run_address>
         <size>0x68</size>
         <input_file_ref idref="fl-145"/>
      </object_component>
      <object_component id="oc-292">
         <name>.text</name>
         <load_address>0x442c</load_address>
         <run_address>0x442c</run_address>
         <size>0x66</size>
         <input_file_ref idref="fl-160"/>
      </object_component>
      <object_component id="oc-27a">
         <name>.text</name>
         <load_address>0x4494</load_address>
         <run_address>0x4494</run_address>
         <size>0x64</size>
         <input_file_ref idref="fl-166"/>
      </object_component>
      <object_component id="oc-ef">
         <name>.text</name>
         <load_address>0x44f8</load_address>
         <run_address>0x44f8</run_address>
         <size>0x60</size>
         <input_file_ref idref="fl-13c"/>
      </object_component>
      <object_component id="oc-1fc">
         <name>.text</name>
         <load_address>0x4558</load_address>
         <run_address>0x4558</run_address>
         <size>0x56</size>
         <input_file_ref idref="fl-158"/>
      </object_component>
      <object_component id="oc-212">
         <name>.text</name>
         <load_address>0x45ae</load_address>
         <run_address>0x45ae</run_address>
         <size>0x52</size>
         <input_file_ref idref="fl-157"/>
      </object_component>
      <object_component id="oc-24">
         <name>.text</name>
         <load_address>0x4600</load_address>
         <run_address>0x4600</run_address>
         <size>0x50</size>
         <input_file_ref idref="fl-12f"/>
      </object_component>
      <object_component id="oc-224">
         <name>.text</name>
         <load_address>0x4650</load_address>
         <run_address>0x4650</run_address>
         <size>0x4c</size>
         <input_file_ref idref="fl-149"/>
      </object_component>
      <object_component id="oc-11d">
         <name>.text</name>
         <load_address>0x469c</load_address>
         <run_address>0x469c</run_address>
         <size>0x4c</size>
         <input_file_ref idref="fl-14b"/>
      </object_component>
      <object_component id="oc-1f7">
         <name>.text</name>
         <load_address>0x46e8</load_address>
         <run_address>0x46e8</run_address>
         <size>0x48</size>
         <input_file_ref idref="fl-152"/>
      </object_component>
      <object_component id="oc-7f">
         <name>.text</name>
         <load_address>0x4730</load_address>
         <run_address>0x4730</run_address>
         <size>0x44</size>
         <input_file_ref idref="fl-134"/>
      </object_component>
      <object_component id="oc-32b">
         <name>.text</name>
         <load_address>0x4774</load_address>
         <run_address>0x4774</run_address>
         <size>0x40</size>
         <input_file_ref idref="fl-168"/>
      </object_component>
      <object_component id="oc-2ec">
         <name>.text</name>
         <load_address>0x47b4</load_address>
         <run_address>0x47b4</run_address>
         <size>0x34</size>
         <input_file_ref idref="fl-165"/>
      </object_component>
      <object_component id="oc-da">
         <name>.text</name>
         <load_address>0x47e8</load_address>
         <run_address>0x47e8</run_address>
         <size>0x34</size>
         <input_file_ref idref="fl-143"/>
      </object_component>
      <object_component id="oc-160">
         <name>.text</name>
         <load_address>0x481c</load_address>
         <run_address>0x481c</run_address>
         <size>0x30</size>
         <input_file_ref idref="fl-142"/>
      </object_component>
      <object_component id="oc-218">
         <name>.text</name>
         <load_address>0x484c</load_address>
         <run_address>0x484c</run_address>
         <size>0x30</size>
         <input_file_ref idref="fl-15e"/>
      </object_component>
      <object_component id="oc-2a0">
         <name>.text</name>
         <load_address>0x487c</load_address>
         <run_address>0x487c</run_address>
         <size>0x30</size>
         <input_file_ref idref="fl-161"/>
      </object_component>
      <object_component id="oc-202">
         <name>.text</name>
         <load_address>0x48ac</load_address>
         <run_address>0x48ac</run_address>
         <size>0x2e</size>
         <input_file_ref idref="fl-156"/>
      </object_component>
      <object_component id="oc-317">
         <name>.text</name>
         <load_address>0x48da</load_address>
         <run_address>0x48da</run_address>
         <size>0x2e</size>
         <input_file_ref idref="fl-167"/>
      </object_component>
      <object_component id="oc-20c">
         <name>.text</name>
         <load_address>0x4908</load_address>
         <run_address>0x4908</run_address>
         <size>0x2a</size>
         <input_file_ref idref="fl-155"/>
      </object_component>
      <object_component id="oc-1d0">
         <name>.text</name>
         <load_address>0x4932</load_address>
         <run_address>0x4932</run_address>
         <size>0x20</size>
         <input_file_ref idref="fl-15a"/>
      </object_component>
      <object_component id="oc-21e">
         <name>.text</name>
         <load_address>0x4952</load_address>
         <run_address>0x4952</run_address>
         <size>0x1c</size>
         <input_file_ref idref="fl-159"/>
      </object_component>
      <object_component id="oc-79">
         <name>.text</name>
         <load_address>0x4970</load_address>
         <run_address>0x4970</run_address>
         <size>0x18</size>
         <input_file_ref idref="fl-148"/>
      </object_component>
      <object_component id="oc-154">
         <name>.text</name>
         <load_address>0x4988</load_address>
         <run_address>0x4988</run_address>
         <size>0x18</size>
         <input_file_ref idref="fl-13f"/>
      </object_component>
      <object_component id="oc-15a">
         <name>.text</name>
         <load_address>0x49a0</load_address>
         <run_address>0x49a0</run_address>
         <size>0x16</size>
         <input_file_ref idref="fl-13e"/>
      </object_component>
      <object_component id="oc-1bc">
         <name>.text</name>
         <load_address>0x49b8</load_address>
         <run_address>0x49b8</run_address>
         <size>0x14</size>
         <input_file_ref idref="fl-146"/>
      </object_component>
      <object_component id="oc-e6">
         <name>.text</name>
         <load_address>0x49cc</load_address>
         <run_address>0x49cc</run_address>
         <size>0x14</size>
         <input_file_ref idref="fl-140"/>
      </object_component>
      <object_component id="oc-f8">
         <name>.text</name>
         <load_address>0x49e0</load_address>
         <run_address>0x49e0</run_address>
         <size>0x14</size>
         <input_file_ref idref="fl-141"/>
      </object_component>
      <object_component id="oc-12">
         <name>.text:decompress:none</name>
         <load_address>0x49f4</load_address>
         <run_address>0x49f4</run_address>
         <size>0xe</size>
         <input_file_ref idref="fl-130"/>
      </object_component>
      <object_component id="oc-1e">
         <name>.text:decompress:ZI</name>
         <load_address>0x4a02</load_address>
         <run_address>0x4a02</run_address>
         <size>0xc</size>
         <input_file_ref idref="fl-132"/>
      </object_component>
      <object_component id="oc-18">
         <name>.text:decompress:rle24</name>
         <load_address>0x4a0e</load_address>
         <run_address>0x4a0e</run_address>
         <size>0x6</size>
         <input_file_ref idref="fl-131"/>
      </object_component>
      <object_component id="oc-6d">
         <name>.text</name>
         <load_address>0x4a14</load_address>
         <run_address>0x4a14</run_address>
         <size>0x4</size>
         <input_file_ref idref="fl-139"/>
      </object_component>
      <object_component id="oc-2ac">
         <name>.const:.string:_ctypes_</name>
         <load_address>0x4a18</load_address>
         <run_address>0x4a18</run_address>
         <size>0x101</size>
         <input_file_ref idref="fl-14c"/>
      </object_component>
      <object_component id="oc-371">
         <name>.cinit..data.load</name>
         <load_address>0x4b20</load_address>
         <run_address>0x4b20</run_address>
         <size>0x103</size>
      </object_component>
      <object_component id="oc-36f">
         <name>__TI_handler_table</name>
         <load_address>0x4c24</load_address>
         <run_address>0x4c24</run_address>
         <size>0xc</size>
      </object_component>
      <object_component id="oc-372">
         <name>.cinit..bss.load</name>
         <load_address>0x4c30</load_address>
         <run_address>0x4c30</run_address>
         <size>0x8</size>
      </object_component>
      <object_component id="oc-370">
         <name>__TI_cinit_table</name>
         <load_address>0x4c38</load_address>
         <run_address>0x4c38</run_address>
         <size>0x10</size>
      </object_component>
      <object_component id="oc-2a">
         <name>.sysmem</name>
         <uninitialized>true</uninitialized>
         <run_address>0x200013a8</run_address>
         <size>0x8</size>
         <input_file_ref idref="fl-15b"/>
      </object_component>
      <object_component id="oc-374">
         <name>.sysmem</name>
         <uninitialized>true</uninitialized>
         <run_address>0x200013a8</run_address>
         <size>0x0</size>
      </object_component>
      <object_component id="oc-29">
         <name>.stack</name>
         <uninitialized>true</uninitialized>
         <run_address>0x200011a8</run_address>
         <size>0x0</size>
         <input_file_ref idref="fl-12f"/>
      </object_component>
      <object_component id="oc-373">
         <name>.stack</name>
         <uninitialized>true</uninitialized>
         <run_address>0x200011a8</run_address>
         <size>0x0</size>
      </object_component>
      <object_component id="oc-d1">
         <name>.bss:TxFifo</name>
         <uninitialized>true</uninitialized>
         <run_address>0x20000800</run_address>
         <size>0x400</size>
         <input_file_ref idref="fl-3"/>
      </object_component>
      <object_component id="oc-e3">
         <name>.bss:ESP8266_RXBuffer</name>
         <uninitialized>true</uninitialized>
         <run_address>0x20000000</run_address>
         <size>0x400</size>
         <input_file_ref idref="fl-4"/>
      </object_component>
      <object_component id="oc-f5">
         <name>.bss:ESP8266_TXBuffer</name>
         <uninitialized>true</uninitialized>
         <run_address>0x20000400</run_address>
         <size>0x400</size>
         <input_file_ref idref="fl-4"/>
      </object_component>
      <object_component id="oc-257">
         <name>.bss:__TI_tmpnams</name>
         <uninitialized>true</uninitialized>
         <run_address>0x20000d20</run_address>
         <size>0xa0</size>
         <input_file_ref idref="fl-133"/>
      </object_component>
      <object_component id="oc-301">
         <name>.bss:__CIOBUF_</name>
         <uninitialized>true</uninitialized>
         <run_address>0x20000c00</run_address>
         <size>0x120</size>
         <input_file_ref idref="fl-145"/>
      </object_component>
      <object_component id="oc-ce">
         <name>.common:RxFifo</name>
         <uninitialized>true</uninitialized>
         <run_address>0x20000de0</run_address>
         <size>0x10</size>
      </object_component>
      <object_component id="oc-ca">
         <name>.common:RxPutI</name>
         <uninitialized>true</uninitialized>
         <run_address>0x20000dfc</run_address>
         <size>0x4</size>
      </object_component>
      <object_component id="oc-cd">
         <name>.common:RxGetI</name>
         <uninitialized>true</uninitialized>
         <run_address>0x20000df8</run_address>
         <size>0x4</size>
      </object_component>
      <object_component id="oc-cf">
         <name>.common:TxPutI</name>
         <uninitialized>true</uninitialized>
         <run_address>0x20000e04</run_address>
         <size>0x4</size>
      </object_component>
      <object_component id="oc-d0">
         <name>.common:TxGetI</name>
         <uninitialized>true</uninitialized>
         <run_address>0x20000e00</run_address>
         <size>0x4</size>
      </object_component>
      <object_component id="oc-ec">
         <name>.common:SearchString</name>
         <uninitialized>true</uninitialized>
         <run_address>0x20000dc0</run_address>
         <size>0x20</size>
      </object_component>
      <object_component id="oc-2c4">
         <name>.common:parmbuf</name>
         <uninitialized>true</uninitialized>
         <run_address>0x20000df0</run_address>
         <size>0x8</size>
      </object_component>
      <object_component id="oc-e0">
         <name>.data</name>
         <load_address>0x2000114c</load_address>
         <run_address>0x2000114c</run_address>
         <size>0x12</size>
         <input_file_ref idref="fl-4"/>
      </object_component>
      <object_component id="oc-fe">
         <name>.data:Fetch</name>
         <load_address>0x200010f8</load_address>
         <run_address>0x200010f8</run_address>
         <size>0x51</size>
         <input_file_ref idref="fl-4"/>
      </object_component>
      <object_component id="oc-b8">
         <name>.data</name>
         <load_address>0x2000117c</load_address>
         <run_address>0x2000117c</run_address>
         <size>0x8</size>
         <input_file_ref idref="fl-6"/>
      </object_component>
      <object_component id="oc-bb">
         <name>.data:_ftable</name>
         <load_address>0x20000e08</load_address>
         <run_address>0x20000e08</run_address>
         <size>0xf0</size>
         <input_file_ref idref="fl-133"/>
      </object_component>
      <object_component id="oc-172">
         <name>.data</name>
         <load_address>0x20001160</load_address>
         <run_address>0x20001160</run_address>
         <size>0x10</size>
         <input_file_ref idref="fl-133"/>
      </object_component>
      <object_component id="oc-12a">
         <name>.data</name>
         <load_address>0x2000118c</load_address>
         <run_address>0x2000118c</run_address>
         <size>0x8</size>
         <input_file_ref idref="fl-134"/>
      </object_component>
      <object_component id="oc-175">
         <name>.data</name>
         <load_address>0x200011a0</load_address>
         <run_address>0x200011a0</run_address>
         <size>0x4</size>
         <input_file_ref idref="fl-135"/>
      </object_component>
      <object_component id="oc-166">
         <name>.data</name>
         <load_address>0x20000ef8</load_address>
         <run_address>0x20000ef8</run_address>
         <size>0xd0</size>
         <input_file_ref idref="fl-136"/>
      </object_component>
      <object_component id="oc-85">
         <name>.data</name>
         <load_address>0x200011a4</load_address>
         <run_address>0x200011a4</run_address>
         <size>0x4</size>
         <input_file_ref idref="fl-13d"/>
      </object_component>
      <object_component id="oc-127">
         <name>.data</name>
         <load_address>0x20001184</load_address>
         <run_address>0x20001184</run_address>
         <size>0x8</size>
         <input_file_ref idref="fl-146"/>
      </object_component>
      <object_component id="oc-260">
         <name>.data</name>
         <load_address>0x20001170</load_address>
         <run_address>0x20001170</run_address>
         <size>0xc</size>
         <input_file_ref idref="fl-15b"/>
      </object_component>
      <object_component id="oc-2e7">
         <name>.data</name>
         <load_address>0x20001078</load_address>
         <run_address>0x20001078</run_address>
         <size>0x80</size>
         <input_file_ref idref="fl-162"/>
      </object_component>
      <object_component id="oc-2f2">
         <name>.data</name>
         <load_address>0x2000119c</load_address>
         <run_address>0x2000119c</run_address>
         <size>0x4</size>
         <input_file_ref idref="fl-164"/>
      </object_component>
      <object_component id="oc-31d">
         <name>.data</name>
         <load_address>0x20001194</load_address>
         <run_address>0x20001194</run_address>
         <size>0x8</size>
         <input_file_ref idref="fl-165"/>
      </object_component>
      <object_component id="oc-33c">
         <name>.data:sigtable</name>
         <load_address>0x20000fc8</load_address>
         <run_address>0x20000fc8</run_address>
         <size>0xb0</size>
         <input_file_ref idref="fl-168"/>
      </object_component>
      <object_component id="oc-95">
         <name>.debug_info</name>
         <load_address>0x0</load_address>
         <run_address>0x0</run_address>
         <size>0x34c</size>
         <input_file_ref idref="fl-2"/>
      </object_component>
      <object_component id="oc-bf">
         <name>.debug_info</name>
         <load_address>0x34c</load_address>
         <run_address>0x34c</run_address>
         <size>0x84</size>
         <input_file_ref idref="fl-2"/>
      </object_component>
      <object_component id="oc-d5">
         <name>.debug_info</name>
         <load_address>0x3d0</load_address>
         <run_address>0x3d0</run_address>
         <size>0x18b</size>
         <input_file_ref idref="fl-2"/>
      </object_component>
      <object_component id="oc-cb">
         <name>.debug_info</name>
         <load_address>0x55b</load_address>
         <run_address>0x55b</run_address>
         <size>0x1c1</size>
         <input_file_ref idref="fl-3"/>
      </object_component>
      <object_component id="oc-d2">
         <name>.debug_info</name>
         <load_address>0x71c</load_address>
         <run_address>0x71c</run_address>
         <size>0xd6</size>
         <input_file_ref idref="fl-3"/>
      </object_component>
      <object_component id="oc-3a">
         <name>.debug_info</name>
         <load_address>0x7f2</load_address>
         <run_address>0x7f2</run_address>
         <size>0xcd6</size>
         <input_file_ref idref="fl-3"/>
      </object_component>
      <object_component id="oc-ed">
         <name>.debug_info</name>
         <load_address>0x14c8</load_address>
         <run_address>0x14c8</run_address>
         <size>0x2be</size>
         <input_file_ref idref="fl-4"/>
      </object_component>
      <object_component id="oc-e1">
         <name>.debug_info</name>
         <load_address>0x1786</load_address>
         <run_address>0x1786</run_address>
         <size>0x3a0</size>
         <input_file_ref idref="fl-4"/>
      </object_component>
      <object_component id="oc-e4">
         <name>.debug_info</name>
         <load_address>0x1b26</load_address>
         <run_address>0x1b26</run_address>
         <size>0xee</size>
         <input_file_ref idref="fl-4"/>
      </object_component>
      <object_component id="oc-f6">
         <name>.debug_info</name>
         <load_address>0x1c14</load_address>
         <run_address>0x1c14</run_address>
         <size>0xee</size>
         <input_file_ref idref="fl-4"/>
      </object_component>
      <object_component id="oc-ff">
         <name>.debug_info</name>
         <load_address>0x1d02</load_address>
         <run_address>0x1d02</run_address>
         <size>0xd9</size>
         <input_file_ref idref="fl-4"/>
      </object_component>
      <object_component id="oc-40">
         <name>.debug_info</name>
         <load_address>0x1ddb</load_address>
         <run_address>0x1ddb</run_address>
         <size>0x1599</size>
         <input_file_ref idref="fl-4"/>
      </object_component>
      <object_component id="oc-18c">
         <name>.debug_info</name>
         <load_address>0x3374</load_address>
         <run_address>0x3374</run_address>
         <size>0xc8</size>
         <input_file_ref idref="fl-4"/>
      </object_component>
      <object_component id="oc-102">
         <name>.debug_info</name>
         <load_address>0x343c</load_address>
         <run_address>0x343c</run_address>
         <size>0x8b</size>
         <input_file_ref idref="fl-4"/>
      </object_component>
      <object_component id="oc-14f">
         <name>.debug_info</name>
         <load_address>0x34c7</load_address>
         <run_address>0x34c7</run_address>
         <size>0x4e</size>
         <input_file_ref idref="fl-4"/>
      </object_component>
      <object_component id="oc-114">
         <name>.debug_info</name>
         <load_address>0x3515</load_address>
         <run_address>0x3515</run_address>
         <size>0x2c</size>
         <input_file_ref idref="fl-5"/>
      </object_component>
      <object_component id="oc-c4">
         <name>.debug_info</name>
         <load_address>0x3541</load_address>
         <run_address>0x3541</run_address>
         <size>0x58e</size>
         <input_file_ref idref="fl-6"/>
      </object_component>
      <object_component id="oc-b9">
         <name>.debug_info</name>
         <load_address>0x3acf</load_address>
         <run_address>0x3acf</run_address>
         <size>0xf2</size>
         <input_file_ref idref="fl-6"/>
      </object_component>
      <object_component id="oc-34">
         <name>.debug_info</name>
         <load_address>0x3bc1</load_address>
         <run_address>0x3bc1</run_address>
         <size>0x8fc</size>
         <input_file_ref idref="fl-6"/>
      </object_component>
      <object_component id="oc-c5">
         <name>.debug_info</name>
         <load_address>0x44bd</load_address>
         <run_address>0x44bd</run_address>
         <size>0x2c</size>
         <input_file_ref idref="fl-6"/>
      </object_component>
      <object_component id="oc-8f">
         <name>.debug_info</name>
         <load_address>0x44e9</load_address>
         <run_address>0x44e9</run_address>
         <size>0x125</size>
         <input_file_ref idref="fl-7"/>
      </object_component>
      <object_component id="oc-9b">
         <name>.debug_info</name>
         <load_address>0x460e</load_address>
         <run_address>0x460e</run_address>
         <size>0x24e</size>
         <input_file_ref idref="fl-8"/>
      </object_component>
      <object_component id="oc-47">
         <name>.debug_info</name>
         <load_address>0x485c</load_address>
         <run_address>0x485c</run_address>
         <size>0x112</size>
         <input_file_ref idref="fl-9"/>
      </object_component>
      <object_component id="oc-10">
         <name>.debug_info</name>
         <load_address>0x496e</load_address>
         <run_address>0x496e</run_address>
         <size>0xf7</size>
         <input_file_ref idref="fl-9"/>
      </object_component>
      <object_component id="oc-2e">
         <name>.debug_info</name>
         <load_address>0x4a65</load_address>
         <run_address>0x4a65</run_address>
         <size>0x39d2</size>
         <input_file_ref idref="fl-9"/>
      </object_component>
      <object_component id="oc-25">
         <name>.debug_info</name>
         <load_address>0x8437</load_address>
         <run_address>0x8437</run_address>
         <size>0x136</size>
         <input_file_ref idref="fl-12f"/>
      </object_component>
      <object_component id="oc-53">
         <name>.debug_info</name>
         <load_address>0x856d</load_address>
         <run_address>0x856d</run_address>
         <size>0x123</size>
         <input_file_ref idref="fl-130"/>
      </object_component>
      <object_component id="oc-16">
         <name>.debug_info</name>
         <load_address>0x8690</load_address>
         <run_address>0x8690</run_address>
         <size>0x1c2</size>
         <input_file_ref idref="fl-130"/>
      </object_component>
      <object_component id="oc-4e">
         <name>.debug_info</name>
         <load_address>0x8852</load_address>
         <run_address>0x8852</run_address>
         <size>0x46</size>
         <input_file_ref idref="fl-130"/>
      </object_component>
      <object_component id="oc-10a">
         <name>.debug_info</name>
         <load_address>0x8898</load_address>
         <run_address>0x8898</run_address>
         <size>0x2c</size>
         <input_file_ref idref="fl-130"/>
      </object_component>
      <object_component id="oc-5b">
         <name>.debug_info</name>
         <load_address>0x88c4</load_address>
         <run_address>0x88c4</run_address>
         <size>0x117</size>
         <input_file_ref idref="fl-131"/>
      </object_component>
      <object_component id="oc-57">
         <name>.debug_info</name>
         <load_address>0x89db</load_address>
         <run_address>0x89db</run_address>
         <size>0x22a</size>
         <input_file_ref idref="fl-131"/>
      </object_component>
      <object_component id="oc-1b">
         <name>.debug_info</name>
         <load_address>0x8c05</load_address>
         <run_address>0x8c05</run_address>
         <size>0x194</size>
         <input_file_ref idref="fl-131"/>
      </object_component>
      <object_component id="oc-5c">
         <name>.debug_info</name>
         <load_address>0x8d99</load_address>
         <run_address>0x8d99</run_address>
         <size>0x39</size>
         <input_file_ref idref="fl-131"/>
      </object_component>
      <object_component id="oc-6c">
         <name>.debug_info</name>
         <load_address>0x8dd2</load_address>
         <run_address>0x8dd2</run_address>
         <size>0x112</size>
         <input_file_ref idref="fl-132"/>
      </object_component>
      <object_component id="oc-22">
         <name>.debug_info</name>
         <load_address>0x8ee4</load_address>
         <run_address>0x8ee4</run_address>
         <size>0x18d</size>
         <input_file_ref idref="fl-132"/>
      </object_component>
      <object_component id="oc-67">
         <name>.debug_info</name>
         <load_address>0x9071</load_address>
         <run_address>0x9071</run_address>
         <size>0x46</size>
         <input_file_ref idref="fl-132"/>
      </object_component>
      <object_component id="oc-189">
         <name>.debug_info</name>
         <load_address>0x90b7</load_address>
         <run_address>0x90b7</run_address>
         <size>0xf3</size>
         <input_file_ref idref="fl-133"/>
      </object_component>
      <object_component id="oc-bc">
         <name>.debug_info</name>
         <load_address>0x91aa</load_address>
         <run_address>0x91aa</run_address>
         <size>0xda</size>
         <input_file_ref idref="fl-133"/>
      </object_component>
      <object_component id="oc-258">
         <name>.debug_info</name>
         <load_address>0x9284</load_address>
         <run_address>0x9284</run_address>
         <size>0xe4</size>
         <input_file_ref idref="fl-133"/>
      </object_component>
      <object_component id="oc-173">
         <name>.debug_info</name>
         <load_address>0x9368</load_address>
         <run_address>0x9368</run_address>
         <size>0x167</size>
         <input_file_ref idref="fl-133"/>
      </object_component>
      <object_component id="oc-23d">
         <name>.debug_info</name>
         <load_address>0x94cf</load_address>
         <run_address>0x94cf</run_address>
         <size>0xae</size>
         <input_file_ref idref="fl-133"/>
      </object_component>
      <object_component id="oc-12e">
         <name>.debug_info</name>
         <load_address>0x957d</load_address>
         <run_address>0x957d</run_address>
         <size>0x174</size>
         <input_file_ref idref="fl-134"/>
      </object_component>
      <object_component id="oc-12b">
         <name>.debug_info</name>
         <load_address>0x96f1</load_address>
         <run_address>0x96f1</run_address>
         <size>0x119</size>
         <input_file_ref idref="fl-134"/>
      </object_component>
      <object_component id="oc-81">
         <name>.debug_info</name>
         <load_address>0x980a</load_address>
         <run_address>0x980a</run_address>
         <size>0x1f0</size>
         <input_file_ref idref="fl-134"/>
      </object_component>
      <object_component id="oc-177">
         <name>.debug_info</name>
         <load_address>0x99fa</load_address>
         <run_address>0x99fa</run_address>
         <size>0x21f</size>
         <input_file_ref idref="fl-135"/>
      </object_component>
      <object_component id="oc-ad">
         <name>.debug_info</name>
         <load_address>0x9c19</load_address>
         <run_address>0x9c19</run_address>
         <size>0x438</size>
         <input_file_ref idref="fl-135"/>
      </object_component>
      <object_component id="oc-134">
         <name>.debug_info</name>
         <load_address>0xa051</load_address>
         <run_address>0xa051</run_address>
         <size>0x2c</size>
         <input_file_ref idref="fl-135"/>
      </object_component>
      <object_component id="oc-16a">
         <name>.debug_info</name>
         <load_address>0xa07d</load_address>
         <run_address>0xa07d</run_address>
         <size>0x483</size>
         <input_file_ref idref="fl-136"/>
      </object_component>
      <object_component id="oc-167">
         <name>.debug_info</name>
         <load_address>0xa500</load_address>
         <run_address>0xa500</run_address>
         <size>0xf9</size>
         <input_file_ref idref="fl-136"/>
      </object_component>
      <object_component id="oc-a7">
         <name>.debug_info</name>
         <load_address>0xa5f9</load_address>
         <run_address>0xa5f9</run_address>
         <size>0xaee</size>
         <input_file_ref idref="fl-136"/>
      </object_component>
      <object_component id="oc-252">
         <name>.debug_info</name>
         <load_address>0xb0e7</load_address>
         <run_address>0xb0e7</run_address>
         <size>0x120</size>
         <input_file_ref idref="fl-136"/>
      </object_component>
      <object_component id="oc-231">
         <name>.debug_info</name>
         <load_address>0xb207</load_address>
         <run_address>0xb207</run_address>
         <size>0x2c</size>
         <input_file_ref idref="fl-136"/>
      </object_component>
      <object_component id="oc-4a">
         <name>.debug_info</name>
         <load_address>0xb233</load_address>
         <run_address>0xb233</run_address>
         <size>0xf8</size>
         <input_file_ref idref="fl-137"/>
      </object_component>
      <object_component id="oc-62">
         <name>.debug_info</name>
         <load_address>0xb32b</load_address>
         <run_address>0xb32b</run_address>
         <size>0x126</size>
         <input_file_ref idref="fl-138"/>
      </object_component>
      <object_component id="oc-6e">
         <name>.debug_info</name>
         <load_address>0xb451</load_address>
         <run_address>0xb451</run_address>
         <size>0x12b</size>
         <input_file_ref idref="fl-139"/>
      </object_component>
      <object_component id="oc-14e">
         <name>.debug_info</name>
         <load_address>0xb57c</load_address>
         <run_address>0xb57c</run_address>
         <size>0x20f</size>
         <input_file_ref idref="fl-13a"/>
      </object_component>
      <object_component id="oc-a1">
         <name>.debug_info</name>
         <load_address>0xb78b</load_address>
         <run_address>0xb78b</run_address>
         <size>0x267</size>
         <input_file_ref idref="fl-13a"/>
      </object_component>
      <object_component id="oc-17f">
         <name>.debug_info</name>
         <load_address>0xb9f2</load_address>
         <run_address>0xb9f2</run_address>
         <size>0x1a3</size>
         <input_file_ref idref="fl-13b"/>
      </object_component>
      <object_component id="oc-b3">
         <name>.debug_info</name>
         <load_address>0xbb95</load_address>
         <run_address>0xbb95</run_address>
         <size>0x1e3</size>
         <input_file_ref idref="fl-13b"/>
      </object_component>
      <object_component id="oc-180">
         <name>.debug_info</name>
         <load_address>0xbd78</load_address>
         <run_address>0xbd78</run_address>
         <size>0xbb</size>
         <input_file_ref idref="fl-13b"/>
      </object_component>
      <object_component id="oc-1a0">
         <name>.debug_info</name>
         <load_address>0xbe33</load_address>
         <run_address>0xbe33</run_address>
         <size>0x19e</size>
         <input_file_ref idref="fl-13c"/>
      </object_component>
      <object_component id="oc-f0">
         <name>.debug_info</name>
         <load_address>0xbfd1</load_address>
         <run_address>0xbfd1</run_address>
         <size>0x2c7</size>
         <input_file_ref idref="fl-13c"/>
      </object_component>
      <object_component id="oc-86">
         <name>.debug_info</name>
         <load_address>0xc298</load_address>
         <run_address>0xc298</run_address>
         <size>0xec</size>
         <input_file_ref idref="fl-13d"/>
      </object_component>
      <object_component id="oc-245">
         <name>.debug_info</name>
         <load_address>0xc384</load_address>
         <run_address>0xc384</run_address>
         <size>0xd8</size>
         <input_file_ref idref="fl-13e"/>
      </object_component>
      <object_component id="oc-15b">
         <name>.debug_info</name>
         <load_address>0xc45c</load_address>
         <run_address>0xc45c</run_address>
         <size>0x1f7</size>
         <input_file_ref idref="fl-13e"/>
      </object_component>
      <object_component id="oc-243">
         <name>.debug_info</name>
         <load_address>0xc653</load_address>
         <run_address>0xc653</run_address>
         <size>0xc8</size>
         <input_file_ref idref="fl-13f"/>
      </object_component>
      <object_component id="oc-155">
         <name>.debug_info</name>
         <load_address>0xc71b</load_address>
         <run_address>0xc71b</run_address>
         <size>0x20b</size>
         <input_file_ref idref="fl-13f"/>
      </object_component>
      <object_component id="oc-19c">
         <name>.debug_info</name>
         <load_address>0xc926</load_address>
         <run_address>0xc926</run_address>
         <size>0xd3</size>
         <input_file_ref idref="fl-140"/>
      </object_component>
      <object_component id="oc-e7">
         <name>.debug_info</name>
         <load_address>0xc9f9</load_address>
         <run_address>0xc9f9</run_address>
         <size>0x1e4</size>
         <input_file_ref idref="fl-140"/>
      </object_component>
      <object_component id="oc-1a4">
         <name>.debug_info</name>
         <load_address>0xcbdd</load_address>
         <run_address>0xcbdd</run_address>
         <size>0xcd</size>
         <input_file_ref idref="fl-141"/>
      </object_component>
      <object_component id="oc-f9">
         <name>.debug_info</name>
         <load_address>0xccaa</load_address>
         <run_address>0xccaa</run_address>
         <size>0x1dd</size>
         <input_file_ref idref="fl-141"/>
      </object_component>
      <object_component id="oc-247">
         <name>.debug_info</name>
         <load_address>0xce87</load_address>
         <run_address>0xce87</run_address>
         <size>0xd9</size>
         <input_file_ref idref="fl-142"/>
      </object_component>
      <object_component id="oc-161">
         <name>.debug_info</name>
         <load_address>0xcf60</load_address>
         <run_address>0xcf60</run_address>
         <size>0x20c</size>
         <input_file_ref idref="fl-142"/>
      </object_component>
      <object_component id="oc-196">
         <name>.debug_info</name>
         <load_address>0xd16c</load_address>
         <run_address>0xd16c</run_address>
         <size>0xd3</size>
         <input_file_ref idref="fl-143"/>
      </object_component>
      <object_component id="oc-de">
         <name>.debug_info</name>
         <load_address>0xd23f</load_address>
         <run_address>0xd23f</run_address>
         <size>0x1a9</size>
         <input_file_ref idref="fl-143"/>
      </object_component>
      <object_component id="oc-2c5">
         <name>.debug_info</name>
         <load_address>0xd3e8</load_address>
         <run_address>0xd3e8</run_address>
         <size>0x250</size>
         <input_file_ref idref="fl-144"/>
      </object_component>
      <object_component id="oc-249">
         <name>.debug_info</name>
         <load_address>0xd638</load_address>
         <run_address>0xd638</run_address>
         <size>0xa10</size>
         <input_file_ref idref="fl-144"/>
      </object_component>
      <object_component id="oc-2c8">
         <name>.debug_info</name>
         <load_address>0xe048</load_address>
         <run_address>0xe048</run_address>
         <size>0x39</size>
         <input_file_ref idref="fl-144"/>
      </object_component>
      <object_component id="oc-305">
         <name>.debug_info</name>
         <load_address>0xe081</load_address>
         <run_address>0xe081</run_address>
         <size>0xf8</size>
         <input_file_ref idref="fl-145"/>
      </object_component>
      <object_component id="oc-302">
         <name>.debug_info</name>
         <load_address>0xe179</load_address>
         <run_address>0xe179</run_address>
         <size>0xe0</size>
         <input_file_ref idref="fl-145"/>
      </object_component>
      <object_component id="oc-2bf">
         <name>.debug_info</name>
         <load_address>0xe259</load_address>
         <run_address>0xe259</run_address>
         <size>0x264</size>
         <input_file_ref idref="fl-145"/>
      </object_component>
      <object_component id="oc-1c4">
         <name>.debug_info</name>
         <load_address>0xe4bd</load_address>
         <run_address>0xe4bd</run_address>
         <size>0x107</size>
         <input_file_ref idref="fl-146"/>
      </object_component>
      <object_component id="oc-128">
         <name>.debug_info</name>
         <load_address>0xe5c4</load_address>
         <run_address>0xe5c4</run_address>
         <size>0xf6</size>
         <input_file_ref idref="fl-146"/>
      </object_component>
      <object_component id="oc-1bd">
         <name>.debug_info</name>
         <load_address>0xe6ba</load_address>
         <run_address>0xe6ba</run_address>
         <size>0x202</size>
         <input_file_ref idref="fl-146"/>
      </object_component>
      <object_component id="oc-22b">
         <name>.debug_info</name>
         <load_address>0xe8bc</load_address>
         <run_address>0xe8bc</run_address>
         <size>0x3a9</size>
         <input_file_ref idref="fl-147"/>
      </object_component>
      <object_component id="oc-148">
         <name>.debug_info</name>
         <load_address>0xec65</load_address>
         <run_address>0xec65</run_address>
         <size>0x17ec</size>
         <input_file_ref idref="fl-147"/>
      </object_component>
      <object_component id="oc-22c">
         <name>.debug_info</name>
         <load_address>0x10451</load_address>
         <run_address>0x10451</run_address>
         <size>0x86</size>
         <input_file_ref idref="fl-147"/>
      </object_component>
      <object_component id="oc-2b3">
         <name>.debug_info</name>
         <load_address>0x104d7</load_address>
         <run_address>0x104d7</run_address>
         <size>0x46</size>
         <input_file_ref idref="fl-147"/>
      </object_component>
      <object_component id="oc-236">
         <name>.debug_info</name>
         <load_address>0x1051d</load_address>
         <run_address>0x1051d</run_address>
         <size>0x39</size>
         <input_file_ref idref="fl-147"/>
      </object_component>
      <object_component id="oc-126">
         <name>.debug_info</name>
         <load_address>0x10556</load_address>
         <run_address>0x10556</run_address>
         <size>0x149</size>
         <input_file_ref idref="fl-148"/>
      </object_component>
      <object_component id="oc-7a">
         <name>.debug_info</name>
         <load_address>0x1069f</load_address>
         <run_address>0x1069f</run_address>
         <size>0x14a</size>
         <input_file_ref idref="fl-148"/>
      </object_component>
      <object_component id="oc-1b7">
         <name>.debug_info</name>
         <load_address>0x107e9</load_address>
         <run_address>0x107e9</run_address>
         <size>0x5e</size>
         <input_file_ref idref="fl-148"/>
      </object_component>
      <object_component id="oc-2b0">
         <name>.debug_info</name>
         <load_address>0x10847</load_address>
         <run_address>0x10847</run_address>
         <size>0xf7</size>
         <input_file_ref idref="fl-149"/>
      </object_component>
      <object_component id="oc-225">
         <name>.debug_info</name>
         <load_address>0x1093e</load_address>
         <run_address>0x1093e</run_address>
         <size>0x154</size>
         <input_file_ref idref="fl-149"/>
      </object_component>
      <object_component id="oc-124">
         <name>.debug_info</name>
         <load_address>0x10a92</load_address>
         <run_address>0x10a92</run_address>
         <size>0x2a0</size>
         <input_file_ref idref="fl-14a"/>
      </object_component>
      <object_component id="oc-74">
         <name>.debug_info</name>
         <load_address>0x10d32</load_address>
         <run_address>0x10d32</run_address>
         <size>0x15a</size>
         <input_file_ref idref="fl-14a"/>
      </object_component>
      <object_component id="oc-1ab">
         <name>.debug_info</name>
         <load_address>0x10e8c</load_address>
         <run_address>0x10e8c</run_address>
         <size>0x39</size>
         <input_file_ref idref="fl-14a"/>
      </object_component>
      <object_component id="oc-1b0">
         <name>.debug_info</name>
         <load_address>0x10ec5</load_address>
         <run_address>0x10ec5</run_address>
         <size>0xcd</size>
         <input_file_ref idref="fl-14a"/>
      </object_component>
      <object_component id="oc-1a8">
         <name>.debug_info</name>
         <load_address>0x10f92</load_address>
         <run_address>0x10f92</run_address>
         <size>0x1c3</size>
         <input_file_ref idref="fl-14b"/>
      </object_component>
      <object_component id="oc-11e">
         <name>.debug_info</name>
         <load_address>0x11155</load_address>
         <run_address>0x11155</run_address>
         <size>0x166</size>
         <input_file_ref idref="fl-14b"/>
      </object_component>
      <object_component id="oc-272">
         <name>.debug_info</name>
         <load_address>0x112bb</load_address>
         <run_address>0x112bb</run_address>
         <size>0x2c</size>
         <input_file_ref idref="fl-14b"/>
      </object_component>
      <object_component id="oc-2fe">
         <name>.debug_info</name>
         <load_address>0x112e7</load_address>
         <run_address>0x112e7</run_address>
         <size>0xd1</size>
         <input_file_ref idref="fl-14c"/>
      </object_component>
      <object_component id="oc-2ad">
         <name>.debug_info</name>
         <load_address>0x113b8</load_address>
         <run_address>0x113b8</run_address>
         <size>0xdd</size>
         <input_file_ref idref="fl-14c"/>
      </object_component>
      <object_component id="oc-25b">
         <name>.debug_info</name>
         <load_address>0x11495</load_address>
         <run_address>0x11495</run_address>
         <size>0x1e3</size>
         <input_file_ref idref="fl-14d"/>
      </object_component>
      <object_component id="oc-16d">
         <name>.debug_info</name>
         <load_address>0x11678</load_address>
         <run_address>0x11678</run_address>
         <size>0x27b</size>
         <input_file_ref idref="fl-14d"/>
      </object_component>
      <object_component id="oc-209">
         <name>.debug_info</name>
         <load_address>0x118f3</load_address>
         <run_address>0x118f3</run_address>
         <size>0x12b</size>
         <input_file_ref idref="fl-14e"/>
      </object_component>
      <object_component id="oc-1e4">
         <name>.debug_info</name>
         <load_address>0x11a1e</load_address>
         <run_address>0x11a1e</run_address>
         <size>0x107</size>
         <input_file_ref idref="fl-14f"/>
      </object_component>
      <object_component id="oc-1f3">
         <name>.debug_info</name>
         <load_address>0x11b25</load_address>
         <run_address>0x11b25</run_address>
         <size>0x109</size>
         <input_file_ref idref="fl-14f"/>
      </object_component>
      <object_component id="oc-1ee">
         <name>.debug_info</name>
         <load_address>0x11c2e</load_address>
         <run_address>0x11c2e</run_address>
         <size>0x119</size>
         <input_file_ref idref="fl-150"/>
      </object_component>
      <object_component id="oc-1e9">
         <name>.debug_info</name>
         <load_address>0x11d47</load_address>
         <run_address>0x11d47</run_address>
         <size>0x119</size>
         <input_file_ref idref="fl-151"/>
      </object_component>
      <object_component id="oc-1f8">
         <name>.debug_info</name>
         <load_address>0x11e60</load_address>
         <run_address>0x11e60</run_address>
         <size>0x10d</size>
         <input_file_ref idref="fl-152"/>
      </object_component>
      <object_component id="oc-285">
         <name>.debug_info</name>
         <load_address>0x11f6d</load_address>
         <run_address>0x11f6d</run_address>
         <size>0x185</size>
         <input_file_ref idref="fl-153"/>
      </object_component>
      <object_component id="oc-1d7">
         <name>.debug_info</name>
         <load_address>0x120f2</load_address>
         <run_address>0x120f2</run_address>
         <size>0x23d</size>
         <input_file_ref idref="fl-153"/>
      </object_component>
      <object_component id="oc-1dd">
         <name>.debug_info</name>
         <load_address>0x1232f</load_address>
         <run_address>0x1232f</run_address>
         <size>0x285</size>
         <input_file_ref idref="fl-154"/>
      </object_component>
      <object_component id="oc-143">
         <name>.debug_info</name>
         <load_address>0x125b4</load_address>
         <run_address>0x125b4</run_address>
         <size>0x33c</size>
         <input_file_ref idref="fl-154"/>
      </object_component>
      <object_component id="oc-299">
         <name>.debug_info</name>
         <load_address>0x128f0</load_address>
         <run_address>0x128f0</run_address>
         <size>0x16f</size>
         <input_file_ref idref="fl-155"/>
      </object_component>
      <object_component id="oc-20d">
         <name>.debug_info</name>
         <load_address>0x12a5f</load_address>
         <run_address>0x12a5f</run_address>
         <size>0x170</size>
         <input_file_ref idref="fl-155"/>
      </object_component>
      <object_component id="oc-203">
         <name>.debug_info</name>
         <load_address>0x12bcf</load_address>
         <run_address>0x12bcf</run_address>
         <size>0x10b</size>
         <input_file_ref idref="fl-156"/>
      </object_component>
      <object_component id="oc-2a7">
         <name>.debug_info</name>
         <load_address>0x12cda</load_address>
         <run_address>0x12cda</run_address>
         <size>0x171</size>
         <input_file_ref idref="fl-157"/>
      </object_component>
      <object_component id="oc-214">
         <name>.debug_info</name>
         <load_address>0x12e4b</load_address>
         <run_address>0x12e4b</run_address>
         <size>0x167</size>
         <input_file_ref idref="fl-157"/>
      </object_component>
      <object_component id="oc-28f">
         <name>.debug_info</name>
         <load_address>0x12fb2</load_address>
         <run_address>0x12fb2</run_address>
         <size>0x12f</size>
         <input_file_ref idref="fl-158"/>
      </object_component>
      <object_component id="oc-1fd">
         <name>.debug_info</name>
         <load_address>0x130e1</load_address>
         <run_address>0x130e1</run_address>
         <size>0x1a5</size>
         <input_file_ref idref="fl-158"/>
      </object_component>
      <object_component id="oc-2ab">
         <name>.debug_info</name>
         <load_address>0x13286</load_address>
         <run_address>0x13286</run_address>
         <size>0xd4</size>
         <input_file_ref idref="fl-159"/>
      </object_component>
      <object_component id="oc-21f">
         <name>.debug_info</name>
         <load_address>0x1335a</load_address>
         <run_address>0x1335a</run_address>
         <size>0x18e</size>
         <input_file_ref idref="fl-159"/>
      </object_component>
      <object_component id="oc-283">
         <name>.debug_info</name>
         <load_address>0x134e8</load_address>
         <run_address>0x134e8</run_address>
         <size>0xe3</size>
         <input_file_ref idref="fl-15a"/>
      </object_component>
      <object_component id="oc-1d1">
         <name>.debug_info</name>
         <load_address>0x135cb</load_address>
         <run_address>0x135cb</run_address>
         <size>0x1f5</size>
         <input_file_ref idref="fl-15a"/>
      </object_component>
      <object_component id="oc-8b">
         <name>.debug_info</name>
         <load_address>0x137c0</load_address>
         <run_address>0x137c0</run_address>
         <size>0x205</size>
         <input_file_ref idref="fl-15b"/>
      </object_component>
      <object_component id="oc-2b">
         <name>.debug_info</name>
         <load_address>0x139c5</load_address>
         <run_address>0x139c5</run_address>
         <size>0xe4</size>
         <input_file_ref idref="fl-15b"/>
      </object_component>
      <object_component id="oc-261">
         <name>.debug_info</name>
         <load_address>0x13aa9</load_address>
         <run_address>0x13aa9</run_address>
         <size>0x12f</size>
         <input_file_ref idref="fl-15b"/>
      </object_component>
      <object_component id="oc-179">
         <name>.debug_info</name>
         <load_address>0x13bd8</load_address>
         <run_address>0x13bd8</run_address>
         <size>0x86e</size>
         <input_file_ref idref="fl-15b"/>
      </object_component>
      <object_component id="oc-139">
         <name>.debug_info</name>
         <load_address>0x14446</load_address>
         <run_address>0x14446</run_address>
         <size>0x62</size>
         <input_file_ref idref="fl-15b"/>
      </object_component>
      <object_component id="oc-1e0">
         <name>.debug_info</name>
         <load_address>0x144a8</load_address>
         <run_address>0x144a8</run_address>
         <size>0x164</size>
         <input_file_ref idref="fl-15d"/>
      </object_component>
      <object_component id="oc-2a9">
         <name>.debug_info</name>
         <load_address>0x1460c</load_address>
         <run_address>0x1460c</run_address>
         <size>0x122</size>
         <input_file_ref idref="fl-15e"/>
      </object_component>
      <object_component id="oc-219">
         <name>.debug_info</name>
         <load_address>0x1472e</load_address>
         <run_address>0x1472e</run_address>
         <size>0x13c</size>
         <input_file_ref idref="fl-15e"/>
      </object_component>
      <object_component id="oc-2eb">
         <name>.debug_info</name>
         <load_address>0x1486a</load_address>
         <run_address>0x1486a</run_address>
         <size>0x182</size>
         <input_file_ref idref="fl-15f"/>
      </object_component>
      <object_component id="oc-29c">
         <name>.debug_info</name>
         <load_address>0x149ec</load_address>
         <run_address>0x149ec</run_address>
         <size>0x194</size>
         <input_file_ref idref="fl-15f"/>
      </object_component>
      <object_component id="oc-310">
         <name>.debug_info</name>
         <load_address>0x14b80</load_address>
         <run_address>0x14b80</run_address>
         <size>0x86</size>
         <input_file_ref idref="fl-15f"/>
      </object_component>
      <object_component id="oc-2e4">
         <name>.debug_info</name>
         <load_address>0x14c06</load_address>
         <run_address>0x14c06</run_address>
         <size>0x16c</size>
         <input_file_ref idref="fl-160"/>
      </object_component>
      <object_component id="oc-294">
         <name>.debug_info</name>
         <load_address>0x14d72</load_address>
         <run_address>0x14d72</run_address>
         <size>0x175</size>
         <input_file_ref idref="fl-160"/>
      </object_component>
      <object_component id="oc-2a2">
         <name>.debug_info</name>
         <load_address>0x14ee7</load_address>
         <run_address>0x14ee7</run_address>
         <size>0x155</size>
         <input_file_ref idref="fl-161"/>
      </object_component>
      <object_component id="oc-2e8">
         <name>.debug_info</name>
         <load_address>0x1503c</load_address>
         <run_address>0x1503c</run_address>
         <size>0x1b7</size>
         <input_file_ref idref="fl-162"/>
      </object_component>
      <object_component id="oc-281">
         <name>.debug_info</name>
         <load_address>0x151f3</load_address>
         <run_address>0x151f3</run_address>
         <size>0x134</size>
         <input_file_ref idref="fl-163"/>
      </object_component>
      <object_component id="oc-1cb">
         <name>.debug_info</name>
         <load_address>0x15327</load_address>
         <run_address>0x15327</run_address>
         <size>0x213</size>
         <input_file_ref idref="fl-163"/>
      </object_component>
      <object_component id="oc-2f3">
         <name>.debug_info</name>
         <load_address>0x1553a</load_address>
         <run_address>0x1553a</run_address>
         <size>0xd8</size>
         <input_file_ref idref="fl-164"/>
      </object_component>
      <object_component id="oc-33a">
         <name>.debug_info</name>
         <load_address>0x15612</load_address>
         <run_address>0x15612</run_address>
         <size>0x1af</size>
         <input_file_ref idref="fl-165"/>
      </object_component>
      <object_component id="oc-31e">
         <name>.debug_info</name>
         <load_address>0x157c1</load_address>
         <run_address>0x157c1</run_address>
         <size>0x110</size>
         <input_file_ref idref="fl-165"/>
      </object_component>
      <object_component id="oc-2ed">
         <name>.debug_info</name>
         <load_address>0x158d1</load_address>
         <run_address>0x158d1</run_address>
         <size>0x171</size>
         <input_file_ref idref="fl-165"/>
      </object_component>
      <object_component id="oc-335">
         <name>.debug_info</name>
         <load_address>0x15a42</load_address>
         <run_address>0x15a42</run_address>
         <size>0x6f</size>
         <input_file_ref idref="fl-165"/>
      </object_component>
      <object_component id="oc-2d4">
         <name>.debug_info</name>
         <load_address>0x15ab1</load_address>
         <run_address>0x15ab1</run_address>
         <size>0x162</size>
         <input_file_ref idref="fl-166"/>
      </object_component>
      <object_component id="oc-27c">
         <name>.debug_info</name>
         <load_address>0x15c13</load_address>
         <run_address>0x15c13</run_address>
         <size>0x1c4</size>
         <input_file_ref idref="fl-166"/>
      </object_component>
      <object_component id="oc-332">
         <name>.debug_info</name>
         <load_address>0x15dd7</load_address>
         <run_address>0x15dd7</run_address>
         <size>0xff</size>
         <input_file_ref idref="fl-167"/>
      </object_component>
      <object_component id="oc-31a">
         <name>.debug_info</name>
         <load_address>0x15ed6</load_address>
         <run_address>0x15ed6</run_address>
         <size>0x156</size>
         <input_file_ref idref="fl-167"/>
      </object_component>
      <object_component id="oc-343">
         <name>.debug_info</name>
         <load_address>0x1602c</load_address>
         <run_address>0x1602c</run_address>
         <size>0x2c</size>
         <input_file_ref idref="fl-167"/>
      </object_component>
      <object_component id="oc-340">
         <name>.debug_info</name>
         <load_address>0x16058</load_address>
         <run_address>0x16058</run_address>
         <size>0x11f</size>
         <input_file_ref idref="fl-168"/>
      </object_component>
      <object_component id="oc-33d">
         <name>.debug_info</name>
         <load_address>0x16177</load_address>
         <run_address>0x16177</run_address>
         <size>0xdd</size>
[...]
      <symbol id="sm-424">
         <name>_c_int00</name>
         <value>0x4601</value>
         <object_component_ref idref="oc-24"/>
      </symbol>
      <symbol id="sm-425">
         <name>__stack</name>
         <value>0x200011a8</value>
         <object_component_ref idref="oc-29"/>
      </symbol>
      <symbol id="sm-43c">
         <name>__TI_decompress_none</name>
         <value>0x49f5</value>
         <object_component_ref idref="oc-12"/>
      </symbol>
      <symbol id="sm-45f">
         <name>__TI_decompress_rle24</name>
         <value>0x4a0f</value>
         <object_component_ref idref="oc-18"/>
      </symbol>
      <symbol id="sm-471">
         <name>__TI_zero_init</name>
         <value>0x4a03</value>
         <object_component_ref idref="oc-1e"/>
      </symbol>
      <symbol id="sm-48f">
         <name>__aeabi_stdout</name>
         <value>0x20001168</value>
         <object_component_ref idref="oc-172"/>
      </symbol>
      <symbol id="sm-490">
         <name>__TI_tmpnams</name>
         <value>0x20000d20</value>
         <object_component_ref idref="oc-257"/>
      </symbol>
      <symbol id="sm-491">
         <name>__aeabi_stderr</name>
         <value>0x2000116c</value>
         <object_component_ref idref="oc-172"/>
      </symbol>
      <symbol id="sm-492">
         <name>__aeabi_stdin</name>
         <value>0x20001164</value>
         <object_component_ref idref="oc-172"/>
      </symbol>
      <symbol id="sm-493">
         <name>_ftable</name>
         <value>0x20000e08</value>
         <object_component_ref idref="oc-bb"/>
      </symbol>
      <symbol id="sm-494">
         <name>__TI_ft_end</name>
         <value>0x20001160</value>
         <object_component_ref idref="oc-172"/>
      </symbol>
      <symbol id="sm-4b3">
         <name>C$$EXIT</name>
         <value>0x4731</value>
         <object_component_ref idref="oc-7f"/>
      </symbol>
      <symbol id="sm-4b4">
         <name>abort</name>
         <value>0x4735</value>
         <object_component_ref idref="oc-7f"/>
      </symbol>
      <symbol id="sm-4b5">
         <name>exit</name>
         <value>0x473d</value>
         <object_component_ref idref="oc-7f"/>
      </symbol>
      <symbol id="sm-4b6">
         <name>__TI_dtors_ptr</name>
         <value>0x20001190</value>
         <object_component_ref idref="oc-12a"/>
      </symbol>
      <symbol id="sm-4b7">
         <name>__TI_cleanup_ptr</name>
         <value>0x2000118c</value>
         <object_component_ref idref="oc-12a"/>
      </symbol>
      <symbol id="sm-4ee">
         <name>__TI_cleanup</name>
         <value>0x329d</value>
         <object_component_ref idref="oc-ac"/>
      </symbol>
      <symbol id="sm-4ef">
         <name>freopen</name>
         <value>0x32c9</value>
         <object_component_ref idref="oc-ac"/>
      </symbol>
      <symbol id="sm-4f0">
         <name>fopen</name>
         <value>0x32f3</value>
         <object_component_ref idref="oc-ac"/>
      </symbol>
      <symbol id="sm-542">
         <name>open</name>
         <value>0x291b</value>
         <object_component_ref idref="oc-a6"/>
      </symbol>
      <symbol id="sm-543">
         <name>add_device</name>
         <value>0x2a3d</value>
         <object_component_ref idref="oc-a6"/>
      </symbol>
      <symbol id="sm-544">
         <name>remove_device</name>
         <value>0x28cf</value>
         <object_component_ref idref="oc-a6"/>
      </symbol>
      <symbol id="sm-545">
         <name>lseek</name>
         <value>0x29c9</value>
         <object_component_ref idref="oc-a6"/>
      </symbol>
      <symbol id="sm-546">
         <name>read</name>
         <value>0x28f7</value>
         <object_component_ref idref="oc-a6"/>
      </symbol>
      <symbol id="sm-547">
         <name>rename</name>
         <value>0x2891</value>
         <object_component_ref idref="oc-a6"/>
      </symbol>
      <symbol id="sm-548">
         <name>write</name>
         <value>0x27dd</value>
         <object_component_ref idref="oc-a6"/>
      </symbol>
      <symbol id="sm-549">
         <name>close</name>
         <value>0x29ed</value>
         <object_component_ref idref="oc-a6"/>
      </symbol>
      <symbol id="sm-54a">
         <name>unlink</name>
         <value>0x286d</value>
         <object_component_ref idref="oc-a6"/>
      </symbol>
      <symbol id="sm-565">
         <name>memcpy</name>
         <value>0x3ec7</value>
         <object_component_ref idref="oc-48"/>
      </symbol>
      <symbol id="sm-566">
         <name>__aeabi_memcpy</name>
         <value>0x3ec7</value>
         <object_component_ref idref="oc-48"/>
      </symbol>
      <symbol id="sm-567">
         <name>__aeabi_memcpy8</name>
         <value>0x3ec7</value>
         <object_component_ref idref="oc-48"/>
      </symbol>
      <symbol id="sm-568">
         <name>__aeabi_memcpy4</name>
         <value>0x3ec7</value>
         <object_component_ref idref="oc-48"/>
      </symbol>
      <symbol id="sm-577">
         <name>__aeabi_memset</name>
         <value>0x4193</value>
         <object_component_ref idref="oc-61"/>
      </symbol>
      <symbol id="sm-578">
         <name>memset</name>
         <value>0x4199</value>
         <object_component_ref idref="oc-61"/>
      </symbol>
      <symbol id="sm-579">
         <name>__aeabi_memset8</name>
         <value>0x4193</value>
         <object_component_ref idref="oc-61"/>
      </symbol>
      <symbol id="sm-57a">
         <name>__aeabi_memset4</name>
         <value>0x4193</value>
         <object_component_ref idref="oc-61"/>
      </symbol>
      <symbol id="sm-57b">
         <name>__aeabi_memclr8</name>
         <value>0x4191</value>
         <object_component_ref idref="oc-61"/>
      </symbol>
      <symbol id="sm-57c">
         <name>__aeabi_memclr4</name>
         <value>0x4191</value>
         <object_component_ref idref="oc-61"/>
      </symbol>
      <symbol id="sm-57d">
         <name>__aeabi_memclr</name>
         <value>0x4191</value>
         <object_component_ref idref="oc-61"/>
      </symbol>
      <symbol id="sm-587">
         <name>_system_pre_init</name>
         <value>0x4a15</value>
         <object_component_ref idref="oc-6d"/>
      </symbol>
      <symbol id="sm-5a0">
         <name>printf</name>
         <value>0x4215</value>
         <object_component_ref idref="oc-a0"/>
      </symbol>
      <symbol id="sm-5c1">
         <name>setvbuf</name>
         <value>0x3bb9</value>
         <object_component_ref idref="oc-b2"/>
      </symbol>
      <symbol id="sm-5d5">
         <name>sprintf</name>
         <value>0x44f9</value>
         <object_component_ref idref="oc-ef"/>
      </symbol>
      <symbol id="sm-5dd">
         <name>main_func_sp</name>
         <value>0x200011a4</value>
         <object_component_ref idref="oc-85"/>
      </symbol>
      <symbol id="sm-5ed">
         <name>strchr</name>
         <value>0x49a1</value>
         <object_component_ref idref="oc-15a"/>
      </symbol>
      <symbol id="sm-5fc">
         <name>strcmp</name>
         <value>0x4989</value>
         <object_component_ref idref="oc-154"/>
      </symbol>
      <symbol id="sm-60a">
         <name>strcpy</name>
         <value>0x49cd</value>
         <object_component_ref idref="oc-e6"/>
      </symbol>
      <symbol id="sm-618">
         <name>strlen</name>
         <value>0x49e1</value>
         <object_component_ref idref="oc-f8"/>
      </symbol>
      <symbol id="sm-628">
         <name>strncpy</name>
         <value>0x481d</value>
         <object_component_ref idref="oc-160"/>
      </symbol>
      <symbol id="sm-63b">
         <name>strstr</name>
         <value>0x47e9</value>
         <object_component_ref idref="oc-da"/>
      </symbol>
      <symbol id="sm-65c">
         <name>HOSTgetenv</name>
         <value>0x2cff</value>
         <object_component_ref idref="oc-248"/>
      </symbol>
      <symbol id="sm-65d">
         <name>HOSTrename</name>
         <value>0x2ba7</value>
         <object_component_ref idref="oc-248"/>
      </symbol>
      <symbol id="sm-65e">
         <name>HOSTclose</name>
         <value>0x2d3d</value>
         <object_component_ref idref="oc-248"/>
      </symbol>
      <symbol id="sm-65f">
         <name>HOSTunlink</name>
         <value>0x2b35</value>
         <object_component_ref idref="oc-248"/>
      </symbol>
      <symbol id="sm-660">
         <name>HOSTlseek</name>
         <value>0x2ca3</value>
         <object_component_ref idref="oc-248"/>
      </symbol>
      <symbol id="sm-661">
         <name>HOSTopen</name>
         <value>0x2c51</value>
         <object_component_ref idref="oc-248"/>
      </symbol>
      <symbol id="sm-662">
         <name>HOSTclock</name>
         <value>0x2d75</value>
         <object_component_ref idref="oc-248"/>
      </symbol>
      <symbol id="sm-663">
         <name>HOSTwrite</name>
         <value>0x2ae9</value>
         <object_component_ref idref="oc-248"/>
      </symbol>
      <symbol id="sm-664">
         <name>HOSTread</name>
         <value>0x2c05</value>
         <object_component_ref idref="oc-248"/>
      </symbol>
      <symbol id="sm-665">
         <name>HOSTtime</name>
         <value>0x2b6d</value>
         <object_component_ref idref="oc-248"/>
      </symbol>
      <symbol id="sm-680">
         <name>__TI_readmsg</name>
         <value>0x43f7</value>
         <object_component_ref idref="oc-2be"/>
      </symbol>
      <symbol id="sm-681">
         <name>C$$IO$$</name>
         <value>0x43f3</value>
         <object_component_ref idref="oc-2be"/>
      </symbol>
      <symbol id="sm-682">
         <name>__CIOBUF_</name>
         <value>0x20000c00</value>
         <object_component_ref idref="oc-301"/>
      </symbol>
      <symbol id="sm-683">
         <name>__TI_writemsg</name>
         <value>0x43c5</value>
         <object_component_ref idref="oc-2be"/>
      </symbol>
      <symbol id="sm-69c">
         <name>_nop</name>
         <value>0x49c7</value>
         <object_component_ref idref="oc-1bc"/>
      </symbol>
      <symbol id="sm-69d">
         <name>_lock</name>
         <value>0x20001184</value>
         <object_component_ref idref="oc-127"/>
      </symbol>
      <symbol id="sm-69e">
         <name>_unlock</name>
         <value>0x20001188</value>
         <object_component_ref idref="oc-127"/>
      </symbol>
      <symbol id="sm-69f">
         <name>_register_lock</name>
         <value>0x49bf</value>
         <object_component_ref idref="oc-1bc"/>
      </symbol>
      <symbol id="sm-6a0">
         <name>_register_unlock</name>
         <value>0x49b9</value>
         <object_component_ref idref="oc-1bc"/>
      </symbol>
      <symbol id="sm-7a5">
         <name>__TI_printfi</name>
         <value>0x1021</value>
         <object_component_ref idref="oc-147"/>
      </symbol>
      <symbol id="sm-7ba">
         <name>_args_main</name>
         <value>0x4971</value>
         <object_component_ref idref="oc-79"/>
      </symbol>
      <symbol id="sm-7d0">
         <name>atoi</name>
         <value>0x4651</value>
         <object_component_ref idref="oc-224"/>
      </symbol>
      <symbol id="sm-7f6">
         <name>__TI_auto_init</name>
         <value>0x42ed</value>
         <object_component_ref idref="oc-73"/>
      </symbol>
      <symbol id="sm-810">
         <name>copy_in</name>
         <value>0x469d</value>
         <object_component_ref idref="oc-11d"/>
      </symbol>
      <symbol id="sm-81b">
         <name>_ctypes_</name>
         <value>0x4a18</value>
         <object_component_ref idref="oc-2ac"/>
      </symbol>
      <symbol id="sm-831">
         <name>__TI_closefile</name>
         <value>0x3f65</value>
         <object_component_ref idref="oc-16c"/>
      </symbol>
      <symbol id="sm-832">
         <name>fclose</name>
         <value>0x3fcb</value>
         <object_component_ref idref="oc-16c"/>
      </symbol>
      <symbol id="sm-856">
         <name>__aeabi_dsub</name>
         <value>0x3399</value>
         <object_component_ref idref="oc-207"/>
      </symbol>
      <symbol id="sm-857">
         <name>__aeabi_dadd</name>
         <value>0x33a3</value>
         <object_component_ref idref="oc-207"/>
      </symbol>
      <symbol id="sm-87e">
         <name>__aeabi_cdcmpeq</name>
         <value>0x4085</value>
         <object_component_ref idref="oc-1e3"/>
      </symbol>
      <symbol id="sm-87f">
         <name>__aeabi_cdcmple</name>
         <value>0x4085</value>
         <object_component_ref idref="oc-1e3"/>
      </symbol>
      <symbol id="sm-880">
         <name>__aeabi_cdrcmple</name>
         <value>0x410b</value>
         <object_component_ref idref="oc-1f2"/>
      </symbol>
      <symbol id="sm-8a0">
         <name>__aeabi_ddiv</name>
         <value>0x354f</value>
         <object_component_ref idref="oc-1ed"/>
      </symbol>
      <symbol id="sm-8b7">
         <name>__aeabi_dmul</name>
         <value>0x39dd</value>
         <object_component_ref idref="oc-1e8"/>
      </symbol>
      <symbol id="sm-8c5">
         <name>__aeabi_d2iz</name>
         <value>0x46e9</value>
         <object_component_ref idref="oc-1f7"/>
      </symbol>
      <symbol id="sm-8df">
         <name>__TI_doflush</name>
         <value>0x3c95</value>
         <object_component_ref idref="oc-1d6"/>
      </symbol>
      <symbol id="sm-8e0">
         <name>fflush</name>
         <value>0x3ce1</value>
         <object_component_ref idref="oc-1d6"/>
      </symbol>
      <symbol id="sm-902">
         <name>puts</name>
         <value>0x3791</value>
         <object_component_ref idref="oc-141"/>
      </symbol>
      <symbol id="sm-903">
         <name>fputs</name>
         <value>0x3685</value>
         <object_component_ref idref="oc-141"/>
      </symbol>
      <symbol id="sm-910">
         <name>frexp</name>
         <value>0x4909</value>
         <object_component_ref idref="oc-20c"/>
      </symbol>
      <symbol id="sm-91c">
         <name>__aeabi_i2d</name>
         <value>0x48ad</value>
         <object_component_ref idref="oc-202"/>
      </symbol>
      <symbol id="sm-92d">
         <name>ldexp</name>
         <value>0x45af</value>
         <object_component_ref idref="oc-212"/>
      </symbol>
      <symbol id="sm-93c">
         <name>ltoa</name>
         <value>0x4559</value>
         <object_component_ref idref="oc-1fc"/>
      </symbol>
      <symbol id="sm-94c">
         <name>memccpy</name>
         <value>0x4953</value>
         <object_component_ref idref="oc-21e"/>
      </symbol>
      <symbol id="sm-95c">
         <name>memchr</name>
         <value>0x4933</value>
         <object_component_ref idref="oc-1d0"/>
      </symbol>
      <symbol id="sm-9ce">
         <name>_sys_memory</name>
         <value>0x200013a8</value>
         <object_component_ref idref="oc-2a"/>
      </symbol>
      <symbol id="sm-9cf">
         <name>free</name>
         <value>0x24f7</value>
         <object_component_ref idref="oc-178"/>
      </symbol>
      <symbol id="sm-9d0">
         <name>realloc</name>
         <value>0x25b9</value>
         <object_component_ref idref="oc-178"/>
      </symbol>
      <symbol id="sm-9d1">
         <name>memalign</name>
         <value>0x26c5</value>
         <object_component_ref idref="oc-178"/>
      </symbol>
      <symbol id="sm-9d2">
         <name>calloc</name>
         <value>0x27a9</value>
         <object_component_ref idref="oc-178"/>
      </symbol>
      <symbol id="sm-9d3">
         <name>malloc</name>
         <value>0x248f</value>
         <object_component_ref idref="oc-178"/>
      </symbol>
      <symbol id="sm-9d4">
         <name>minit</name>
         <value>0x2401</value>
         <object_component_ref idref="oc-178"/>
      </symbol>
      <symbol id="sm-9ff">
         <name>__aeabi_uldivmod</name>
         <value>0x2fe1</value>
         <object_component_ref idref="oc-1de"/>
      </symbol>
      <symbol id="sm-a0d">
         <name>_Dclass</name>
         <value>0x484d</value>
         <object_component_ref idref="oc-218"/>
      </symbol>
      <symbol id="sm-a2e">
         <name>_Dscale</name>
         <value>0x38cd</value>
         <object_component_ref idref="oc-29a"/>
      </symbol>
      <symbol id="sm-a42">
         <name>_Dunscale</name>
         <value>0x442d</value>
         <object_component_ref idref="oc-292"/>
      </symbol>
      <symbol id="sm-a51">
         <name>_Feraise</name>
         <value>0x487d</value>
         <object_component_ref idref="oc-2a0"/>
      </symbol>
      <symbol id="sm-a61">
         <name>_Rteps</name>
         <value>0x200010d8</value>
         <object_component_ref idref="oc-2e7"/>
      </symbol>
      <symbol id="sm-a62">
         <name>_Zero</name>
         <value>0x200010f0</value>
         <object_component_ref idref="oc-2e7"/>
      </symbol>
      <symbol id="sm-a63">
         <name>_Hugeval</name>
         <value>0x20001098</value>
         <object_component_ref idref="oc-2e7"/>
      </symbol>
      <symbol id="sm-a64">
         <name>_Snan</name>
         <value>0x200010c8</value>
         <object_component_ref idref="oc-2e7"/>
      </symbol>
      <symbol id="sm-a65">
         <name>_Nan</name>
         <value>0x200010b8</value>
         <object_component_ref idref="oc-2e7"/>
      </symbol>
      <symbol id="sm-a66">
         <name>_Inf</name>
         <value>0x200010a8</value>
         <object_component_ref idref="oc-2e7"/>
      </symbol>
      <symbol id="sm-a67">
         <name>_Xbig</name>
         <value>0x200010e8</value>
         <object_component_ref idref="oc-2e7"/>
      </symbol>
      <symbol id="sm-a68">
         <name>_Eps</name>
         <value>0x20001088</value>
         <object_component_ref idref="oc-2e7"/>
      </symbol>
      <symbol id="sm-a69">
         <name>_Denorm</name>
         <value>0x20001078</value>
         <object_component_ref idref="oc-2e7"/>
      </symbol>
      <symbol id="sm-a82">
         <name>__TI_wrt_ok</name>
         <value>0x3e1b</value>
         <object_component_ref idref="oc-1ca"/>
      </symbol>
      <symbol id="sm-a83">
         <name>__TI_rd_ok</name>
         <value>0x3e7d</value>
         <object_component_ref idref="oc-1ca"/>
      </symbol>
      <symbol id="sm-a8b">
         <name>_Errno</name>
         <value>0x2000119c</value>
         <object_component_ref idref="oc-2f2"/>
      </symbol>
      <symbol id="sm-aa9">
         <name>feraiseexcept</name>
         <value>0x47b5</value>
         <object_component_ref idref="oc-2ec"/>
      </symbol>
      <symbol id="sm-aaa">
         <name>_Tls_setup__Fenv</name>
         <value>0x20001198</value>
         <object_component_ref idref="oc-31d"/>
      </symbol>
      <symbol id="sm-aab">
         <name>_Fenv</name>
         <value>0x20001194</value>
         <object_component_ref idref="oc-31d"/>
      </symbol>
      <symbol id="sm-abd">
         <name>fseek</name>
         <value>0x4495</value>
         <object_component_ref idref="oc-27a"/>
      </symbol>
      <symbol id="sm-ad1">
         <name>raise</name>
         <value>0x48db</value>
         <object_component_ref idref="oc-317"/>
      </symbol>
      <symbol id="sm-aeb">
         <name>signal</name>
         <value>0x4775</value>
         <object_component_ref idref="oc-32b"/>
      </symbol>
      <symbol id="sm-b00">
         <name>_Dnorm</name>
         <value>0x3d5d</value>
         <object_component_ref idref="oc-2dd"/>
      </symbol>
      <symbol id="sm-b01">
         <name>__TI_static_base__</name>
         <value>0x0</value>
      </symbol>
      <symbol id="sm-b04">
         <name>SHT$$INIT_ARRAY$$Limit</name>
         <value>0x0</value>
      </symbol>
      <symbol id="sm-b05">
         <name>SHT$$INIT_ARRAY$$Base</name>
         <value>0x0</value>
      </symbol>
      <symbol id="sm-b06">
         <name>remove</name>
         <value>0x286d</value>
      </symbol>
   </symbol_table>
   <title>Link successful</title>
</link_info>
