<html>
<body>
<pre>
<h1>µVision Build Log</h1>
<h2>Project:</h2>
C:\Dropbox\ArmBook\LaunchPad\ValvanoWaveTM4C123\PWMDual_4C123\PWMDual.uvproj
Project File Date:  08/11/2014

<h2>Output:</h2>
Build target 'PWMDual'
assembling startup.s...
compiling PLL.c...
compiling PWMDual.c...
compiling PWMDualTest.c...
linking...
Program Size: Code=1296 RO-data=16 RW-data=0 ZI-data=1120  
".\PWMDual.axf" - 0 Error(s), 0 Warning(s).
Load "C:\\Dropbox\\ArmBook\\LaunchPad\\ValvanoWaveTM4C123\\PWMDual_4C123\\PWMDual.axf" 
Connecting: Mode=JTAG, Speed=1000000Hz
Erase Done.
Programming Done.
Verify OK.
Clean started: Project: 'PWMDual'
   deleting intermediate output files for target 'PWMDual'
</pre>
</body>
</html>
