<html>
<body>
<pre>
<h1>µVision Build Log</h1>
<h2>Project:</h2>
D:\Dropbox\ArmBook\LaunchPad\ValvanoWareTM4C123\UART_4C123asm\UART.uvproj
Project File Date:  08/12/2014

<h2>Output:</h2>
Build target 'UARTInts'
assembling UART.s...
linking...
Program Size: Code=1024 RO-data=0 RW-data=0 ZI-data=1024  
".\UARTInts.axf" - 0 Error(s), 0 Warning(s).
Load "D:\\Dropbox\\ArmBook\\LaunchPad\\ValvanoWareTM4C123\\UART_4C123asm\\UARTInts.axf" 
Connecting: Mode=JTAG, Speed=1000000Hz
Erase Done.
Programming Done.
Verify OK.
Clean started: Project: 'UART'
   deleting intermediate output files for target 'UARTInts'
</pre>
</body>
</html>
