<html>
<body>
<pre>
<h1>µVision Build Log</h1>
<h2>Project:</h2>
C:\Dropbox\ArmBook\LaunchPad\ValvanoWaveTM4C123\LinearInterpolation_4C123asm\LinearInterpolation.uvproj
Project File Date:  08/11/2014

<h2>Output:</h2>
Build target 'LinearInterpolation'
assembling Startup.s...
assembling Sin.s...
assembling LinearInterpolation.s...
linking...
Program Size: Code=2052 RO-data=0 RW-data=0 ZI-data=1024  
".\LinearInterpolation.axf" - 0 Error(s), 0 Warning(s).
Load "C:\\Dropbox\\ArmBook\\LaunchPad\\ValvanoWaveTM4C123\\LinearInterpolation_4C123asm\\LinearInterpolation.axf" 
Connecting: Mode=JTAG, Speed=1000000Hz
Erase Done.
Programming Done.
Verify OK.
Clean started: Project: 'LinearInterpolation'
   deleting intermediate output files for target 'LinearInterpolation'
</pre>
</body>
</html>
