<html>
<body>
<pre>
<h1>µVision Build Log</h1>
<h2>Project:</h2>
C:\Dropbox\ArmBook\LaunchPad\ValvanoWaveTM4C123\EdgeCount_4C123\EdgeCount.uvproj
Project File Date:  03/04/2015

<h2>Output:</h2>
Build target 'EdgeCount'
assembling startup.s...
compiling EdgeCountTestMain.c...
compiling EdgeCount.c...
linking...
Program Size: Code=1796 RO-data=32 RW-data=8 ZI-data=1024  
".\EdgeCount.axf" - 0 Error(s), 0 Warning(s).
Load "C:\\Dropbox\\ArmBook\\LaunchPad\\ValvanoWaveTM4C123\\EdgeCount_4C123\\EdgeCount.axf" 
Connecting: Mode=JTAG, Speed=1000000Hz
Erase Done.
Programming Done.
Verify OK.
Clean started: Project: 'EdgeCount'
   deleting intermediate output files for target 'EdgeCount'
</pre>
</body>
</html>
