<html>
<body>
<pre>
<h1>µVision Build Log</h1>
<h2>Project:</h2>
C:\Dropbox\ArmBook\LaunchPad\ValvanoWaveTM4C123\Kentec_4C123\LCDTest.uvproj
Project File Date:  10/21/2014

<h2>Output:</h2>
Build target 'LCDTest'
compiling PLL.c...
compiling SSD2119.c...
compiling LCDTestMain.c...
linking...
Program Size: Code=4320 RO-data=880 RW-data=44 ZI-data=1028  
".\LCDTest.axf" - 0 Error(s), 0 Warning(s).
Clean started: Project: 'LCDTest'
   deleting intermediate output files for target 'LCDTest'
</pre>
</body>
</html>
