<html>
<body>
<pre>
<h1>µVision Build Log</h1>
<h2>Project:</h2>
C:\Dropbox\ArmBook\LaunchPad\ValvanoWaveTM4C123\LLFIFO_4C123\LLFifo.uvproj
Project File Date:  08/11/2014

<h2>Output:</h2>
Build target 'LLFifo'
assembling startup.s...
compiling heap.c...
compiling LLFifo.c...
compiling LLFifoTestMain.c...
linking...
Program Size: Code=1628 RO-data=32 RW-data=36 ZI-data=1204  
".\LLFifo.axf" - 0 Error(s), 0 Warning(s).
Load "C:\\Dropbox\\ArmBook\\LaunchPad\\ValvanoWaveTM4C123\\LLFIFO_4C123\\LLFifo.axf" 
Connecting: Mode=JTAG, Speed=1000000Hz
Erase Done.
Programming Done.
Verify OK.
Clean started: Project: 'LLFifo'
   deleting intermediate output files for target 'LLFifo'
</pre>
</body>
</html>
