<html>
<body>
<pre>
<h1>µVision Build Log</h1>
<h2>Project:</h2>
C:\Dropbox\ArmBook\LaunchPad\ValvanoWaveTM4C123\PLL_4C123asm\PLL.uvproj
Project File Date:  08/11/2014

<h2>Output:</h2>
Build target 'PLL'
assembling Startup.s...
assembling PLL.s...
assembling PLLTestMain.s...
linking...
Program Size: Code=868 RO-data=0 RW-data=0 ZI-data=1024  
".\PLL.axf" - 0 Error(s), 0 Warning(s).
Load "C:\\Dropbox\\ArmBook\\LaunchPad\\ValvanoWaveTM4C123\\PLL_4C123asm\\PLL.axf" 
Connecting: Mode=JTAG, Speed=1000000Hz
Erase Done.
Programming Done.
Verify OK.
Clean started: Project: 'PLL'
   deleting intermediate output files for target 'PLL'
</pre>
</body>
</html>
