<html>
<body>
<pre>
<h1>µVision Build Log</h1>
<h2>Project:</h2>
E:\Dropbox\ArmBook\LaunchPad\LaunchPadware\LinearInterpolation_4C123asm\LinearInterpolation.uvproj
Project File Date:  09/11/2013

<h2>Output:</h2>
Build target 'LinearInterpolation'
assembling Sin.s...
assembling LinearInterpolation.s...
linking...
Program Size: Code=2052 RO-data=0 RW-data=0 ZI-data=1024  
".\LinearInterpolation.axf" - 0 Errors, 0 Warning(s).
Load "E:\\Dropbox\\ArmBook\\LaunchPad\\LaunchPadware\\LinearInterpolation_4C123asm\\LinearInterpolation.axf" 
Connecting: Mode=JTAG, Speed=1000000Hz
Erase Done.
Programming Done.
Verify OK.
Clean started: Project: 'LinearInterpolation'
   deleting intermediate output files for target 'LinearInterpolation'
