<html>
<body>
<pre>
<h1>µVision Build Log</h1>
<h2>Project:</h2>
D:\Dropbox\ArmBook\LaunchPad\ValvanoWaveTM4C123\PeriodicTimer3AInts_4C123\Timer3A.uvproj
Project File Date:  03/20/2014

<h2>Output:</h2>
Build target 'Timer3A'
compiling main.c...
compiling Timer3.c...
linking...
Program Size: Code=1188 RO-data=64 RW-data=8 ZI-data=1024  
".\Timer3A.axf" - 0 Error(s), 0 Warning(s).
Load "D:\\Dropbox\\ArmBook\\LaunchPad\\ValvanoWaveTM4C123\\PeriodicTimer3AInts_4C123\\Timer3A.axf" 
Connecting: Mode=JTAG, Speed=1000000Hz
Erase Done.
Programming Done.
Verify OK.
Clean started: Project: 'Timer3A'
   deleting intermediate output files for target 'Timer3A'
</pre>
</body>
</html>
