<html>
<body>
<pre>
<h1>µVision Build Log</h1>
<h2>Project:</h2>
C:\Dropbox\ArmBook\LaunchPad\ValvanoWaveTM4C123\MealyEngineControl_4C123\EngineControl.uvproj
Project File Date:  08/11/2014

<h2>Output:</h2>
Build target 'EngineControl'
assembling startup.s...
compiling PLL.c...
compiling SysTick.c...
compiling EngineControl.c...
linking...
Program Size: Code=1308 RO-data=56 RW-data=0 ZI-data=1120  
".\EngineControl.axf" - 0 Error(s), 0 Warning(s).
Clean started: Project: 'EngineControl'
   deleting intermediate output files for target 'EngineControl'
</pre>
</body>
</html>
