<html>
<body>
<pre>
<h1>µVision Build Log</h1>
<h2>Project:</h2>
C:\Dropbox\ArmBook\LaunchPad\ValvanoWaveTM4C123\PWM_4C123\PWM.uvproj
Project File Date:  01/21/2015

<h2>Output:</h2>
Build target 'PWM'
assembling startup.s...
compiling PLL.c...
compiling PWM.c...
compiling PWMtest.c...
linking...
Program Size: Code=1468 RO-data=16 RW-data=0 ZI-data=1120  
".\PWM.axf" - 0 Error(s), 0 Warning(s).
Load "C:\\Dropbox\\ArmBook\\LaunchPad\\ValvanoWaveTM4C123\\PWM_4C123\\PWM.axf" 
Connecting: Mode=JTAG, Speed=1000000Hz
Erase Done.
Programming Done.
Verify OK.
Clean started: Project: 'PWM'
   deleting intermediate output files for target 'PWM'
</pre>
</body>
</html>
