<html>
<body>
<pre>
<h1>µVision Build Log</h1>
<h2>Project:</h2>
D:\Dropbox\ArmBook\LaunchPad\ValvanoWareTM4C123\TwoButtonPoll_4C123\TwoButtonPoll.uvproj
Project File Date:  08/12/2014

<h2>Output:</h2>
Build target 'TwoButtonPoll'
assembling startup.s...
compiling TwoButtonPoll.c...
linking...
Program Size: Code=1256 RO-data=32 RW-data=8 ZI-data=1120  
".\TwoButtonPoll.axf" - 0 Error(s), 0 Warning(s).
Clean started: Project: 'TwoButtonPoll'
   deleting intermediate output files for target 'TwoButtonPoll'
</pre>
</body>
</html>
