<html>
<body>
<pre>
<h1>µVision Build Log</h1>
<h2>Project:</h2>
D:\Dropbox\ArmBook\LaunchPad\ValvanoWareTM4C123\TwoButtonVector_4C123\TwoButtonVector.uvproj
Project File Date:  08/12/2014

<h2>Output:</h2>
Build target 'TwoButtonVector'
assembling startup.s...
compiling TwoButtonVector.c...
linking...
Program Size: Code=1400 RO-data=32 RW-data=8 ZI-data=1120  
".\TwoButtonVector.axf" - 0 Error(s), 0 Warning(s).
Clean started: Project: 'TwoButtonVector'
   deleting intermediate output files for target 'TwoButtonVector'
</pre>
</body>
</html>
