<html>
<body>
<pre>
<h1>µVision Build Log</h1>
<h2>Project:</h2>
C:\Dropbox\ArmBook\LaunchPad\ValvanoWaveTM4C123\Float_4FC123asm\Float.uvproj
Project File Date:  08/10/2014

<h2>Output:</h2>
Build target 'Float'
assembling Startup.s...
assembling main.s...
linking...
Program Size: Code=1104 RO-data=0 RW-data=128 ZI-data=1024  
".\Float.axf" - 0 Error(s), 0 Warning(s).
Load "C:\\Dropbox\\ArmBook\\LaunchPad\\ValvanoWaveTM4C123\\Float_4FC123asm\\Float.axf" 
Connecting: Mode=JTAG, Speed=1000000Hz
Erase Done.
Programming Done.
Verify OK.
Clean started: Project: 'Float'
   deleting intermediate output files for target 'Float'
</pre>
</body>
</html>
