<html>
<body>
<pre>
<h1>µVision Build Log</h1>
<h2>Project:</h2>
C:\Dropbox\ArmBook\LaunchPad\ValvanoWaveTM4C123\HeapFixedBlock_4C123asm\HeapFixedBlock.uvproj
Project File Date:  08/11/2014

<h2>Output:</h2>
Build target 'HeapFixedBlock'
assembling Startup.s...
assembling Heap.s...
assembling HeapTestMain.s...
linking...
Program Size: Code=832 RO-data=0 RW-data=120 ZI-data=1024  
".\HeapFixedBlock.axf" - 0 Error(s), 0 Warning(s).
Load "C:\\Dropbox\\ArmBook\\LaunchPad\\ValvanoWaveTM4C123\\HeapFixedBlock_4C123asm\\HeapFixedBlock.axf" 
Connecting: Mode=JTAG, Speed=1000000Hz
Erase Done.
Programming Done.
Verify OK.
Clean started: Project: 'HeapFixedBlock'
   deleting intermediate output files for target 'HeapFixedBlock'
</pre>
</body>
</html>
