<html>
<body>
<pre>
<h1>µVision Build Log</h1>
<h2>Project:</h2>
C:\Dropbox\ArmBook\LaunchPad\ValvanoWaveTM4C123\ProfileSort_4C123\ProfileSort.uvproj
Project File Date:  02/23/2015

<h2>Output:</h2>
Build target 'ProfileSort'
assembling startup.s...
compiling ProfileSort.c...
linking...
Program Size: Code=1384 RO-data=32 RW-data=72 ZI-data=1184  
".\ProfileSort.axf" - 0 Error(s), 0 Warning(s).
Load "C:\\Dropbox\\ArmBook\\LaunchPad\\ValvanoWaveTM4C123\\ProfileSort_4C123\\ProfileSort.axf" 
Connecting: Mode=JTAG, Speed=1000000Hz
Erase Done.
Programming Done.
Verify OK.
Clean started: Project: 'ProfileSort'
   deleting intermediate output files for target 'ProfileSort'
</pre>
</body>
</html>
