<html>
<body>
<pre>
<h1>µVision Build Log</h1>
<h2>Project:</h2>
E:\Dropbox\ArmBook\LaunchPad\LaunchPadware\ProfileSort_4C123\ProfileSort.uvproj
Project File Date:  02/23/2015

<h2>Output:</h2>
Build target 'ProfileSort'
compiling ProfileSort.c...
ProfileSort.c: Error:  #5: cannot open source input file "ProfileSort.c": No such file or directory
".\ProfileSort.axf" - 1 Errors, 0 Warning(s).
Target not created
Build target 'ProfileSort'
compiling ProfileSort.c...
linking...
Program Size: Code=1436 RO-data=32 RW-data=76 ZI-data=1684  
".\ProfileSort.axf" - 0 Errors, 0 Warning(s).
Load "E:\\Dropbox\\ArmBook\\LaunchPad\\LaunchPadware\\ProfileSort_4C123\\ProfileSort.axf" 
Connecting: Mode=JTAG, Speed=1000000Hz
Erase Done.
Programming Done.
Verify OK.
Build target 'ProfileSort'
compiling ProfileSort.c...
linking...
Program Size: Code=1424 RO-data=32 RW-data=76 ZI-data=1684  
".\ProfileSort.axf" - 0 Errors, 0 Warning(s).
Load "E:\\Dropbox\\ArmBook\\LaunchPad\\LaunchPadware\\ProfileSort_4C123\\ProfileSort.axf" 
Connecting: Mode=JTAG, Speed=1000000Hz
Erase Done.
Programming Done.
Verify OK.
Build target 'ProfileSort'
compiling ProfileSort.c...
linking...
Program Size: Code=1372 RO-data=32 RW-data=72 ZI-data=1184  
".\ProfileSort.axf" - 0 Errors, 0 Warning(s).
Load "E:\\Dropbox\\ArmBook\\LaunchPad\\LaunchPadware\\ProfileSort_4C123\\ProfileSort.axf" 
Connecting: Mode=JTAG, Speed=1000000Hz
Erase Done.
Programming Done.
Verify OK.
Build target 'ProfileSort'
compiling ProfileSort.c...
linking...
Program Size: Code=1384 RO-data=32 RW-data=72 ZI-data=1184  
".\ProfileSort.axf" - 0 Errors, 0 Warning(s).
Load "E:\\Dropbox\\ArmBook\\LaunchPad\\LaunchPadware\\ProfileSort_4C123\\ProfileSort.axf" 
Connecting: Mode=JTAG, Speed=1000000Hz
Erase Done.
Programming Done.
Verify OK.
Build target 'ProfileSort'
compiling ProfileSort.c...
linking...
Program Size: Code=1236 RO-data=32 RW-data=72 ZI-data=1184  
".\ProfileSort.axf" - 0 Errors, 0 Warning(s).
Load "E:\\Dropbox\\ArmBook\\LaunchPad\\LaunchPadware\\ProfileSort_4C123\\ProfileSort.axf" 
Connecting: Mode=JTAG, Speed=1000000Hz
Erase Done.
Programming Done.
Verify OK.
Build target 'ProfileSort'
compiling ProfileSort.c...
linking...
Program Size: Code=1248 RO-data=32 RW-data=72 ZI-data=1184  
".\ProfileSort.axf" - 0 Errors, 0 Warning(s).
Load "E:\\Dropbox\\ArmBook\\LaunchPad\\LaunchPadware\\ProfileSort_4C123\\ProfileSort.axf" 
Connecting: Mode=JTAG, Speed=1000000Hz
Erase Done.
Programming Done.
Verify OK.
Build target 'ProfileSort'
compiling ProfileSort.c...
linking...
Program Size: Code=1384 RO-data=32 RW-data=72 ZI-data=1184  
".\ProfileSort.axf" - 0 Errors, 0 Warning(s).
Build target 'ProfileSort'
assembling startup.s...
compiling ProfileSort.c...
linking...
Program Size: Code=1384 RO-data=32 RW-data=72 ZI-data=1184  
".\ProfileSort.axf" - 0 Errors, 0 Warning(s).
Load "E:\\Dropbox\\ArmBook\\LaunchPad\\LaunchPadware\\ProfileSort_4C123\\ProfileSort.axf" 
Connecting: Mode=JTAG, Speed=1000000Hz
Erase Done.
Programming Done.
Verify OK.
Clean started: Project: 'ProfileSort'
   deleting intermediate output files for target 'ProfileSort'
