<html>
<body>
<pre>
<h1>µVision Build Log</h1>
<h2>Project:</h2>
D:\Dropbox\ArmBook\LaunchPad\ValvanoWareTM4C123\Stepper_4C123\Stepper.uvproj
Project File Date:  08/12/2014

<h2>Output:</h2>
Build target 'Stepper'
assembling startup.s...
compiling stepper.c...
compiling StepperTestMain.c...
compiling SysTick.c...
linking...
Program Size: Code=1520 RO-data=80 RW-data=8 ZI-data=1120  
".\Stepper.axf" - 0 Error(s), 0 Warning(s).
Clean started: Project: 'Stepper'
   deleting intermediate output files for target 'Stepper'
</pre>
</body>
</html>
