<html>
<body>
<pre>
<h1>µVision Build Log</h1>
<h2>Project:</h2>
D:\Dropbox\ArmBook\LaunchPad\ValvanoWareTM4C123\EdgeInterrupt_4C123\EdgeInterrupt.uvproj
Project File Date:  05/03/2015

<h2>Output:</h2>
Build target 'EdgeInterrupt'
assembling startup.s...
compiling EdgeInterrupt.c...
linking...
Program Size: Code=1220 RO-data=32 RW-data=4 ZI-data=1124  
".\EdgeInterrupt.axf" - 0 Error(s), 0 Warning(s).
Load "D:\\Dropbox\\ArmBook\\LaunchPad\\ValvanoWareTM4C123\\EdgeInterrupt_4C123\\EdgeInterrupt.axf" 
Connecting: Mode=JTAG, Speed=1000000Hz
Erase Done.
Programming Done.
Verify OK.
Load "D:\\Dropbox\\ArmBook\\LaunchPad\\ValvanoWareTM4C123\\EdgeInterrupt_4C123\\EdgeInterrupt.axf" 
Connecting: Mode=JTAG, Speed=1000000Hz
Erase Done.
Programming Done.
Verify OK.
Clean started: Project: 'EdgeInterrupt'
   deleting intermediate output files for target 'EdgeInterrupt'
</pre>
</body>
</html>
