<html>
<body>
<pre>
<h1>µVision Build Log</h1>
<h2>Project:</h2>
D:\Dropbox\ArmBook\LaunchPad\ValvanoWareTM4C123\StepperFSM_4C123\Stepper.uvproj
Project File Date:  02/02/2015

<h2>Output:</h2>
Build target 'Stepper'
assembling startup.s...
compiling StepperTestMain.c...
compiling SysTick.c...
compiling PLL.c...
linking...
Program Size: Code=1416 RO-data=128 RW-data=8 ZI-data=1120  
".\Stepper.axf" - 0 Error(s), 0 Warning(s).
Clean started: Project: 'Stepper'
   deleting intermediate output files for target 'Stepper'
</pre>
</body>
</html>
