<html>
<body>
<pre>
<h1>µVision Build Log</h1>
<h2>Project:</h2>
D:\Dropbox\ArmBook\LaunchPad\ValvanoWaveTM4C123\PeriodicTimer2AInts_4C123\Timer2A.uvproj
Project File Date:  05/05/2015

<h2>Output:</h2>
Build target 'Timer2A'
assembling startup.s...
compiling PLL.c...
compiling main.c...
compiling Timer2.c...
linking...
Program Size: Code=1188 RO-data=64 RW-data=8 ZI-data=1024  
".\Timer2A.axf" - 0 Error(s), 0 Warning(s).
Clean started: Project: 'Timer2A'
   deleting intermediate output files for target 'Timer2A'
</pre>
</body>
</html>
