<html>
<body>
<pre>
<h1>µVision Build Log</h1>
<h2>Project:</h2>
C:\Dropbox\ArmBook\LaunchPad\ValvanoWaveTM4C123\PWMSine_4C123\PWMSine.uvproj
Project File Date:  01/16/2015

<h2>Output:</h2>
Build target 'PWMSine'
assembling startup.s...
compiling PLL.c...
compiling PWM.c...
compiling PWMSine.c...
compiling Timer0A.c...
linking...
Program Size: Code=1648 RO-data=96 RW-data=8 ZI-data=1120  
".\PWMSine.axf" - 0 Error(s), 0 Warning(s).
Load "C:\\Dropbox\\ArmBook\\LaunchPad\\ValvanoWaveTM4C123\\PWMSine_4C123\\PWMSine.axf" 
Connecting: Mode=JTAG, Speed=1000000Hz
Erase Done.
Programming Done.
Verify OK.
Clean started: Project: 'PWMSine'
   deleting intermediate output files for target 'PWMSine'
</pre>
</body>
</html>
