<html>
<body>
<pre>
<h1>µVision Build Log</h1>
<h2>Project:</h2>
C:\Dropbox\ArmBook\LaunchPad\ValvanoWaveTM4C123\LLFifo_4C123asm\LLFifo.uvproj
Project File Date:  08/11/2014

<h2>Output:</h2>
Build target 'LLFifo'
assembling Startup.s...
assembling Heap.s...
assembling LLFifo.s...
assembling LLFifoTestMain.s...
linking...
Program Size: Code=1336 RO-data=0 RW-data=116 ZI-data=1028  
".\LLFifo.axf" - 0 Error(s), 0 Warning(s).
Load "C:\\Dropbox\\ArmBook\\LaunchPad\\ValvanoWaveTM4C123\\LLFifo_4C123asm\\LLFifo.axf" 
Connecting: Mode=JTAG, Speed=1000000Hz
Erase Done.
Programming Done.
Verify OK.
Clean started: Project: 'LLFifo'
   deleting intermediate output files for target 'LLFifo'
</pre>
</body>
</html>
