<html>
<body>
<pre>
<h1>µVision Build Log</h1>
<h2>Project:</h2>
E:\Dropbox\ArmBook\LaunchPad\LaunchPadware\LLFifo_4C123asm\LLFifo.uvproj
Project File Date:  12/07/2013

<h2>Output:</h2>
Build target 'LLFifo'
assembling Heap.s...
assembling LLFifo.s...
assembling LLFifoTestMain.s...
linking...
Program Size: Code=1336 RO-data=0 RW-data=116 ZI-data=1028  
".\LLFifo.axf" - 0 Errors, 0 Warning(s).
Load "E:\\Dropbox\\ArmBook\\LaunchPad\\LaunchPadware\\LLFifo_4C123asm\\LLFifo.axf" 
Connecting: Mode=JTAG, Speed=1000000Hz
Erase Done.
Programming Done.
Verify OK.
Clean started: Project: 'LLFifo'
   deleting intermediate output files for target 'LLFifo'
