<html>
<body>
<pre>
<h1>µVision Build Log</h1>
<h2>Project:</h2>
E:\Dropbox\ArmBook\LaunchPad\LaunchPadware\MAX5353_4F120\MAX5353.uvproj
Project File Date:  05/26/2014

<h2>Output:</h2>
Build target 'MAX5353'
compiling MAX5353.c...
linking...
Program Size: Code=1228 RO-data=80 RW-data=0 ZI-data=1120  
".\MAX5353.axf" - 0 Errors, 0 Warning(s).
Build target 'MAX5353'
compiling MAX5353.c...
compiling MAX5353TestMain.c...
linking...
Program Size: Code=1228 RO-data=80 RW-data=0 ZI-data=1120  
".\MAX5353.axf" - 0 Errors, 0 Warning(s).
Build target 'MAX5353'
compiling MAX5353TestMain.c...
compiling SysTick.c...
linking...
Program Size: Code=1228 RO-data=80 RW-data=0 ZI-data=1120  
".\MAX5353.axf" - 0 Errors, 0 Warning(s).
Rebuild target 'MAX5353'
assembling startup.s...
compiling MAX5353.c...
compiling MAX5353TestMain.c...
compiling SysTick.c...
linking...
Program Size: Code=1228 RO-data=80 RW-data=0 ZI-data=1120  
".\MAX5353.axf" - 0 Errors, 0 Warning(s).
Build target 'MAX5353'
compiling MAX5353.c...
linking...
Program Size: Code=1228 RO-data=80 RW-data=0 ZI-data=1120  
".\MAX5353.axf" - 0 Errors, 0 Warning(s).
