<html>
<body>
<pre>
<h1>µVision Build Log</h1>
<h2>Project:</h2>
C:\Dropbox\ArmBook\LaunchPad\ValvanoWaveTM4C123\HeapFixedBlock_4C123\HeapFixedBlock.uvproj
Project File Date:  08/11/2014

<h2>Output:</h2>
Build target 'HeapFixedBlock'
assembling startup.s...
compiling Heap.c...
compiling HeapTestMain.c...
linking...
Program Size: Code=1156 RO-data=32 RW-data=28 ZI-data=1204  
".\HeapFixedBlock.axf" - 0 Error(s), 0 Warning(s).
Load "C:\\Dropbox\\ArmBook\\LaunchPad\\ValvanoWaveTM4C123\\HeapFixedBlock_4C123\\HeapFixedBlock.axf" 
Connecting: Mode=JTAG, Speed=1000000Hz
Erase Done.
Programming Done.
Verify OK.
Clean started: Project: 'HeapFixedBlock'
   deleting intermediate output files for target 'HeapFixedBlock'
</pre>
</body>
</html>
