<html>
<body>
<pre>
<h1>µVision Build Log</h1>
<h2>Project:</h2>
C:\Users\Kyle\Documents\git\EE445L\Lab 2\ADCSWTrigger.uvproj
Project File Date:  02/01/2016

<h2>Output:</h2>
Rebuild target 'ADCSWTrigger'
assembling startup.s...
compiling ADCSWTrigger.c...
compiling ADCTestMain.c...
ADCTestMain.c(175): warning:  #177-D: variable "i" was declared but never referenced
        int i = 0;
ADCTestMain.c: 1 warning, 0 errors
compiling PLL.c...
compiling ST7735.c...
linking...
Program Size: Code=3428 RO-data=2052 RW-data=52 ZI-data=17316  
".\ADCSWTrigger.axf" - 0 Error(s), 1 Warning(s).
Load "C:\\Users\\Kyle\\Documents\\git\\EE445L\\Lab 2\\ADCSWTrigger.axf" 
Connecting: Mode=JTAG, Speed=1000000Hz
Erase Done.
Programming Done.
Verify OK.
</pre>
</body>
</html>
\\git\\EE445L\\Lab 2\\ADCSWTrigger.axf" 
_____^
*** error 56: cannot open file
Error: Flash Download failed  -  Could not load file 'C:\Users\Kyle\Documents\git\EE445L\Lab 2\ADCSWTrigger.axf'
Load "C:\\Users\\Kyle\\Documents\\git\\EE445L\\Lab 2\\ADCSWTrigger.axf" 
_____^
*** error 56: cannot open file
Error: Flash Download failed  -  Could not load file 'C:\Users\Kyle\Documents\git\EE445L\Lab 2\ADCSWTrigger.axf'
