<html>
<body>
<pre>
<h1>µVision Build Log</h1>
<h2>Project:</h2>
D:\Dropbox\ArmBook\LaunchPad\ValvanoWareTM4C123\SDCFile_4C123\SDCFile.uvproj
Project File Date:  03/23/2015

<h2>Output:</h2>
Build target 'SDCFile'
assembling startup.s...
compiling diskio.c...
compiling ff.c...
compiling PLL.c...
compiling SDCFile.c...
compiling ST7735.c...
linking...
Program Size: Code=12564 RO-data=2068 RW-data=68 ZI-data=3308  
".\SDCFile.axf" - 0 Error(s), 0 Warning(s).
Clean started: Project: 'SDCFile'
   deleting intermediate output files for target 'SDCFile'
</pre>
</body>
</html>
