<html>
<body>
<pre>
<h1>µVision Build Log</h1>
<h2>Project:</h2>
E:\Dropbox\ArmBook\LaunchPad\LaunchPadware\RTOS_4C123\RTOS.uvproj
Project File Date:  01/29/2015

<h2>Output:</h2>
Build target 'RTOS'
assembling startup.s...
assembling osasm.s...
compiling os.c...
compiling PLL.c...
compiling user.c...
linking...
Program Size: Code=1936 RO-data=32 RW-data=16 ZI-data=2344  
".\RTOS.axf" - 0 Errors, 0 Warning(s).
Load "E:\\Dropbox\\ArmBook\\LaunchPad\\LaunchPadware\\RTOS_4C123\\RTOS.axf" 
Connecting: Mode=JTAG, Speed=1000000Hz
Erase Done.
Programming Done.
Verify OK.
Clean started: Project: 'RTOS'
   deleting intermediate output files for target 'RTOS'
