<html>
<body>
<pre>
<h1>µVision Build Log</h1>
<h2>Project:</h2>
D:\Dropbox\ArmBook\LaunchPad\ValvanoWareTM4C123\WS2812_4C123\WS2812.uvproj
Project File Date:  02/16/2015

<h2>Output:</h2>
Build target 'WS2812'
assembling startup.s...
compiling ADCSWTrigger.c...
compiling ADCT0ATrigger.c...
compiling DMATimer.c...
compiling PLL.c...
compiling SysTick.c...
compiling WS2812.c...
compiling WS2812TestMain.c...
linking...
Program Size: Code=8232 RO-data=32 RW-data=88 ZI-data=6616  
".\WS2812.axf" - 0 Error(s), 0 Warning(s).
Clean started: Project: 'WS2812'
   deleting intermediate output files for target 'WS2812'
</pre>
</body>
</html>
