<html>
<body>
<pre>
<h1>µVision Build Log</h1>
<h2>Project:</h2>
E:\Dropbox\ArmBook\LaunchPad\LaunchPadware\WS2812_4C123\WS2812.uvproj
Project File Date:  08/20/2014

<h2>Output:</h2>
Build target 'WS2812'
compiling WS2812TestMain.c...
linking...
Program Size: Code=11092 RO-data=32 RW-data=88 ZI-data=6616  
".\WS2812.axf" - 0 Errors, 0 Warning(s).
Load "E:\\Dropbox\\ArmBook\\LaunchPad\\LaunchPadware\\WS2812_4C123\\WS2812.axf" 
Connecting: Mode=JTAG, Speed=1000000Hz
Erase Done.
Programming Done.
Verify OK.
Build target 'WS2812'
compiling WS2812TestMain.c...
linking...
Program Size: Code=11096 RO-data=32 RW-data=88 ZI-data=6616  
".\WS2812.axf" - 0 Errors, 0 Warning(s).
Load "E:\\Dropbox\\ArmBook\\LaunchPad\\LaunchPadware\\WS2812_4C123\\WS2812.axf" 
Connecting: Mode=JTAG, Speed=1000000Hz
Erase Done.
Programming Done.
Verify OK.
Build target 'WS2812'
compiling WS2812TestMain.c...
linking...
Program Size: Code=11096 RO-data=32 RW-data=88 ZI-data=6616  
".\WS2812.axf" - 0 Errors, 0 Warning(s).
Load "E:\\Dropbox\\ArmBook\\LaunchPad\\LaunchPadware\\WS2812_4C123\\WS2812.axf" 
Connecting: Mode=JTAG, Speed=1000000Hz
Erase Done.
Programming Done.
Verify OK.
