<html>
<body>
<pre>
<h1>µVision Build Log</h1>
<h2>Project:</h2>
E:\Dropbox\ArmBook\LaunchPad\LaunchPadware\Tester_4F120\Tester.uvproj
Project File Date:  07/21/2014

<h2>Output:</h2>
Rebuild target 'Tester'
assembling startup.s...
compiling ADCSWTrigger.c...
compiling PLL.c...
compiling Tester.c...
compiling Timer0.c...
compiling UART2.c...
linking...
Program Size: Code=7928 RO-data=32 RW-data=44 ZI-data=1156  
".\Tester.axf" - 0 Errors, 0 Warning(s).
Load "E:\\Dropbox\\ArmBook\\LaunchPad\\LaunchPadware\\Tester_4F120\\Tester.axf" 
Connecting: Mode=JTAG, Speed=1000000Hz
Erase Done.
Programming Done.
Verify OK.
Clean started: Project: 'Tester'
   deleting intermediate output files for target 'Tester'
