<html>
<body>
<pre>
<h1>µVision Build Log</h1>
<h2>Project:</h2>
E:\Dropbox\ArmBook\LaunchPad\LaunchPadware\HeapFixedBlock_4F120\HeapFixedBlock.uvproj
Project File Date:  09/11/2013

<h2>Output:</h2>
Build target 'HeapFixedBlock'
compiling Heap.c...
Heap.c(60): warning:  #513-D: a value of type "long *" cannot be assigned to an entity of type "int32_t *"
compiling HeapTestMain.c...
linking...
Program Size: Code=1156 RO-data=32 RW-data=28 ZI-data=1204  
".\HeapFixedBlock.axf" - 0 Errors, 1 Warning(s).
Build target 'HeapFixedBlock'
compiling Heap.c...
compiling HeapTestMain.c...
linking...
Program Size: Code=1156 RO-data=32 RW-data=28 ZI-data=1204  
".\HeapFixedBlock.axf" - 0 Errors, 0 Warning(s).
Build target 'HeapFixedBlock'
compiling Heap.c...
linking...
Program Size: Code=1156 RO-data=32 RW-data=28 ZI-data=1204  
".\HeapFixedBlock.axf" - 0 Errors, 0 Warning(s).
Load "E:\\Dropbox\\ArmBook\\LaunchPad\\LaunchPadware\\HeapFixedBlock_4F120\\HeapFixedBlock.axf" 
Connecting: Mode=JTAG, Speed=1000000Hz
Erase Done.
Programming Done.
Verify OK.
Clean started: Project: 'HeapFixedBlock'
   deleting intermediate output files for target 'HeapFixedBlock'
