<html>
<body>
<pre>
<h1>µVision Build Log</h1>
<h2>Project:</h2>
C:\Users\Kyle\Documents\git\EE445L\Lab4\espDemo.uvproj
Project File Date:  02/21/2016

<h2>Output:</h2>
Rebuild target 'esp8266'
assembling startup.s...
compiling main.c...
main.c(131): warning:  #940-D: missing return statement at end of non-void function "ParseResponse"
  }
main.c: 1 warning, 0 errors
compiling pll.c...
compiling esp8266.c...
compiling UART.c...
compiling LED.c...
linking...
Program Size: Code=7992 RO-data=32 RW-data=204 ZI-data=7204  
".\esp8266.axf" - 0 Error(s), 1 Warning(s).
