<html>
<body>
<pre>
<h1>µVision Build Log</h1>
<h2>Project:</h2>
C:\Users\Kyle\Documents\git\EE445L\Lab5\ADCSWTrigger.uvproj
Project File Date:  02/24/2016

<h2>Output:</h2>
Rebuild target 'ADCSWTrigger'
assembling startup.s...
compiling ADCSWTrigger.c...
compiling ADCTestMain.c...
compiling PLL.c...
compiling ST7735.c...
compiling sound.c...
compiling switch.c...
switch.c(10): warning:  #177-D: variable "delay" was declared but never referenced
        int delay = 0;
switch.c: 1 warning, 0 errors
compiling sys_tick.c...
linking...
Program Size: Code=2300 RO-data=16 RW-data=0 ZI-data=1736  
".\ADCSWTrigger.axf" - 0 Error(s), 1 Warning(s).
o).
.\ADCSWTrigger.axf: Error: L6218E: Undefined symbol alarm_minutes (referred from display.o).
.\ADCSWTrigger.axf: Error: L6218E: Undefined symbol alarm_mode (referred from display.o).
.\ADCSWTrigger.axf: Error: L6218E: Undefined symbol alarm_seconds (referred from display.o).
.\ADCSWTrigger.axf: Error: L6218E: Undefined symbol alarm_set (referred from display.o).
.\ADCSWTrigger.axf: Error: L6218E: Undefined symbol clear_screen (referred from display.o).
.\ADCSWTrigger.axf: Error: L6218E: Undefined symbol clock_mode (referred from display.o).
.\ADCSWTrigger.axf: Error: L6218E: Undefined symbol hours (referred from display.o).
.\ADCSWTrigger.axf: Error: L6218E: Undefined symbol minutes (referred from display.o).
.\ADCSWTrigger.axf: Error: L6218E: Undefined symbol refresh (referred from display.o).
.\ADCSWTrigger.axf: Error: L6218E: Undefined symbol seconds (referred from display.o).
.\ADCSWTrigger.axf: Error: L6218E: Undefined symbol time_set (referred from display.o).
.\ADCSWTrigger.axf: Error: L6218E: Undefined symbol timeout (referred from display.o).
Not enough information to list image symbols.
Finished: 1 information, 0 warning and 13 error messages.
".\ADCSWTrigger.axf" - 13 Error(s), 1 Warning(s).
Target not created
