<?xml version="1.0"?>
<link_info>
   <banner>TI ARM Linker PC v5.2.4</banner>
   <copyright>Copyright (c) 1996-2015 Texas Instruments Incorporated</copyright>
   <link_time>0x5585fc3f</link_time>
   <link_errors>0x0</link_errors>
   <output_file>LLFifo_4C123asm.out</output_file>
   <entry_point>
      <name>_c_int00</name>
      <address>0x705</address>
   </entry_point>
   <input_file_list>
      <input_file id="fl-2">
         <path>.\</path>
         <kind>object</kind>
         <file>LLFifo.obj</file>
         <name>LLFifo.obj</name>
      </input_file>
      <input_file id="fl-3">
         <path>.\</path>
         <kind>object</kind>
         <file>LLFifoTestMain.obj</file>
         <name>LLFifoTestMain.obj</name>
      </input_file>
      <input_file id="fl-4">
         <path>.\</path>
         <kind>object</kind>
         <file>heap.obj</file>
         <name>heap.obj</name>
      </input_file>
      <input_file id="fl-5">
         <path>.\</path>
         <kind>object</kind>
         <file>tm4c123gh6pm_startup_ccs.obj</file>
         <name>tm4c123gh6pm_startup_ccs.obj</name>
      </input_file>
      <input_file id="fl-12b">
         <path>C:\ti\ccsv6\tools\compiler\ti-cgt-arm_5.2.4\lib\</path>
         <kind>archive</kind>
         <file>rtsv7M4_T_le_v4SPD16_eabi.lib</file>
         <name>boot.obj</name>
      </input_file>
      <input_file id="fl-12c">
         <path>C:\ti\ccsv6\tools\compiler\ti-cgt-arm_5.2.4\lib\</path>
         <kind>archive</kind>
         <file>rtsv7M4_T_le_v4SPD16_eabi.lib</file>
         <name>exit.obj</name>
      </input_file>
      <input_file id="fl-12d">
         <path>C:\ti\ccsv6\tools\compiler\ti-cgt-arm_5.2.4\lib\</path>
         <kind>archive</kind>
         <file>rtsv7M4_T_le_v4SPD16_eabi.lib</file>
         <name>pre_init.obj</name>
      </input_file>
      <input_file id="fl-12e">
         <path>C:\ti\ccsv6\tools\compiler\ti-cgt-arm_5.2.4\lib\</path>
         <kind>archive</kind>
         <file>rtsv7M4_T_le_v4SPD16_eabi.lib</file>
         <name>stkdepth_vars.obj</name>
      </input_file>
      <input_file id="fl-12f">
         <path>C:\ti\ccsv6\tools\compiler\ti-cgt-arm_5.2.4\lib\</path>
         <kind>archive</kind>
         <file>rtsv7M4_T_le_v4SPD16_eabi.lib</file>
         <name>_lock.obj</name>
      </input_file>
      <input_file id="fl-130">
         <path>C:\ti\ccsv6\tools\compiler\ti-cgt-arm_5.2.4\lib\</path>
         <kind>archive</kind>
         <file>rtsv7M4_T_le_v4SPD16_eabi.lib</file>
         <name>args_main.obj</name>
      </input_file>
      <input_file id="fl-131">
         <path>C:\ti\ccsv6\tools\compiler\ti-cgt-arm_5.2.4\lib\</path>
         <kind>archive</kind>
         <file>rtsv7M4_T_le_v4SPD16_eabi.lib</file>
         <name>autoinit.obj</name>
      </input_file>
      <input_file id="fl-132">
         <path>C:\ti\ccsv6\tools\compiler\ti-cgt-arm_5.2.4\lib\</path>
         <kind>archive</kind>
         <file>rtsv7M4_T_le_v4SPD16_eabi.lib</file>
         <name>cpy_tbl.obj</name>
      </input_file>
      <input_file id="fl-133">
         <path>C:\ti\ccsv6\tools\compiler\ti-cgt-arm_5.2.4\lib\</path>
         <kind>archive</kind>
         <file>rtsv7M4_T_le_v4SPD16_eabi.lib</file>
         <name>memcpy_t2.obj</name>
      </input_file>
   </input_file_list>
   <object_component_list>
      <object_component id="oc-f">
         <name>.intvecs</name>
         <load_address>0x0</load_address>
         <run_address>0x0</run_address>
         <size>0x26c</size>
         <input_file_ref idref="fl-5"/>
      </object_component>
      <object_component id="oc-53">
         <name>.text</name>
         <load_address>0x26c</load_address>
         <run_address>0x26c</run_address>
         <size>0x1f4</size>
         <input_file_ref idref="fl-3"/>
      </object_component>
      <object_component id="oc-13">
         <name>.text</name>
         <load_address>0x460</load_address>
         <run_address>0x460</run_address>
         <size>0x112</size>
         <input_file_ref idref="fl-5"/>
      </object_component>
      <object_component id="oc-65">
         <name>.text</name>
         <load_address>0x572</load_address>
         <run_address>0x572</run_address>
         <size>0x9c</size>
         <input_file_ref idref="fl-133"/>
      </object_component>
      <object_component id="oc-78">
         <name>.text</name>
         <load_address>0x610</load_address>
         <run_address>0x610</run_address>
         <size>0x86</size>
         <input_file_ref idref="fl-2"/>
      </object_component>
      <object_component id="oc-34">
         <name>.text</name>
         <load_address>0x698</load_address>
         <run_address>0x698</run_address>
         <size>0x6c</size>
         <input_file_ref idref="fl-131"/>
      </object_component>
      <object_component id="oc-1c">
         <name>.text</name>
         <load_address>0x704</load_address>
         <run_address>0x704</run_address>
         <size>0x50</size>
         <input_file_ref idref="fl-12b"/>
      </object_component>
      <object_component id="oc-4b">
         <name>.text</name>
         <load_address>0x754</load_address>
         <run_address>0x754</run_address>
         <size>0x4c</size>
         <input_file_ref idref="fl-132"/>
      </object_component>
      <object_component id="oc-a2">
         <name>.text</name>
         <load_address>0x7a0</load_address>
         <run_address>0x7a0</run_address>
         <size>0x48</size>
         <input_file_ref idref="fl-4"/>
      </object_component>
      <object_component id="oc-40">
         <name>.text</name>
         <load_address>0x7e8</load_address>
         <run_address>0x7e8</run_address>
         <size>0x44</size>
         <input_file_ref idref="fl-12c"/>
      </object_component>
      <object_component id="oc-3a">
         <name>.text</name>
         <load_address>0x82c</load_address>
         <run_address>0x82c</run_address>
         <size>0x18</size>
         <input_file_ref idref="fl-130"/>
      </object_component>
      <object_component id="oc-86">
         <name>.text</name>
         <load_address>0x844</load_address>
         <run_address>0x844</run_address>
         <size>0x14</size>
         <input_file_ref idref="fl-12f"/>
      </object_component>
      <object_component id="oc-2e">
         <name>.text</name>
         <load_address>0x858</load_address>
         <run_address>0x858</run_address>
         <size>0x4</size>
         <input_file_ref idref="fl-12d"/>
      </object_component>
      <object_component id="oc-12">
         <name>.stack</name>
         <uninitialized>true</uninitialized>
         <run_address>0x20000000</run_address>
         <size>0x0</size>
         <input_file_ref idref="fl-12b"/>
      </object_component>
      <object_component id="oc-cf">
         <name>.stack</name>
         <uninitialized>true</uninitialized>
         <run_address>0x20000000</run_address>
         <size>0x0</size>
      </object_component>
      <object_component id="oc-ab">
         <name>.data</name>
         <load_address>0x20000200</load_address>
         <run_address>0x20000200</run_address>
         <size>0x54</size>
         <input_file_ref idref="fl-4"/>
      </object_component>
      <object_component id="oc-7d">
         <name>.data</name>
         <load_address>0x20000254</load_address>
         <run_address>0x20000254</run_address>
         <size>0x14</size>
         <input_file_ref idref="fl-3"/>
      </object_component>
      <object_component id="oc-a1">
         <name>.data</name>
         <load_address>0x20000268</load_address>
         <run_address>0x20000268</run_address>
         <size>0x8</size>
         <input_file_ref idref="fl-2"/>
      </object_component>
      <object_component id="oc-5a">
         <name>.data</name>
         <load_address>0x20000270</load_address>
         <run_address>0x20000270</run_address>
         <size>0x8</size>
         <input_file_ref idref="fl-12f"/>
      </object_component>
      <object_component id="oc-5d">
         <name>.data</name>
         <load_address>0x20000278</load_address>
         <run_address>0x20000278</run_address>
         <size>0x8</size>
         <input_file_ref idref="fl-12c"/>
      </object_component>
      <object_component id="oc-46">
         <name>.data</name>
         <load_address>0x20000280</load_address>
         <run_address>0x20000280</run_address>
         <size>0x4</size>
         <input_file_ref idref="fl-12e"/>
      </object_component>
      <object_component id="oc-79">
         <name>.debug_info</name>
         <load_address>0x0</load_address>
         <run_address>0x0</run_address>
         <size>0x177</size>
         <input_file_ref idref="fl-2"/>
      </object_component>
      <object_component id="oc-54">
         <name>.debug_info</name>
         <load_address>0x177</load_address>
         <run_address>0x177</run_address>
         <size>0x3e5</size>
         <input_file_ref idref="fl-3"/>
      </object_component>
      <object_component id="oc-a3">
         <name>.debug_info</name>
         <load_address>0x55c</load_address>
         <run_address>0x55c</run_address>
         <size>0x159</size>
         <input_file_ref idref="fl-4"/>
      </object_component>
      <object_component id="oc-1b">
         <name>.debug_info</name>
         <load_address>0x6b5</load_address>
         <run_address>0x6b5</run_address>
         <size>0x114</size>
         <input_file_ref idref="fl-5"/>
      </object_component>
      <object_component id="oc-10">
         <name>.debug_info</name>
         <load_address>0x7c9</load_address>
         <run_address>0x7c9</run_address>
         <size>0xf9</size>
         <input_file_ref idref="fl-5"/>
      </object_component>
      <object_component id="oc-14">
         <name>.debug_info</name>
         <load_address>0x8c2</load_address>
         <run_address>0x8c2</run_address>
         <size>0x39d4</size>
         <input_file_ref idref="fl-5"/>
      </object_component>
      <object_component id="oc-24">
         <name>.debug_info</name>
         <load_address>0x4296</load_address>
         <run_address>0x4296</run_address>
         <size>0x84</size>
         <input_file_ref idref="fl-5"/>
      </object_component>
      <object_component id="oc-29">
         <name>.debug_info</name>
         <load_address>0x431a</load_address>
         <run_address>0x431a</run_address>
         <size>0x18b</size>
         <input_file_ref idref="fl-5"/>
      </object_component>
      <object_component id="oc-1d">
         <name>.debug_info</name>
         <load_address>0x44a5</load_address>
         <run_address>0x44a5</run_address>
         <size>0x136</size>
         <input_file_ref idref="fl-12b"/>
      </object_component>
      <object_component id="oc-61">
         <name>.debug_info</name>
         <load_address>0x45db</load_address>
         <run_address>0x45db</run_address>
         <size>0x174</size>
         <input_file_ref idref="fl-12c"/>
      </object_component>
      <object_component id="oc-5e">
         <name>.debug_info</name>
         <load_address>0x474f</load_address>
         <run_address>0x474f</run_address>
         <size>0x119</size>
         <input_file_ref idref="fl-12c"/>
      </object_component>
      <object_component id="oc-41">
         <name>.debug_info</name>
         <load_address>0x4868</load_address>
         <run_address>0x4868</run_address>
         <size>0x1f0</size>
         <input_file_ref idref="fl-12c"/>
      </object_component>
      <object_component id="oc-2f">
         <name>.debug_info</name>
         <load_address>0x4a58</load_address>
         <run_address>0x4a58</run_address>
         <size>0x12b</size>
         <input_file_ref idref="fl-12d"/>
      </object_component>
      <object_component id="oc-47">
         <name>.debug_info</name>
         <load_address>0x4b83</load_address>
         <run_address>0x4b83</run_address>
         <size>0xec</size>
         <input_file_ref idref="fl-12e"/>
      </object_component>
      <object_component id="oc-8e">
         <name>.debug_info</name>
         <load_address>0x4c6f</load_address>
         <run_address>0x4c6f</run_address>
         <size>0x107</size>
         <input_file_ref idref="fl-12f"/>
      </object_component>
      <object_component id="oc-5b">
         <name>.debug_info</name>
         <load_address>0x4d76</load_address>
         <run_address>0x4d76</run_address>
         <size>0xf6</size>
         <input_file_ref idref="fl-12f"/>
      </object_component>
      <object_component id="oc-87">
         <name>.debug_info</name>
         <load_address>0x4e6c</load_address>
         <run_address>0x4e6c</run_address>
         <size>0x202</size>
         <input_file_ref idref="fl-12f"/>
      </object_component>
      <object_component id="oc-59">
         <name>.debug_info</name>
         <load_address>0x506e</load_address>
         <run_address>0x506e</run_address>
         <size>0x149</size>
         <input_file_ref idref="fl-130"/>
      </object_component>
      <object_component id="oc-3b">
         <name>.debug_info</name>
         <load_address>0x51b7</load_address>
         <run_address>0x51b7</run_address>
         <size>0x14a</size>
         <input_file_ref idref="fl-130"/>
      </object_component>
      <object_component id="oc-81">
         <name>.debug_info</name>
         <load_address>0x5301</load_address>
         <run_address>0x5301</run_address>
         <size>0x5e</size>
         <input_file_ref idref="fl-130"/>
      </object_component>
      <object_component id="oc-52">
         <name>.debug_info</name>
         <load_address>0x535f</load_address>
         <run_address>0x535f</run_address>
         <size>0x2a0</size>
         <input_file_ref idref="fl-131"/>
      </object_component>
      <object_component id="oc-35">
         <name>.debug_info</name>
         <load_address>0x55ff</load_address>
         <run_address>0x55ff</run_address>
         <size>0x15a</size>
         <input_file_ref idref="fl-131"/>
      </object_component>
      <object_component id="oc-6e">
         <name>.debug_info</name>
         <load_address>0x5759</load_address>
         <run_address>0x5759</run_address>
         <size>0x39</size>
         <input_file_ref idref="fl-131"/>
      </object_component>
      <object_component id="oc-73">
         <name>.debug_info</name>
         <load_address>0x5792</load_address>
         <run_address>0x5792</run_address>
         <size>0xcd</size>
         <input_file_ref idref="fl-131"/>
      </object_component>
      <object_component id="oc-6b">
         <name>.debug_info</name>
         <load_address>0x585f</load_address>
         <run_address>0x585f</run_address>
         <size>0x1c3</size>
         <input_file_ref idref="fl-132"/>
      </object_component>
      <object_component id="oc-4c">
         <name>.debug_info</name>
         <load_address>0x5a22</load_address>
         <run_address>0x5a22</run_address>
         <size>0x166</size>
         <input_file_ref idref="fl-132"/>
      </object_component>
      <object_component id="oc-9c">
         <name>.debug_info</name>
         <load_address>0x5b88</load_address>
         <run_address>0x5b88</run_address>
         <size>0x2c</size>
         <input_file_ref idref="fl-132"/>
      </object_component>
      <object_component id="oc-97">
         <name>.debug_info</name>
         <load_address>0x5bb4</load_address>
         <run_address>0x5bb4</run_address>
         <size>0x2c</size>
         <input_file_ref idref="fl-132"/>
      </object_component>
      <object_component id="oc-68">
         <name>.debug_info</name>
         <load_address>0x5be0</load_address>
         <run_address>0x5be0</run_address>
         <size>0xf8</size>
         <input_file_ref idref="fl-133"/>
      </object_component>
      <object_component id="oc-d0">
         <name>.debug_info</name>
         <load_address>0x5cd8</load_address>
         <run_address>0x5cd8</run_address>
         <size>0xb3</size>
      </object_component>
      <object_component id="oc-7c">
         <name>.debug_line</name>
         <load_address>0x0</load_address>
         <run_address>0x0</run_address>
         <size>0x88</size>
         <input_file_ref idref="fl-2"/>
      </object_component>
      <object_component id="oc-57">
         <name>.debug_line</name>
         <load_address>0x88</load_address>
         <run_address>0x88</run_address>
         <size>0xf8</size>
         <input_file_ref idref="fl-3"/>
      </object_component>
      <object_component id="oc-a6">
         <name>.debug_line</name>
         <load_address>0x180</load_address>
         <run_address>0x180</run_address>
         <size>0x6f</size>
         <input_file_ref idref="fl-4"/>
      </object_component>
      <object_component id="oc-23">
         <name>.debug_line</name>
         <load_address>0x1ef</load_address>
         <run_address>0x1ef</run_address>
         <size>0x41</size>
         <input_file_ref idref="fl-5"/>
      </object_component>
      <object_component id="oc-1a">
         <name>.debug_line</name>
         <load_address>0x230</load_address>
         <run_address>0x230</run_address>
         <size>0x41</size>
         <input_file_ref idref="fl-5"/>
      </object_component>
      <object_component id="oc-17">
         <name>.debug_line</name>
         <load_address>0x271</load_address>
         <run_address>0x271</run_address>
         <size>0xc38</size>
         <input_file_ref idref="fl-5"/>
      </object_component>
      <object_component id="oc-27">
         <name>.debug_line</name>
         <load_address>0xea9</load_address>
         <run_address>0xea9</run_address>
         <size>0x20</size>
         <input_file_ref idref="fl-5"/>
      </object_component>
      <object_component id="oc-2c">
         <name>.debug_line</name>
         <load_address>0xec9</load_address>
         <run_address>0xec9</run_address>
         <size>0x60</size>
         <input_file_ref idref="fl-5"/>
      </object_component>
      <object_component id="oc-20">
         <name>.debug_line</name>
         <load_address>0xf29</load_address>
         <run_address>0xf29</run_address>
         <size>0x52</size>
         <input_file_ref idref="fl-12b"/>
      </object_component>
      <object_component id="oc-93">
         <name>.debug_line</name>
         <load_address>0xf7b</load_address>
         <run_address>0xf7b</run_address>
         <size>0x71</size>
         <input_file_ref idref="fl-12c"/>
      </object_component>
      <object_component id="oc-91">
         <name>.debug_line</name>
         <load_address>0xfec</load_address>
         <run_address>0xfec</run_address>
         <size>0x2a</size>
         <input_file_ref idref="fl-12c"/>
      </object_component>
      <object_component id="oc-44">
         <name>.debug_line</name>
         <load_address>0x1016</load_address>
         <run_address>0x1016</run_address>
         <size>0x7a</size>
         <input_file_ref idref="fl-12c"/>
      </object_component>
      <object_component id="oc-32">
         <name>.debug_line</name>
         <load_address>0x1090</load_address>
         <run_address>0x1090</run_address>
         <size>0x40</size>
         <input_file_ref idref="fl-12d"/>
      </object_component>
      <object_component id="oc-64">
         <name>.debug_line</name>
         <load_address>0x10d0</load_address>
         <run_address>0x10d0</run_address>
         <size>0x33</size>
         <input_file_ref idref="fl-12e"/>
      </object_component>
      <object_component id="oc-aa">
         <name>.debug_line</name>
         <load_address>0x1103</load_address>
         <run_address>0x1103</run_address>
         <size>0x20</size>
         <input_file_ref idref="fl-12f"/>
      </object_component>
      <object_component id="oc-8d">
         <name>.debug_line</name>
         <load_address>0x1123</load_address>
         <run_address>0x1123</run_address>
         <size>0x2b</size>
         <input_file_ref idref="fl-12f"/>
      </object_component>
      <object_component id="oc-8a">
         <name>.debug_line</name>
         <load_address>0x114e</load_address>
         <run_address>0x114e</run_address>
         <size>0x68</size>
         <input_file_ref idref="fl-12f"/>
      </object_component>
      <object_component id="oc-80">
         <name>.debug_line</name>
         <load_address>0x11b6</load_address>
         <run_address>0x11b6</run_address>
         <size>0x2b</size>
         <input_file_ref idref="fl-130"/>
      </object_component>
      <object_component id="oc-3e">
         <name>.debug_line</name>
         <load_address>0x11e1</load_address>
         <run_address>0x11e1</run_address>
         <size>0x50</size>
         <input_file_ref idref="fl-130"/>
      </object_component>
      <object_component id="oc-84">
         <name>.debug_line</name>
         <load_address>0x1231</load_address>
         <run_address>0x1231</run_address>
         <size>0x2b</size>
         <input_file_ref idref="fl-130"/>
      </object_component>
      <object_component id="oc-6d">
         <name>.debug_line</name>
         <load_address>0x125c</load_address>
         <run_address>0x125c</run_address>
         <size>0x81</size>
         <input_file_ref idref="fl-131"/>
      </object_component>
      <object_component id="oc-38">
         <name>.debug_line</name>
         <load_address>0x12dd</load_address>
         <run_address>0x12dd</run_address>
         <size>0x79</size>
         <input_file_ref idref="fl-131"/>
      </object_component>
      <object_component id="oc-71">
         <name>.debug_line</name>
         <load_address>0x1356</load_address>
         <run_address>0x1356</run_address>
         <size>0x2e</size>
         <input_file_ref idref="fl-131"/>
      </object_component>
      <object_component id="oc-76">
         <name>.debug_line</name>
         <load_address>0x1384</load_address>
         <run_address>0x1384</run_address>
         <size>0x73</size>
         <input_file_ref idref="fl-131"/>
      </object_component>
      <object_component id="oc-96">
         <name>.debug_line</name>
         <load_address>0x13f7</load_address>
         <run_address>0x13f7</run_address>
         <size>0x80</size>
         <input_file_ref idref="fl-132"/>
      </object_component>
      <object_component id="oc-4f">
         <name>.debug_line</name>
         <load_address>0x1477</load_address>
         <run_address>0x1477</run_address>
         <size>0x68</size>
         <input_file_ref idref="fl-132"/>
      </object_component>
      <object_component id="oc-9f">
         <name>.debug_line</name>
         <load_address>0x14df</load_address>
         <run_address>0x14df</run_address>
         <size>0x2e</size>
         <input_file_ref idref="fl-132"/>
      </object_component>
      <object_component id="oc-9a">
         <name>.debug_line</name>
         <load_address>0x150d</load_address>
         <run_address>0x150d</run_address>
         <size>0x72</size>
         <input_file_ref idref="fl-132"/>
      </object_component>
      <object_component id="oc-66">
         <name>.debug_line</name>
         <load_address>0x157f</load_address>
         <run_address>0x157f</run_address>
         <size>0x88</size>
         <input_file_ref idref="fl-133"/>
      </object_component>
      <object_component id="oc-a7">
         <name>.debug_abbrev</name>
         <load_address>0x0</load_address>
         <run_address>0x0</run_address>
         <size>0x47</size>
         <input_file_ref idref="fl-2"/>
      </object_component>
      <object_component id="oc-7e">
         <name>.debug_abbrev</name>
         <load_address>0x47</load_address>
         <run_address>0x47</run_address>
         <size>0x5f</size>
         <input_file_ref idref="fl-3"/>
      </object_component>
      <object_component id="oc-ac">
         <name>.debug_abbrev</name>
         <load_address>0xa6</load_address>
         <run_address>0xa6</run_address>
         <size>0x3b</size>
         <input_file_ref idref="fl-4"/>
      </object_component>
      <object_component id="oc-22">
         <name>.debug_abbrev</name>
         <load_address>0xe1</load_address>
         <run_address>0xe1</run_address>
         <size>0x5d</size>
         <input_file_ref idref="fl-5"/>
      </object_component>
      <object_component id="oc-19">
         <name>.debug_abbrev</name>
         <load_address>0x13e</load_address>
         <run_address>0x13e</run_address>
         <size>0x29</size>
         <input_file_ref idref="fl-5"/>
      </object_component>
      <object_component id="oc-21">
         <name>.debug_abbrev</name>
         <load_address>0x167</load_address>
         <run_address>0x167</run_address>
         <size>0xa4</size>
         <input_file_ref idref="fl-5"/>
      </object_component>
      <object_component id="oc-26">
         <name>.debug_abbrev</name>
         <load_address>0x20b</load_address>
         <run_address>0x20b</run_address>
         <size>0x1f</size>
         <input_file_ref idref="fl-5"/>
      </object_component>
      <object_component id="oc-2b">
         <name>.debug_abbrev</name>
         <load_address>0x22a</load_address>
         <run_address>0x22a</run_address>
         <size>0x35</size>
         <input_file_ref idref="fl-5"/>
      </object_component>
      <object_component id="oc-49">
         <name>.debug_abbrev</name>
         <load_address>0x25f</load_address>
         <run_address>0x25f</run_address>
         <size>0x3e</size>
         <input_file_ref idref="fl-12b"/>
      </object_component>
      <object_component id="oc-92">
         <name>.debug_abbrev</name>
         <load_address>0x29d</load_address>
         <run_address>0x29d</run_address>
         <size>0x6b</size>
         <input_file_ref idref="fl-12c"/>
      </object_component>
      <object_component id="oc-90">
         <name>.debug_abbrev</name>
         <load_address>0x308</load_address>
         <run_address>0x308</run_address>
         <size>0x29</size>
         <input_file_ref idref="fl-12c"/>
      </object_component>
      <object_component id="oc-60">
         <name>.debug_abbrev</name>
         <load_address>0x331</load_address>
         <run_address>0x331</run_address>
         <size>0xba</size>
         <input_file_ref idref="fl-12c"/>
      </object_component>
      <object_component id="oc-4a">
         <name>.debug_abbrev</name>
         <load_address>0x3eb</load_address>
         <run_address>0x3eb</run_address>
         <size>0x55</size>
         <input_file_ref idref="fl-12d"/>
      </object_component>
      <object_component id="oc-63">
         <name>.debug_abbrev</name>
         <load_address>0x440</load_address>
         <run_address>0x440</run_address>
         <size>0x27</size>
         <input_file_ref idref="fl-12e"/>
      </object_component>
      <object_component id="oc-a9">
         <name>.debug_abbrev</name>
         <load_address>0x467</load_address>
         <run_address>0x467</run_address>
         <size>0x45</size>
         <input_file_ref idref="fl-12f"/>
      </object_component>
      <object_component id="oc-8c">
         <name>.debug_abbrev</name>
         <load_address>0x4ac</load_address>
         <run_address>0x4ac</run_address>
         <size>0x29</size>
         <input_file_ref idref="fl-12f"/>
      </object_component>
      <object_component id="oc-a8">
         <name>.debug_abbrev</name>
         <load_address>0x4d5</load_address>
         <run_address>0x4d5</run_address>
         <size>0x6f</size>
         <input_file_ref idref="fl-12f"/>
      </object_component>
      <object_component id="oc-7f">
         <name>.debug_abbrev</name>
         <load_address>0x544</load_address>
         <run_address>0x544</run_address>
         <size>0x8e</size>
         <input_file_ref idref="fl-130"/>
      </object_component>
      <object_component id="oc-58">
         <name>.debug_abbrev</name>
         <load_address>0x5d2</load_address>
         <run_address>0x5d2</run_address>
         <size>0x68</size>
         <input_file_ref idref="fl-130"/>
      </object_component>
      <object_component id="oc-83">
         <name>.debug_abbrev</name>
         <load_address>0x63a</load_address>
         <run_address>0x63a</run_address>
         <size>0x49</size>
         <input_file_ref idref="fl-130"/>
      </object_component>
      <object_component id="oc-6c">
         <name>.debug_abbrev</name>
         <load_address>0x683</load_address>
         <run_address>0x683</run_address>
         <size>0x9a</size>
         <input_file_ref idref="fl-131"/>
      </object_component>
      <object_component id="oc-51">
         <name>.debug_abbrev</name>
         <load_address>0x71d</load_address>
         <run_address>0x71d</run_address>
         <size>0x7e</size>
         <input_file_ref idref="fl-131"/>
      </object_component>
      <object_component id="oc-70">
         <name>.debug_abbrev</name>
         <load_address>0x79b</load_address>
         <run_address>0x79b</run_address>
         <size>0x24</size>
         <input_file_ref idref="fl-131"/>
      </object_component>
      <object_component id="oc-75">
         <name>.debug_abbrev</name>
         <load_address>0x7bf</load_address>
         <run_address>0x7bf</run_address>
         <size>0x4b</size>
         <input_file_ref idref="fl-131"/>
      </object_component>
      <object_component id="oc-95">
         <name>.debug_abbrev</name>
         <load_address>0x80a</load_address>
         <run_address>0x80a</run_address>
         <size>0x9c</size>
         <input_file_ref idref="fl-132"/>
      </object_component>
      <object_component id="oc-6a">
         <name>.debug_abbrev</name>
         <load_address>0x8a6</load_address>
         <run_address>0x8a6</run_address>
         <size>0x8c</size>
         <input_file_ref idref="fl-132"/>
      </object_component>
      <object_component id="oc-9e">
         <name>.debug_abbrev</name>
         <load_address>0x932</load_address>
         <run_address>0x932</run_address>
         <size>0x24</size>
         <input_file_ref idref="fl-132"/>
      </object_component>
      <object_component id="oc-99">
         <name>.debug_abbrev</name>
         <load_address>0x956</load_address>
         <run_address>0x956</run_address>
         <size>0x24</size>
         <input_file_ref idref="fl-132"/>
      </object_component>
      <object_component id="oc-94">
         <name>.debug_abbrev</name>
         <load_address>0x97a</load_address>
         <run_address>0x97a</run_address>
         <size>0x3e</size>
         <input_file_ref idref="fl-133"/>
      </object_component>
      <object_component id="oc-d1">
         <name>.debug_abbrev</name>
         <load_address>0x9b8</load_address>
         <run_address>0x9b8</run_address>
         <size>0xf</size>
      </object_component>
      <object_component id="oc-7a">
         <name>.debug_aranges</name>
         <load_address>0x0</load_address>
         <run_address>0x0</run_address>
         <size>0x30</size>
         <input_file_ref idref="fl-2"/>
      </object_component>
      <object_component id="oc-55">
         <name>.debug_aranges</name>
         <load_address>0x30</load_address>
         <run_address>0x30</run_address>
         <size>0x28</size>
         <input_file_ref idref="fl-3"/>
      </object_component>
      <object_component id="oc-a4">
         <name>.debug_aranges</name>
         <load_address>0x58</load_address>
         <run_address>0x58</run_address>
         <size>0x30</size>
         <input_file_ref idref="fl-4"/>
      </object_component>
      <object_component id="oc-15">
         <name>.debug_aranges</name>
         <load_address>0x88</load_address>
         <run_address>0x88</run_address>
         <size>0x410</size>
         <input_file_ref idref="fl-5"/>
      </object_component>
      <object_component id="oc-1f">
         <name>.debug_aranges</name>
         <load_address>0x498</load_address>
         <run_address>0x498</run_address>
         <size>0x20</size>
         <input_file_ref idref="fl-12b"/>
      </object_component>
      <object_component id="oc-42">
         <name>.debug_aranges</name>
         <load_address>0x4b8</load_address>
         <run_address>0x4b8</run_address>
         <size>0x30</size>
         <input_file_ref idref="fl-12c"/>
      </object_component>
      <object_component id="oc-30">
         <name>.debug_aranges</name>
         <load_address>0x4e8</load_address>
         <run_address>0x4e8</run_address>
         <size>0x20</size>
         <input_file_ref idref="fl-12d"/>
      </object_component>
      <object_component id="oc-88">
         <name>.debug_aranges</name>
         <load_address>0x508</load_address>
         <run_address>0x508</run_address>
         <size>0x30</size>
         <input_file_ref idref="fl-12f"/>
      </object_component>
      <object_component id="oc-3c">
         <name>.debug_aranges</name>
         <load_address>0x538</load_address>
         <run_address>0x538</run_address>
         <size>0x20</size>
         <input_file_ref idref="fl-130"/>
      </object_component>
      <object_component id="oc-36">
         <name>.debug_aranges</name>
         <load_address>0x558</load_address>
         <run_address>0x558</run_address>
         <size>0x20</size>
         <input_file_ref idref="fl-131"/>
      </object_component>
      <object_component id="oc-4d">
         <name>.debug_aranges</name>
         <load_address>0x578</load_address>
         <run_address>0x578</run_address>
         <size>0x20</size>
         <input_file_ref idref="fl-132"/>
      </object_component>
      <object_component id="oc-67">
         <name>.debug_aranges</name>
         <load_address>0x598</load_address>
         <run_address>0x598</run_address>
         <size>0x20</size>
         <input_file_ref idref="fl-133"/>
      </object_component>
      <object_component id="oc-7b">
         <name>.debug_pubnames</name>
         <load_address>0x0</load_address>
         <run_address>0x0</run_address>
         <size>0x3a</size>
         <input_file_ref idref="fl-2"/>
      </object_component>
      <object_component id="oc-56">
         <name>.debug_pubnames</name>
         <load_address>0x3a</load_address>
         <run_address>0x3a</run_address>
         <size>0x25</size>
         <input_file_ref idref="fl-3"/>
      </object_component>
      <object_component id="oc-a5">
         <name>.debug_pubnames</name>
         <load_address>0x5f</load_address>
         <run_address>0x5f</run_address>
         <size>0x43</size>
         <input_file_ref idref="fl-4"/>
      </object_component>
      <object_component id="oc-11">
         <name>.debug_pubnames</name>
         <load_address>0xa2</load_address>
         <run_address>0xa2</run_address>
         <size>0x23</size>
         <input_file_ref idref="fl-5"/>
      </object_component>
      <object_component id="oc-16">
         <name>.debug_pubnames</name>
         <load_address>0xc5</load_address>
         <run_address>0xc5</run_address>
         <size>0xa55</size>
         <input_file_ref idref="fl-5"/>
      </object_component>
      <object_component id="oc-1e">
         <name>.debug_pubnames</name>
         <load_address>0xb1a</load_address>
         <run_address>0xb1a</run_address>
         <size>0x1f</size>
         <input_file_ref idref="fl-12b"/>
      </object_component>
      <object_component id="oc-5f">
         <name>.debug_pubnames</name>
         <load_address>0xb39</load_address>
         <run_address>0xb39</run_address>
         <size>0x3a</size>
         <input_file_ref idref="fl-12c"/>
      </object_component>
      <object_component id="oc-43">
         <name>.debug_pubnames</name>
         <load_address>0xb73</load_address>
         <run_address>0xb73</run_address>
         <size>0x35</size>
         <input_file_ref idref="fl-12c"/>
      </object_component>
      <object_component id="oc-31">
         <name>.debug_pubnames</name>
         <load_address>0xba8</load_address>
         <run_address>0xba8</run_address>
         <size>0x27</size>
         <input_file_ref idref="fl-12d"/>
      </object_component>
      <object_component id="oc-48">
         <name>.debug_pubnames</name>
         <load_address>0xbcf</load_address>
         <run_address>0xbcf</run_address>
         <size>0x23</size>
         <input_file_ref idref="fl-12e"/>
      </object_component>
      <object_component id="oc-5c">
         <name>.debug_pubnames</name>
         <load_address>0xbf2</load_address>
         <run_address>0xbf2</run_address>
         <size>0x28</size>
         <input_file_ref idref="fl-12f"/>
      </object_component>
      <object_component id="oc-89">
         <name>.debug_pubnames</name>
         <load_address>0xc1a</load_address>
         <run_address>0xc1a</run_address>
         <size>0x43</size>
         <input_file_ref idref="fl-12f"/>
      </object_component>
      <object_component id="oc-3d">
         <name>.debug_pubnames</name>
         <load_address>0xc5d</load_address>
         <run_address>0xc5d</run_address>
         <size>0x21</size>
         <input_file_ref idref="fl-130"/>
      </object_component>
      <object_component id="oc-37">
         <name>.debug_pubnames</name>
         <load_address>0xc7e</load_address>
         <run_address>0xc7e</run_address>
         <size>0x25</size>
         <input_file_ref idref="fl-131"/>
      </object_component>
      <object_component id="oc-4e">
         <name>.debug_pubnames</name>
         <load_address>0xca3</load_address>
         <run_address>0xca3</run_address>
         <size>0x1e</size>
         <input_file_ref idref="fl-132"/>
      </object_component>
      <object_component id="oc-69">
         <name>.debug_pubnames</name>
         <load_address>0xcc1</load_address>
         <run_address>0xcc1</run_address>
         <size>0x1d</size>
         <input_file_ref idref="fl-133"/>
      </object_component>
      <object_component id="oc-18">
         <name>.debug_frame</name>
         <load_address>0x0</load_address>
         <run_address>0x0</run_address>
         <size>0x8dd</size>
         <input_file_ref idref="fl-5"/>
      </object_component>
      <object_component id="oc-45">
         <name>.debug_frame</name>
         <load_address>0x8dd</load_address>
         <run_address>0x8dd</run_address>
         <size>0xb3</size>
         <input_file_ref idref="fl-12c"/>
      </object_component>
      <object_component id="oc-33">
         <name>.debug_frame</name>
         <load_address>0x990</load_address>
         <run_address>0x990</run_address>
         <size>0x7f</size>
         <input_file_ref idref="fl-12d"/>
      </object_component>
      <object_component id="oc-8b">
         <name>.debug_frame</name>
         <load_address>0xa0f</load_address>
         <run_address>0xa0f</run_address>
         <size>0xa1</size>
         <input_file_ref idref="fl-12f"/>
      </object_component>
      <object_component id="oc-3f">
         <name>.debug_frame</name>
         <load_address>0xab0</load_address>
         <run_address>0xab0</run_address>
         <size>0x7f</size>
         <input_file_ref idref="fl-130"/>
      </object_component>
      <object_component id="oc-39">
         <name>.debug_frame</name>
         <load_address>0xb2f</load_address>
         <run_address>0xb2f</run_address>
         <size>0x8a</size>
         <input_file_ref idref="fl-131"/>
      </object_component>
      <object_component id="oc-50">
         <name>.debug_frame</name>
         <load_address>0xbb9</load_address>
         <run_address>0xbb9</run_address>
         <size>0x8e</size>
         <input_file_ref idref="fl-132"/>
      </object_component>
      <object_component id="oc-28">
         <name>.debug_str</name>
         <load_address>0x0</load_address>
         <run_address>0x0</run_address>
         <size>0xf5</size>
         <input_file_ref idref="fl-5"/>
      </object_component>
      <object_component id="oc-2d">
         <name>.debug_str</name>
         <load_address>0xf5</load_address>
         <run_address>0xf5</run_address>
         <size>0x221</size>
         <input_file_ref idref="fl-5"/>
      </object_component>
      <object_component id="oc-85">
         <name>.debug_str</name>
         <load_address>0x316</load_address>
         <run_address>0x316</run_address>
         <size>0xb9</size>
         <input_file_ref idref="fl-130"/>
      </object_component>
      <object_component id="oc-72">
         <name>.debug_str</name>
         <load_address>0x3cf</load_address>
         <run_address>0x3cf</run_address>
         <size>0xc5</size>
         <input_file_ref idref="fl-131"/>
      </object_component>
      <object_component id="oc-77">
         <name>.debug_str</name>
         <load_address>0x494</load_address>
         <run_address>0x494</run_address>
         <size>0x14f</size>
         <input_file_ref idref="fl-131"/>
      </object_component>
      <object_component id="oc-a0">
         <name>.debug_str</name>
         <load_address>0x5e3</load_address>
         <run_address>0x5e3</run_address>
         <size>0xba</size>
         <input_file_ref idref="fl-132"/>
      </object_component>
      <object_component id="oc-9b">
         <name>.debug_str</name>
         <load_address>0x69d</load_address>
         <run_address>0x69d</run_address>
         <size>0xf8</size>
         <input_file_ref idref="fl-132"/>
      </object_component>
      <object_component id="oc-25">
         <name>.debug_pubtypes</name>
         <load_address>0x0</load_address>
         <run_address>0x0</run_address>
         <size>0xed</size>
         <input_file_ref idref="fl-5"/>
      </object_component>
      <object_component id="oc-2a">
         <name>.debug_pubtypes</name>
         <load_address>0xed</load_address>
         <run_address>0xed</run_address>
         <size>0x1c6</size>
         <input_file_ref idref="fl-5"/>
      </object_component>
      <object_component id="oc-62">
         <name>.debug_pubtypes</name>
         <load_address>0x2b3</load_address>
         <run_address>0x2b3</run_address>
         <size>0x1f</size>
         <input_file_ref idref="fl-12c"/>
      </object_component>
      <object_component id="oc-8f">
         <name>.debug_pubtypes</name>
         <load_address>0x2d2</load_address>
         <run_address>0x2d2</run_address>
         <size>0x1f</size>
         <input_file_ref idref="fl-12f"/>
      </object_component>
      <object_component id="oc-82">
         <name>.debug_pubtypes</name>
         <load_address>0x2f1</load_address>
         <run_address>0x2f1</run_address>
         <size>0x1b</size>
         <input_file_ref idref="fl-130"/>
      </object_component>
      <object_component id="oc-6f">
         <name>.debug_pubtypes</name>
         <load_address>0x30c</load_address>
         <run_address>0x30c</run_address>
         <size>0x32</size>
         <input_file_ref idref="fl-131"/>
      </object_component>
      <object_component id="oc-74">
         <name>.debug_pubtypes</name>
         <load_address>0x33e</load_address>
         <run_address>0x33e</run_address>
         <size>0x50</size>
         <input_file_ref idref="fl-131"/>
      </object_component>
      <object_component id="oc-9d">
         <name>.debug_pubtypes</name>
         <load_address>0x38e</load_address>
         <run_address>0x38e</run_address>
         <size>0x23</size>
         <input_file_ref idref="fl-132"/>
      </object_component>
      <object_component id="oc-98">
         <name>.debug_pubtypes</name>
         <load_address>0x3b1</load_address>
         <run_address>0x3b1</run_address>
         <size>0x1d</size>
         <input_file_ref idref="fl-132"/>
      </object_component>
   </object_component_list>
   <logical_group_list>
      <logical_group id="lg-3" display="no" color="cyan">
         <name>.intvecs</name>
         <load_address>0x0</load_address>
         <run_address>0x0</run_address>
         <size>0x26c</size>
         <contents>
            <object_component_ref idref="oc-f"/>
         </contents>
      </logical_group>
      <logical_group id="lg-4" display="no" color="cyan">
         <name>.text</name>
         <load_address>0x26c</load_address>
         <run_address>0x26c</run_address>
         <size>0x5f0</size>
         <contents>
            <object_component_ref idref="oc-53"/>
            <object_component_ref idref="oc-13"/>
            <object_component_ref idref="oc-65"/>
            <object_component_ref idref="oc-78"/>
            <object_component_ref idref="oc-34"/>
            <object_component_ref idref="oc-1c"/>
            <object_component_ref idref="oc-4b"/>
            <object_component_ref idref="oc-a2"/>
            <object_component_ref idref="oc-40"/>
            <object_component_ref idref="oc-3a"/>
            <object_component_ref idref="oc-86"/>
            <object_component_ref idref="oc-2e"/>
         </contents>
      </logical_group>
      <logical_group id="lg-5" display="no" color="cyan">
         <name>.const</name>
         <run_address>0x0</run_address>
         <size>0x0</size>
         <contents>
         </contents>
      </logical_group>
      <logical_group id="lg-6" display="no" color="cyan">
         <name>.cinit</name>
         <run_address>0x0</run_address>
         <size>0x0</size>
         <contents>
         </contents>
      </logical_group>
      <logical_group id="lg-7" display="no" color="cyan">
         <name>.pinit</name>
         <run_address>0x0</run_address>
         <size>0x0</size>
         <contents>
         </contents>
      </logical_group>
      <logical_group id="lg-8" display="no" color="cyan">
         <name>.init_array</name>
         <run_address>0x0</run_address>
         <size>0x0</size>
         <contents>
         </contents>
      </logical_group>
      <logical_group id="lg-9" display="no" color="cyan">
         <name>.vtable</name>
         <run_address>0x0</run_address>
         <size>0x0</size>
         <contents>
         </contents>
      </logical_group>
      <logical_group id="lg-c" display="no" color="cyan">
         <name>.sysmem</name>
         <run_address>0x0</run_address>
         <size>0x0</size>
         <contents>
         </contents>
      </logical_group>
      <logical_group id="lg-d" display="no" color="cyan">
         <name>.stack</name>
         <run_address>0x20000000</run_address>
         <size>0x200</size>
         <contents>
            <object_component_ref idref="oc-12"/>
            <object_component_ref idref="oc-cf"/>
         </contents>
      </logical_group>
      <logical_group id="lg-ae" display="no" color="cyan">
         <name>.TI.noinit</name>
         <run_address>0x0</run_address>
         <size>0x0</size>
         <contents>
         </contents>
      </logical_group>
      <logical_group id="lg-b" display="no" color="cyan">
         <name>.bss</name>
         <run_address>0x0</run_address>
         <size>0x0</size>
         <contents>
         </contents>
      </logical_group>
      <logical_group id="lg-ad" display="no" color="cyan">
         <name>BSS_GROUP</name>
         <run_address>0x0</run_address>
         <size>0x0</size>
         <contents>
            <logical_group_ref idref="lg-ae"/>
            <logical_group_ref idref="lg-b"/>
         </contents>
      </logical_group>
      <logical_group id="lg-b0" display="no" color="cyan">
         <name>.TI.persistent</name>
         <run_address>0x20000200</run_address>
         <size>0x0</size>
         <contents>
         </contents>
      </logical_group>
      <logical_group id="lg-a" display="no" color="cyan">
         <name>.data</name>
         <load_address>0x20000200</load_address>
         <run_address>0x20000200</run_address>
         <size>0x84</size>
         <contents>
            <object_component_ref idref="oc-ab"/>
            <object_component_ref idref="oc-7d"/>
            <object_component_ref idref="oc-a1"/>
            <object_component_ref idref="oc-5a"/>
            <object_component_ref idref="oc-5d"/>
            <object_component_ref idref="oc-46"/>
         </contents>
      </logical_group>
      <logical_group id="lg-af" display="no" color="cyan">
         <name>DATA_GROUP</name>
         <load_address>0x20000200</load_address>
         <run_address>0x20000200</run_address>
         <size>0x84</size>
         <contents>
            <logical_group_ref idref="lg-b0"/>
            <logical_group_ref idref="lg-a"/>
         </contents>
      </logical_group>
      <logical_group id="lg-be" display="never" color="cyan">
         <name>.debug_info</name>
         <load_address>0x0</load_address>
         <run_address>0x0</run_address>
         <size>0x5d8b</size>
         <contents>
            <object_component_ref idref="oc-79"/>
            <object_component_ref idref="oc-54"/>
            <object_component_ref idref="oc-a3"/>
            <object_component_ref idref="oc-1b"/>
            <object_component_ref idref="oc-10"/>
            <object_component_ref idref="oc-14"/>
            <object_component_ref idref="oc-24"/>
            <object_component_ref idref="oc-29"/>
            <object_component_ref idref="oc-1d"/>
            <object_component_ref idref="oc-61"/>
            <object_component_ref idref="oc-5e"/>
            <object_component_ref idref="oc-41"/>
            <object_component_ref idref="oc-2f"/>
            <object_component_ref idref="oc-47"/>
            <object_component_ref idref="oc-8e"/>
            <object_component_ref idref="oc-5b"/>
            <object_component_ref idref="oc-87"/>
            <object_component_ref idref="oc-59"/>
            <object_component_ref idref="oc-3b"/>
            <object_component_ref idref="oc-81"/>
            <object_component_ref idref="oc-52"/>
            <object_component_ref idref="oc-35"/>
            <object_component_ref idref="oc-6e"/>
            <object_component_ref idref="oc-73"/>
            <object_component_ref idref="oc-6b"/>
            <object_component_ref idref="oc-4c"/>
            <object_component_ref idref="oc-9c"/>
            <object_component_ref idref="oc-97"/>
            <object_component_ref idref="oc-68"/>
            <object_component_ref idref="oc-d0"/>
         </contents>
      </logical_group>
      <logical_group id="lg-c0" display="never" color="cyan">
         <name>.debug_line</name>
         <load_address>0x0</load_address>
         <run_address>0x0</run_address>
         <size>0x1607</size>
         <contents>
            <object_component_ref idref="oc-7c"/>
            <object_component_ref idref="oc-57"/>
            <object_component_ref idref="oc-a6"/>
            <object_component_ref idref="oc-23"/>
            <object_component_ref idref="oc-1a"/>
            <object_component_ref idref="oc-17"/>
            <object_component_ref idref="oc-27"/>
            <object_component_ref idref="oc-2c"/>
            <object_component_ref idref="oc-20"/>
            <object_component_ref idref="oc-93"/>
            <object_component_ref idref="oc-91"/>
            <object_component_ref idref="oc-44"/>
            <object_component_ref idref="oc-32"/>
            <object_component_ref idref="oc-64"/>
            <object_component_ref idref="oc-aa"/>
            <object_component_ref idref="oc-8d"/>
            <object_component_ref idref="oc-8a"/>
            <object_component_ref idref="oc-80"/>
            <object_component_ref idref="oc-3e"/>
            <object_component_ref idref="oc-84"/>
            <object_component_ref idref="oc-6d"/>
            <object_component_ref idref="oc-38"/>
            <object_component_ref idref="oc-71"/>
            <object_component_ref idref="oc-76"/>
            <object_component_ref idref="oc-96"/>
            <object_component_ref idref="oc-4f"/>
            <object_component_ref idref="oc-9f"/>
            <object_component_ref idref="oc-9a"/>
            <object_component_ref idref="oc-66"/>
         </contents>
      </logical_group>
      <logical_group id="lg-c2" display="never" color="cyan">
         <name>.debug_abbrev</name>
         <load_address>0x0</load_address>
         <run_address>0x0</run_address>
         <size>0x9c7</size>
         <contents>
            <object_component_ref idref="oc-a7"/>
            <object_component_ref idref="oc-7e"/>
            <object_component_ref idref="oc-ac"/>
            <object_component_ref idref="oc-22"/>
            <object_component_ref idref="oc-19"/>
            <object_component_ref idref="oc-21"/>
            <object_component_ref idref="oc-26"/>
            <object_component_ref idref="oc-2b"/>
            <object_component_ref idref="oc-49"/>
            <object_component_ref idref="oc-92"/>
            <object_component_ref idref="oc-90"/>
            <object_component_ref idref="oc-60"/>
            <object_component_ref idref="oc-4a"/>
            <object_component_ref idref="oc-63"/>
            <object_component_ref idref="oc-a9"/>
            <object_component_ref idref="oc-8c"/>
            <object_component_ref idref="oc-a8"/>
            <object_component_ref idref="oc-7f"/>
            <object_component_ref idref="oc-58"/>
            <object_component_ref idref="oc-83"/>
            <object_component_ref idref="oc-6c"/>
            <object_component_ref idref="oc-51"/>
            <object_component_ref idref="oc-70"/>
            <object_component_ref idref="oc-75"/>
            <object_component_ref idref="oc-95"/>
            <object_component_ref idref="oc-6a"/>
            <object_component_ref idref="oc-9e"/>
            <object_component_ref idref="oc-99"/>
            <object_component_ref idref="oc-94"/>
            <object_component_ref idref="oc-d1"/>
         </contents>
      </logical_group>
      <logical_group id="lg-c4" display="never" color="cyan">
         <name>.debug_aranges</name>
         <load_address>0x0</load_address>
         <run_address>0x0</run_address>
         <size>0x5b8</size>
         <contents>
            <object_component_ref idref="oc-7a"/>
            <object_component_ref idref="oc-55"/>
            <object_component_ref idref="oc-a4"/>
            <object_component_ref idref="oc-15"/>
            <object_component_ref idref="oc-1f"/>
            <object_component_ref idref="oc-42"/>
            <object_component_ref idref="oc-30"/>
            <object_component_ref idref="oc-88"/>
            <object_component_ref idref="oc-3c"/>
            <object_component_ref idref="oc-36"/>
            <object_component_ref idref="oc-4d"/>
            <object_component_ref idref="oc-67"/>
         </contents>
      </logical_group>
      <logical_group id="lg-c6" display="never" color="cyan">
         <name>.debug_pubnames</name>
         <load_address>0x0</load_address>
         <run_address>0x0</run_address>
         <size>0xcde</size>
         <contents>
            <object_component_ref idref="oc-7b"/>
            <object_component_ref idref="oc-56"/>
            <object_component_ref idref="oc-a5"/>
            <object_component_ref idref="oc-11"/>
            <object_component_ref idref="oc-16"/>
            <object_component_ref idref="oc-1e"/>
            <object_component_ref idref="oc-5f"/>
            <object_component_ref idref="oc-43"/>
            <object_component_ref idref="oc-31"/>
            <object_component_ref idref="oc-48"/>
            <object_component_ref idref="oc-5c"/>
            <object_component_ref idref="oc-89"/>
            <object_component_ref idref="oc-3d"/>
            <object_component_ref idref="oc-37"/>
            <object_component_ref idref="oc-4e"/>
            <object_component_ref idref="oc-69"/>
         </contents>
      </logical_group>
      <logical_group id="lg-c8" display="never" color="cyan">
         <name>.debug_frame</name>
         <load_address>0x0</load_address>
         <run_address>0x0</run_address>
         <size>0xc47</size>
         <contents>
            <object_component_ref idref="oc-18"/>
            <object_component_ref idref="oc-45"/>
            <object_component_ref idref="oc-33"/>
            <object_component_ref idref="oc-8b"/>
            <object_component_ref idref="oc-3f"/>
            <object_component_ref idref="oc-39"/>
            <object_component_ref idref="oc-50"/>
         </contents>
      </logical_group>
      <logical_group id="lg-ca" display="never" color="cyan">
         <name>.debug_str</name>
         <load_address>0x0</load_address>
         <run_address>0x0</run_address>
         <size>0x795</size>
         <contents>
            <object_component_ref idref="oc-28"/>
            <object_component_ref idref="oc-2d"/>
            <object_component_ref idref="oc-85"/>
            <object_component_ref idref="oc-72"/>
            <object_component_ref idref="oc-77"/>
            <object_component_ref idref="oc-a0"/>
            <object_component_ref idref="oc-9b"/>
         </contents>
      </logical_group>
      <logical_group id="lg-cc" display="never" color="cyan">
         <name>.debug_pubtypes</name>
         <load_address>0x0</load_address>
         <run_address>0x0</run_address>
         <size>0x3ce</size>
         <contents>
            <object_component_ref idref="oc-25"/>
            <object_component_ref idref="oc-2a"/>
            <object_component_ref idref="oc-62"/>
            <object_component_ref idref="oc-8f"/>
            <object_component_ref idref="oc-82"/>
            <object_component_ref idref="oc-6f"/>
            <object_component_ref idref="oc-74"/>
            <object_component_ref idref="oc-9d"/>
            <object_component_ref idref="oc-98"/>
         </contents>
      </logical_group>
      <load_segment id="lg-d4" display="no" color="cyan">
         <name>SEGMENT_0</name>
         <load_address>0x0</load_address>
         <run_address>0x0</run_address>
         <size>0x85c</size>
         <flags>0x5</flags>
         <contents>
            <logical_group_ref idref="lg-3"/>
            <logical_group_ref idref="lg-4"/>
         </contents>
      </load_segment>
      <load_segment id="lg-d5" display="no" color="cyan">
         <name>SEGMENT_1</name>
         <run_address>0x20000000</run_address>
         <size>0x200</size>
         <flags>0x6</flags>
         <contents>
            <logical_group_ref idref="lg-d"/>
         </contents>
      </load_segment>
      <load_segment id="lg-d6" display="no" color="cyan">
         <name>SEGMENT_2</name>
         <load_address>0x20000200</load_address>
         <run_address>0x20000200</run_address>
         <size>0x84</size>
         <flags>0x6</flags>
         <contents>
            <logical_group_ref idref="lg-a"/>
         </contents>
      </load_segment>
   </logical_group_list>
   <placement_map>
      <memory_area display="yes" color="green">
         <name>FLASH</name>
         <page_id>0x0</page_id>
         <origin>0x0</origin>
         <length>0x40000</length>
         <used_space>0x85c</used_space>
         <unused_space>0x3f7a4</unused_space>
         <attributes>RX</attributes>
         <usage_details>
            <allocated_space>
               <start_address>0x0</start_address>
               <size>0x26c</size>
               <logical_group_ref idref="lg-3"/>
            </allocated_space>
            <allocated_space>
               <start_address>0x26c</start_address>
               <size>0x5f0</size>
               <logical_group_ref idref="lg-4"/>
            </allocated_space>
            <available_space>
               <start_address>0x85c</start_address>
               <size>0x3f7a4</size>
            </available_space>
         </usage_details>
      </memory_area>
      <memory_area display="yes" color="green">
         <name>SRAM</name>
         <page_id>0x0</page_id>
         <origin>0x20000000</origin>
         <length>0x8000</length>
         <used_space>0x284</used_space>
         <unused_space>0x7d7c</unused_space>
         <attributes>RWX</attributes>
         <usage_details>
            <allocated_space>
               <start_address>0x20000000</start_address>
               <size>0x200</size>
               <logical_group_ref idref="lg-d"/>
            </allocated_space>
            <allocated_space>
               <start_address>0x20000200</start_address>
               <size>0x84</size>
               <logical_group_ref idref="lg-af"/>
            </allocated_space>
            <available_space>
               <start_address>0x20000284</start_address>
               <size>0x7d7c</size>
            </available_space>
         </usage_details>
      </memory_area>
   </placement_map>
   <symbol_table>
      <symbol id="sm-1">
         <name>__STACK_TOP</name>
         <value>0x20000200</value>
      </symbol>
      <symbol id="sm-2">
         <name>binit</name>
         <value>0xffffffff</value>
      </symbol>
      <symbol id="sm-3">
         <name>__binit__</name>
         <value>0xffffffff</value>
      </symbol>
      <symbol id="sm-4">
         <name>__STACK_SIZE</name>
         <value>0x200</value>
      </symbol>
      <symbol id="sm-5">
         <name>__STACK_END</name>
         <value>0x20000200</value>
      </symbol>
      <symbol id="sm-6">
         <name>__c_args__</name>
         <value>0xffffffff</value>
      </symbol>
      <symbol id="sm-7">
         <name>__TI_static_base__</name>
         <value>0x0</value>
      </symbol>
      <symbol id="sm-36">
         <name>Fifo_Put</name>
         <value>0x631</value>
         <object_component_ref idref="oc-78"/>
      </symbol>
      <symbol id="sm-37">
         <name>Fifo_Get</name>
         <value>0x667</value>
         <object_component_ref idref="oc-78"/>
      </symbol>
      <symbol id="sm-38">
         <name>Fifo_Init</name>
         <value>0x619</value>
         <object_component_ref idref="oc-78"/>
      </symbol>
      <symbol id="sm-6f">
         <name>main</name>
         <value>0x279</value>
         <object_component_ref idref="oc-53"/>
      </symbol>
      <symbol id="sm-85">
         <name>Heap_Init</name>
         <value>0x7a1</value>
         <object_component_ref idref="oc-a2"/>
      </symbol>
      <symbol id="sm-86">
         <name>Heap_Allocate</name>
         <value>0x7cd</value>
         <object_component_ref idref="oc-a2"/>
      </symbol>
      <symbol id="sm-87">
         <name>Heap_Release</name>
         <value>0x7dd</value>
         <object_component_ref idref="oc-a2"/>
      </symbol>
      <symbol id="sm-19e">
         <name>Hibernate_Handler</name>
         <value>0x4cb</value>
         <object_component_ref idref="oc-13"/>
      </symbol>
      <symbol id="sm-19f">
         <name>UART1_Handler</name>
         <value>0x481</value>
         <object_component_ref idref="oc-13"/>
      </symbol>
      <symbol id="sm-1a0">
         <name>FPU_Handler</name>
         <value>0x519</value>
         <object_component_ref idref="oc-13"/>
      </symbol>
      <symbol id="sm-1a1">
         <name>PendSV_Handler</name>
         <value>0x471</value>
         <object_component_ref idref="oc-13"/>
      </symbol>
      <symbol id="sm-1a2">
         <name>GPIOPortP4_Handler</name>
         <value>0x533</value>
         <object_component_ref idref="oc-13"/>
      </symbol>
      <symbol id="sm-1a3">
         <name>FlashCtl_Handler</name>
         <value>0x4af</value>
         <object_component_ref idref="oc-13"/>
      </symbol>
      <symbol id="sm-1a4">
         <name>Timer0A_Handler</name>
         <value>0x49b</value>
         <object_component_ref idref="oc-13"/>
      </symbol>
      <symbol id="sm-1a5">
         <name>Timer2A_Handler</name>
         <value>0x4a3</value>
         <object_component_ref idref="oc-13"/>
      </symbol>
      <symbol id="sm-1a6">
         <name>Timer4A_Handler</name>
         <value>0x4f9</value>
         <object_component_ref idref="oc-13"/>
      </symbol>
      <symbol id="sm-1a7">
         <name>SysTick_Handler</name>
         <value>0x473</value>
         <object_component_ref idref="oc-13"/>
      </symbol>
      <symbol id="sm-1a8">
         <name>SVC_Handler</name>
         <value>0x46d</value>
         <object_component_ref idref="oc-13"/>
      </symbol>
      <symbol id="sm-1a9">
         <name>I2C0_Handler</name>
         <value>0x485</value>
         <object_component_ref idref="oc-13"/>
      </symbol>
      <symbol id="sm-1aa">
         <name>I2S0_Handler</name>
         <value>0x4dd</value>
         <object_component_ref idref="oc-13"/>
      </symbol>
      <symbol id="sm-1ab">
         <name>SSI2_Handler</name>
         <value>0x4e7</value>
         <object_component_ref idref="oc-13"/>
      </symbol>
      <symbol id="sm-1ac">
         <name>GPIOPortJ_Handler</name>
         <value>0x4e1</value>
         <object_component_ref idref="oc-13"/>
      </symbol>
      <symbol id="sm-1ad">
         <name>GPIOPortE_Handler</name>
         <value>0x47d</value>
         <object_component_ref idref="oc-13"/>
      </symbol>
      <symbol id="sm-1ae">
         <name>GPIOPortQ3_Handler</name>
         <value>0x541</value>
         <object_component_ref idref="oc-13"/>
      </symbol>
      <symbol id="sm-1af">
         <name>ADC0Seq0_Handler</name>
         <value>0x491</value>
         <object_component_ref idref="oc-13"/>
      </symbol>
      <symbol id="sm-1b0">
         <name>uDMA_Error</name>
         <value>0x4d3</value>
         <object_component_ref idref="oc-13"/>
      </symbol>
      <symbol id="sm-1b1">
         <name>UART3_Handler</name>
         <value>0x4eb</value>
         <object_component_ref idref="oc-13"/>
      </symbol>
      <symbol id="sm-1b2">
         <name>CAN0_Handler</name>
         <value>0x4c3</value>
         <object_component_ref idref="oc-13"/>
      </symbol>
      <symbol id="sm-1b3">
         <name>GPIOPortP6_Handler</name>
         <value>0x537</value>
         <object_component_ref idref="oc-13"/>
      </symbol>
      <symbol id="sm-1b4">
         <name>Quadrature1_Handler</name>
         <value>0x4c1</value>
         <object_component_ref idref="oc-13"/>
      </symbol>
      <symbol id="sm-1b5">
         <name>PWM0Fault_Handler</name>
         <value>0x487</value>
         <object_component_ref idref="oc-13"/>
      </symbol>
      <symbol id="sm-1b6">
         <name>ExtBus_Handler</name>
         <value>0x4df</value>
         <object_component_ref idref="oc-13"/>
      </symbol>
      <symbol id="sm-1b7">
         <name>GPIOPortP1_Handler</name>
         <value>0x52d</value>
         <object_component_ref idref="oc-13"/>
      </symbol>
      <symbol id="sm-1b8">
         <name>PWM0Generator3_Handler</name>
         <value>0x4cf</value>
         <object_component_ref idref="oc-13"/>
      </symbol>
      <symbol id="sm-1b9">
         <name>I2C2_Handler</name>
         <value>0x4f5</value>
         <object_component_ref idref="oc-13"/>
      </symbol>
      <symbol id="sm-1ba">
         <name>Timer1A_Handler</name>
         <value>0x49f</value>
         <object_component_ref idref="oc-13"/>
      </symbol>
      <symbol id="sm-1bb">
         <name>Timer3A_Handler</name>
         <value>0x4bb</value>
         <object_component_ref idref="oc-13"/>
      </symbol>
      <symbol id="sm-1bc">
         <name>Timer5A_Handler</name>
         <value>0x4fd</value>
         <object_component_ref idref="oc-13"/>
      </symbol>
      <symbol id="sm-1bd">
         <name>GPIOPortL_Handler</name>
         <value>0x4e5</value>
         <object_component_ref idref="oc-13"/>
      </symbol>
      <symbol id="sm-1be">
         <name>WDT_Handler</name>
         <value>0x499</value>
         <object_component_ref idref="oc-13"/>
      </symbol>
      <symbol id="sm-1bf">
         <name>WideTimer3A_Handler</name>
         <value>0x50d</value>
         <object_component_ref idref="oc-13"/>
      </symbol>
      <symbol id="sm-1c0">
         <name>WideTimer1A_Handler</name>
         <value>0x505</value>
         <object_component_ref idref="oc-13"/>
      </symbol>
      <symbol id="sm-1c1">
         <name>WideTimer5A_Handler</name>
         <value>0x515</value>
         <object_component_ref idref="oc-13"/>
      </symbol>
      <symbol id="sm-1c2">
         <name>GPIOPortG_Handler</name>
         <value>0x4b3</value>
         <object_component_ref idref="oc-13"/>
      </symbol>
      <symbol id="sm-1c3">
         <name>GPIOPortQ5_Handler</name>
         <value>0x545</value>
         <object_component_ref idref="oc-13"/>
      </symbol>
      <symbol id="sm-1c4">
         <name>UART5_Handler</name>
         <value>0x4ef</value>
         <object_component_ref idref="oc-13"/>
      </symbol>
      <symbol id="sm-1c5">
         <name>CAN2_Handler</name>
         <value>0x4c7</value>
         <object_component_ref idref="oc-13"/>
      </symbol>
      <symbol id="sm-1c6">
         <name>StartCritical</name>
         <value>0x561</value>
         <object_component_ref idref="oc-13"/>
      </symbol>
      <symbol id="sm-1c7">
         <name>GPIOPortP3_Handler</name>
         <value>0x531</value>
         <object_component_ref idref="oc-13"/>
      </symbol>
      <symbol id="sm-1c8">
         <name>GPIOPortP_Handler</name>
         <value>0x52b</value>
         <object_component_ref idref="oc-13"/>
      </symbol>
      <symbol id="sm-1c9">
         <name>Comp1_Handler</name>
         <value>0x4a9</value>
         <object_component_ref idref="oc-13"/>
      </symbol>
      <symbol id="sm-1ca">
         <name>Timer0B_Handler</name>
         <value>0x49d</value>
         <object_component_ref idref="oc-13"/>
      </symbol>
      <symbol id="sm-1cb">
         <name>Timer2B_Handler</name>
         <value>0x4a5</value>
         <object_component_ref idref="oc-13"/>
      </symbol>
      <symbol id="sm-1cc">
         <name>Timer4B_Handler</name>
         <value>0x4fb</value>
         <object_component_ref idref="oc-13"/>
      </symbol>
      <symbol id="sm-1cd">
         <name>PWM0Generator1_Handler</name>
         <value>0x48b</value>
         <object_component_ref idref="oc-13"/>
      </symbol>
      <symbol id="sm-1ce">
         <name>ResetISR</name>
         <value>0x461</value>
         <object_component_ref idref="oc-13"/>
      </symbol>
      <symbol id="sm-1cf">
         <name>PECI0_Handler</name>
         <value>0x51b</value>
         <object_component_ref idref="oc-13"/>
      </symbol>
      <symbol id="sm-1d0">
         <name>LPC0_Handler</name>
         <value>0x51d</value>
         <object_component_ref idref="oc-13"/>
      </symbol>
      <symbol id="sm-1d1">
         <name>PWM1Generator2_Handler</name>
         <value>0x553</value>
         <object_component_ref idref="oc-13"/>
      </symbol>
      <symbol id="sm-1d2">
         <name>I2C5_Handler</name>
         <value>0x521</value>
         <object_component_ref idref="oc-13"/>
      </symbol>
      <symbol id="sm-1d3">
         <name>GPIOPortN_Handler</name>
         <value>0x525</value>
         <object_component_ref idref="oc-13"/>
      </symbol>
      <symbol id="sm-1d4">
         <name>ADC1Seq2_Handler</name>
         <value>0x4d9</value>
         <object_component_ref idref="oc-13"/>
      </symbol>
      <symbol id="sm-1d5">
         <name>GPIOPortQ7_Handler</name>
         <value>0x549</value>
         <object_component_ref idref="oc-13"/>
      </symbol>
      <symbol id="sm-1d6">
         <name>UART7_Handler</name>
         <value>0x4f3</value>
         <object_component_ref idref="oc-13"/>
      </symbol>
      <symbol id="sm-1d7">
         <name>ADC0Seq3_Handler</name>
         <value>0x497</value>
         <object_component_ref idref="oc-13"/>
      </symbol>
      <symbol id="sm-1d8">
         <name>WideTimer2A_Handler</name>
         <value>0x509</value>
         <object_component_ref idref="oc-13"/>
      </symbol>
      <symbol id="sm-1d9">
         <name>WideTimer0A_Handler</name>
         <value>0x501</value>
         <object_component_ref idref="oc-13"/>
      </symbol>
      <symbol id="sm-1da">
         <name>WideTimer4A_Handler</name>
         <value>0x511</value>
         <object_component_ref idref="oc-13"/>
      </symbol>
      <symbol id="sm-1db">
         <name>GPIOPortP5_Handler</name>
         <value>0x535</value>
         <object_component_ref idref="oc-13"/>
      </symbol>
      <symbol id="sm-1dc">
         <name>GPIOPortR_Handler</name>
         <value>0x54b</value>
         <object_component_ref idref="oc-13"/>
      </symbol>
      <symbol id="sm-1dd">
         <name>USB0_Handler</name>
         <value>0x4cd</value>
         <object_component_ref idref="oc-13"/>
      </symbol>
      <symbol id="sm-1de">
         <name>PWM1Generator0_Handler</name>
         <value>0x54f</value>
         <object_component_ref idref="oc-13"/>
      </symbol>
      <symbol id="sm-1df">
         <name>EndCritical</name>
         <value>0x569</value>
         <object_component_ref idref="oc-13"/>
      </symbol>
      <symbol id="sm-1e0">
         <name>SSI1_Handler</name>
         <value>0x4b9</value>
         <object_component_ref idref="oc-13"/>
      </symbol>
      <symbol id="sm-1e1">
         <name>Timer1B_Handler</name>
         <value>0x4a1</value>
         <object_component_ref idref="oc-13"/>
      </symbol>
      <symbol id="sm-1e2">
         <name>Timer3B_Handler</name>
         <value>0x4bd</value>
         <object_component_ref idref="oc-13"/>
      </symbol>
      <symbol id="sm-1e3">
         <name>Timer5B_Handler</name>
         <value>0x4ff</value>
         <object_component_ref idref="oc-13"/>
      </symbol>
      <symbol id="sm-1e4">
         <name>ADC1Seq0_Handler</name>
         <value>0x4d5</value>
         <object_component_ref idref="oc-13"/>
      </symbol>
      <symbol id="sm-1e5">
         <name>GPIOPortK_Handler</name>
         <value>0x4e3</value>
         <object_component_ref idref="oc-13"/>
      </symbol>
      <symbol id="sm-1e6">
         <name>WideTimer3B_Handler</name>
         <value>0x50f</value>
         <object_component_ref idref="oc-13"/>
      </symbol>
      <symbol id="sm-1e7">
         <name>WideTimer1B_Handler</name>
         <value>0x507</value>
         <object_component_ref idref="oc-13"/>
      </symbol>
      <symbol id="sm-1e8">
         <name>WideTimer5B_Handler</name>
         <value>0x517</value>
         <object_component_ref idref="oc-13"/>
      </symbol>
      <symbol id="sm-1e9">
         <name>SysCtl_Handler</name>
         <value>0x4ad</value>
         <object_component_ref idref="oc-13"/>
      </symbol>
      <symbol id="sm-1ea">
         <name>GPIOPortB_Handler</name>
         <value>0x477</value>
         <object_component_ref idref="oc-13"/>
      </symbol>
      <symbol id="sm-1eb">
         <name>uDMA_Handler</name>
         <value>0x4d1</value>
         <object_component_ref idref="oc-13"/>
      </symbol>
      <symbol id="sm-1ec">
         <name>ADC0Seq1_Handler</name>
         <value>0x493</value>
         <object_component_ref idref="oc-13"/>
      </symbol>
      <symbol id="sm-1ed">
         <name>UART0_Handler</name>
         <value>0x47f</value>
         <object_component_ref idref="oc-13"/>
      </symbol>
      <symbol id="sm-1ee">
         <name>GPIOPortP7_Handler</name>
         <value>0x539</value>
         <object_component_ref idref="oc-13"/>
      </symbol>
      <symbol id="sm-1ef">
         <name>PWM1Fault_Handler</name>
         <value>0x557</value>
         <object_component_ref idref="oc-13"/>
      </symbol>
      <symbol id="sm-1f0">
         <name>I2C1_Handler</name>
         <value>0x4bf</value>
         <object_component_ref idref="oc-13"/>
      </symbol>
      <symbol id="sm-1f1">
         <name>SSI3_Handler</name>
         <value>0x4e9</value>
         <object_component_ref idref="oc-13"/>
      </symbol>
      <symbol id="sm-1f2">
         <name>GPIOPortM_Handler</name>
         <value>0x523</value>
         <object_component_ref idref="oc-13"/>
      </symbol>
      <symbol id="sm-1f3">
         <name>g_pfnVectors</name>
         <value>0x0</value>
         <object_component_ref idref="oc-f"/>
      </symbol>
      <symbol id="sm-1f4">
         <name>GPIOPortD_Handler</name>
         <value>0x47b</value>
         <object_component_ref idref="oc-13"/>
      </symbol>
      <symbol id="sm-1f5">
         <name>GPIOPortQ2_Handler</name>
         <value>0x53f</value>
         <object_component_ref idref="oc-13"/>
      </symbol>
      <symbol id="sm-1f6">
         <name>UART2_Handler</name>
         <value>0x4b7</value>
         <object_component_ref idref="oc-13"/>
      </symbol>
      <symbol id="sm-1f7">
         <name>CAN1_Handler</name>
         <value>0x4c5</value>
         <object_component_ref idref="oc-13"/>
      </symbol>
      <symbol id="sm-1f8">
         <name>Quadrature0_Handler</name>
         <value>0x48f</value>
         <object_component_ref idref="oc-13"/>
      </symbol>
      <symbol id="sm-1f9">
         <name>WideTimer2B_Handler</name>
         <value>0x50b</value>
         <object_component_ref idref="oc-13"/>
      </symbol>
      <symbol id="sm-1fa">
         <name>WideTimer0B_Handler</name>
         <value>0x503</value>
         <object_component_ref idref="oc-13"/>
      </symbol>
      <symbol id="sm-1fb">
         <name>WideTimer4B_Handler</name>
         <value>0x513</value>
         <object_component_ref idref="oc-13"/>
      </symbol>
      <symbol id="sm-1fc">
         <name>GPIOPortQ_Handler</name>
         <value>0x53b</value>
         <object_component_ref idref="oc-13"/>
      </symbol>
      <symbol id="sm-1fd">
         <name>DisableInterrupts</name>
         <value>0x559</value>
         <object_component_ref idref="oc-13"/>
      </symbol>
      <symbol id="sm-1fe">
         <name>Comp0_Handler</name>
         <value>0x4a7</value>
         <object_component_ref idref="oc-13"/>
      </symbol>
      <symbol id="sm-1ff">
         <name>PWM0Generator2_Handler</name>
         <value>0x48d</value>
         <object_component_ref idref="oc-13"/>
      </symbol>
      <symbol id="sm-200">
         <name>I2C3_Handler</name>
         <value>0x4f7</value>
         <object_component_ref idref="oc-13"/>
      </symbol>
      <symbol id="sm-201">
         <name>Ethernet_Handler</name>
         <value>0x4c9</value>
         <object_component_ref idref="oc-13"/>
      </symbol>
      <symbol id="sm-202">
         <name>PWM1Generator3_Handler</name>
         <value>0x555</value>
         <object_component_ref idref="oc-13"/>
      </symbol>
      <symbol id="sm-203">
         <name>I2C4_Handler</name>
         <value>0x51f</value>
         <object_component_ref idref="oc-13"/>
      </symbol>
      <symbol id="sm-204">
         <name>Fan0_Handler</name>
         <value>0x529</value>
         <object_component_ref idref="oc-13"/>
      </symbol>
      <symbol id="sm-205">
         <name>WaitForInterrupt</name>
         <value>0x56f</value>
         <object_component_ref idref="oc-13"/>
      </symbol>
      <symbol id="sm-206">
         <name>ADC1Seq3_Handler</name>
         <value>0x4db</value>
         <object_component_ref idref="oc-13"/>
      </symbol>
      <symbol id="sm-207">
         <name>GPIOPortF_Handler</name>
         <value>0x4b1</value>
         <object_component_ref idref="oc-13"/>
      </symbol>
      <symbol id="sm-208">
         <name>GPIOPortQ4_Handler</name>
         <value>0x543</value>
         <object_component_ref idref="oc-13"/>
      </symbol>
      <symbol id="sm-209">
         <name>EnableInterrupts</name>
         <value>0x55d</value>
         <object_component_ref idref="oc-13"/>
      </symbol>
      <symbol id="sm-20a">
         <name>GPIOPortA_Handler</name>
         <value>0x475</value>
         <object_component_ref idref="oc-13"/>
      </symbol>
      <symbol id="sm-20b">
         <name>UART4_Handler</name>
         <value>0x4ed</value>
         <object_component_ref idref="oc-13"/>
      </symbol>
      <symbol id="sm-20c">
         <name>Quadrature2_Handler</name>
         <value>0x527</value>
         <object_component_ref idref="oc-13"/>
      </symbol>
      <symbol id="sm-20d">
         <name>GPIOPortP2_Handler</name>
         <value>0x52f</value>
         <object_component_ref idref="oc-13"/>
      </symbol>
      <symbol id="sm-20e">
         <name>GPIOPortS_Handler</name>
         <value>0x54d</value>
         <object_component_ref idref="oc-13"/>
      </symbol>
      <symbol id="sm-20f">
         <name>Comp2_Handler</name>
         <value>0x4ab</value>
         <object_component_ref idref="oc-13"/>
      </symbol>
      <symbol id="sm-210">
         <name>DebugMon_Handler</name>
         <value>0x46f</value>
         <object_component_ref idref="oc-13"/>
      </symbol>
      <symbol id="sm-211">
         <name>PWM0Generator0_Handler</name>
         <value>0x489</value>
         <object_component_ref idref="oc-13"/>
      </symbol>
      <symbol id="sm-212">
         <name>PWM1Generator1_Handler</name>
         <value>0x551</value>
         <object_component_ref idref="oc-13"/>
      </symbol>
      <symbol id="sm-213">
         <name>SSI0_Handler</name>
         <value>0x483</value>
         <object_component_ref idref="oc-13"/>
      </symbol>
      <symbol id="sm-214">
         <name>ADC1Seq1_Handler</name>
         <value>0x4d7</value>
         <object_component_ref idref="oc-13"/>
      </symbol>
      <symbol id="sm-215">
         <name>GPIOPortH_Handler</name>
         <value>0x4b5</value>
         <object_component_ref idref="oc-13"/>
      </symbol>
      <symbol id="sm-216">
         <name>GPIOPortQ6_Handler</name>
         <value>0x547</value>
         <object_component_ref idref="oc-13"/>
      </symbol>
      <symbol id="sm-217">
         <name>GPIOPortC_Handler</name>
         <value>0x479</value>
         <object_component_ref idref="oc-13"/>
      </symbol>
      <symbol id="sm-218">
         <name>GPIOPortQ1_Handler</name>
         <value>0x53d</value>
         <object_component_ref idref="oc-13"/>
      </symbol>
      <symbol id="sm-219">
         <name>UART6_Handler</name>
         <value>0x4f1</value>
         <object_component_ref idref="oc-13"/>
      </symbol>
      <symbol id="sm-21a">
         <name>ADC0Seq2_Handler</name>
         <value>0x495</value>
         <object_component_ref idref="oc-13"/>
      </symbol>
      <symbol id="sm-22d">
         <name>_c_int00</name>
         <value>0x705</value>
         <object_component_ref idref="oc-1c"/>
      </symbol>
      <symbol id="sm-22e">
         <name>__stack</name>
         <value>0x20000000</value>
         <object_component_ref idref="oc-12"/>
      </symbol>
      <symbol id="sm-24d">
         <name>C$$EXIT</name>
         <value>0x7e9</value>
         <object_component_ref idref="oc-40"/>
      </symbol>
      <symbol id="sm-24e">
         <name>abort</name>
         <value>0x7ed</value>
         <object_component_ref idref="oc-40"/>
      </symbol>
      <symbol id="sm-24f">
         <name>exit</name>
         <value>0x7f5</value>
         <object_component_ref idref="oc-40"/>
      </symbol>
      <symbol id="sm-250">
         <name>__TI_dtors_ptr</name>
         <value>0x2000027c</value>
         <object_component_ref idref="oc-5d"/>
      </symbol>
      <symbol id="sm-251">
         <name>__TI_cleanup_ptr</name>
         <value>0x20000278</value>
         <object_component_ref idref="oc-5d"/>
      </symbol>
      <symbol id="sm-25b">
         <name>_system_pre_init</name>
         <value>0x859</value>
         <object_component_ref idref="oc-2e"/>
      </symbol>
      <symbol id="sm-263">
         <name>main_func_sp</name>
         <value>0x20000280</value>
         <object_component_ref idref="oc-46"/>
      </symbol>
      <symbol id="sm-27c">
         <name>_nop</name>
         <value>0x853</value>
         <object_component_ref idref="oc-86"/>
      </symbol>
      <symbol id="sm-27d">
         <name>_lock</name>
         <value>0x20000270</value>
         <object_component_ref idref="oc-5a"/>
      </symbol>
      <symbol id="sm-27e">
         <name>_unlock</name>
         <value>0x20000274</value>
         <object_component_ref idref="oc-5a"/>
      </symbol>
      <symbol id="sm-27f">
         <name>_register_lock</name>
         <value>0x84b</value>
         <object_component_ref idref="oc-86"/>
      </symbol>
      <symbol id="sm-280">
         <name>_register_unlock</name>
         <value>0x845</value>
         <object_component_ref idref="oc-86"/>
      </symbol>
      <symbol id="sm-295">
         <name>_args_main</name>
         <value>0x82d</value>
         <object_component_ref idref="oc-3a"/>
      </symbol>
      <symbol id="sm-2bb">
         <name>__TI_auto_init</name>
         <value>0x699</value>
         <object_component_ref idref="oc-34"/>
      </symbol>
      <symbol id="sm-2da">
         <name>copy_in</name>
         <value>0x755</value>
         <object_component_ref idref="oc-4b"/>
      </symbol>
      <symbol id="sm-2f5">
         <name>memcpy</name>
         <value>0x573</value>
         <object_component_ref idref="oc-65"/>
      </symbol>
      <symbol id="sm-2f6">
         <name>__aeabi_memcpy</name>
         <value>0x573</value>
         <object_component_ref idref="oc-65"/>
      </symbol>
      <symbol id="sm-2f7">
         <name>__aeabi_memcpy8</name>
         <value>0x573</value>
         <object_component_ref idref="oc-65"/>
      </symbol>
      <symbol id="sm-2f8">
         <name>__aeabi_memcpy4</name>
         <value>0x573</value>
         <object_component_ref idref="oc-65"/>
      </symbol>
      <symbol id="sm-2f9">
         <name>__TI_Handler_Table_Base</name>
         <value>0x0</value>
      </symbol>
      <symbol id="sm-2fa">
         <name>__TI_Handler_Table_Limit</name>
         <value>0x0</value>
      </symbol>
      <symbol id="sm-2fb">
         <name>__TI_CINIT_Limit</name>
         <value>0x0</value>
      </symbol>
      <symbol id="sm-2fc">
         <name>__TI_CINIT_Base</name>
         <value>0x0</value>
      </symbol>
      <symbol id="sm-2fd">
         <name>SHT$$INIT_ARRAY$$Limit</name>
         <value>0x0</value>
      </symbol>
      <symbol id="sm-2fe">
         <name>SHT$$INIT_ARRAY$$Base</name>
         <value>0x0</value>
      </symbol>
   </symbol_table>
   <title>Link successful</title>
</link_info>
