<html>
<body>
<pre>
<h1>µVision Build Log</h1>
<h2>Project:</h2>
D:\Dropbox\ArmBook\LaunchPad\ValvanoWareTM4C123\PeriodicSysTickInts_4C123\PeriodicSysTickInts.uvproj
Project File Date:  05/05/2015

<h2>Output:</h2>
Build target 'PeriodicSysTickInts'
assembling startup.s...
compiling PeriodicSysTickInts.c...
compiling SysTickInts.c...
compiling PLL.c...
linking...
Program Size: Code=1332 RO-data=32 RW-data=4 ZI-data=1124  
".\PeriodicSysTickInts.axf" - 0 Error(s), 0 Warning(s).
Load "D:\\Dropbox\\ArmBook\\LaunchPad\\ValvanoWareTM4C123\\PeriodicSysTickInts_4C123\\PeriodicSysTickInts.axf" 
Connecting: Mode=JTAG, Speed=1000000Hz
Erase Done.
Programming Done.
Verify OK.
Clean started: Project: 'PeriodicSysTickInts'
   deleting intermediate output files for target 'PeriodicSysTickInts'
</pre>
</body>
</html>
