<html>
<body>
<pre>
<h1>µVision Build Log</h1>
<h2>Project:</h2>
C:\Dropbox\ArmBook\LaunchPad\ValvanoWaveTM4C123\PeriodicSysTickInts_4C123asm\PeriodicSysTickInts.uvproj
Project File Date:  02/26/2014

<h2>Output:</h2>
Build target 'PeriodicSysTickInts'
assembling PeriodicSysTickInts.s...
linking...
Program Size: Code=964 RO-data=0 RW-data=4 ZI-data=1028  
".\PeriodicSysTickInts.axf" - 0 Error(s), 0 Warning(s).
Load "C:\\Dropbox\\ArmBook\\LaunchPad\\ValvanoWaveTM4C123\\PeriodicSysTickInts_4C123asm\\PeriodicSysTickInts.axf" 
Connecting: Mode=JTAG, Speed=1000000Hz
Erase Done.
Programming Done.
Verify OK.
Clean started: Project: 'PeriodicSysTickInts'
   deleting intermediate output files for target 'PeriodicSysTickInts'
</pre>
</body>
</html>
lash Download failed  -  Could not load file 'C:\Dropbox\ArmBook\LaunchPad\ValvanoWaveTM4C123\PeriodicSysTickInts_4C123asm\PeriodicSysTickInts.axf'
