<html>
<body>
<pre>
<h1>µVision Build Log</h1>
<h2>Project:</h2>
C:\Dropbox\ArmBook\LaunchPad\ValvanoWaveTM4C123\Performance_4C123\Performance.uvproj
Project File Date:  08/11/2014

<h2>Output:</h2>
Build target 'Performance'
assembling startup.s...
compiling PLL.c...
compiling Performance.c...
linking...
Program Size: Code=2208 RO-data=32 RW-data=20 ZI-data=1124  
".\Performance.axf" - 0 Error(s), 0 Warning(s).
Clean started: Project: 'Performance'
   deleting intermediate output files for target 'Performance'
</pre>
</body>
</html>
