<html>
<body>
<pre>
<h1>µVision Build Log</h1>
<h2>Project:</h2>
C:\Dropbox\ArmBook\LaunchPad\ValvanoWaveTM4C123\Math_4C123\math.uvproj
Project File Date:  08/11/2014

<h2>Output:</h2>
Build target 'math'
assembling Startup.s...
compiling main.c...
main.c(46): warning:  #1035-D: single-precision operand implicitly converted to double-precision
    return r*r*3.14159;
main.c(63): warning:  #1035-D: single-precision operand implicitly converted to double-precision
      input=input+7.5;
main.c(76): warning:  #1035-D: single-precision operand implicitly converted to double-precision
      input=input+7.5;
main.c(89): warning:  #1035-D: single-precision operand implicitly converted to double-precision
      input=input+0.01;
main.c(102): warning:  #1035-D: single-precision operand implicitly converted to double-precision
      input=input+0.01;
main.c: 5 warnings, 0 errors
compiling SysTick.c...
assembling circle.s...
assembling sqrt.s...
linking...
Program Size: Code=7968 RO-data=472 RW-data=36 ZI-data=1124  
".\math.axf" - 0 Error(s), 5 Warning(s).
Load "C:\\Dropbox\\ArmBook\\LaunchPad\\ValvanoWaveTM4C123\\Math_4C123\\math.axf" 
Connecting: Mode=JTAG, Speed=1000000Hz
Erase Done.
Programming Done.
Verify OK.
Clean started: Project: 'math'
   deleting intermediate output files for target 'math'
</pre>
</body>
</html>
