<html>
<body>
<pre>
<h1>µVision Build Log</h1>
<h2>Project:</h2>
E:\Dropbox\ArmBook\LaunchPad\LaunchPadware\LCD_4C123\LCD.uvproj
Project File Date:  08/11/2014

<h2>Output:</h2>
Build target 'LCD'
linking...
Program Size: Code=1812 RO-data=16 RW-data=0 ZI-data=1120  
".\LCD.axf" - 0 Errors, 0 Warning(s).
Load "E:\\Dropbox\\ArmBook\\LaunchPad\\LaunchPadware\\LCD_4C123\\LCD.axf" 
Connecting: Mode=JTAG, Speed=1000000Hz
Erase Done.
Programming Done.
Verify OK.
Build target 'LCD'
compiling LCDTestMain.c...
compiling SysTick.c...
compiling lcd.c...
linking...
Program Size: Code=1812 RO-data=16 RW-data=0 ZI-data=1120  
".\LCD.axf" - 0 Errors, 0 Warning(s).
Clean started: Project: 'LCD'
   deleting intermediate output files for target 'LCD'
