ARM Linker, 5.03 [Build 76] [MDK-ARM Lite]

==============================================================================

Section Cross References

    startup.o(RESET) refers to startup.o(STACK) for StackMem
    startup.o(RESET) refers to entry.o(.ARM.Collect$$$$00000000) for __main
    st7735.o(i.Output_Clear) refers to st7735.o(i.ST7735_FillScreen) for ST7735_FillScreen
    st7735.o(i.Output_Color) refers to st7735.o(i.ST7735_SetTextColor) for ST7735_SetTextColor
    st7735.o(i.Output_Init) refers to st7735.o(i.ST7735_InitR) for ST7735_InitR
    st7735.o(i.Output_Init) refers to st7735.o(i.ST7735_FillScreen) for ST7735_FillScreen
    st7735.o(i.Output_Off) refers to st7735.o(i.Output_Clear) for Output_Clear
    st7735.o(i.Output_On) refers to st7735.o(i.Output_Init) for Output_Init
    st7735.o(i.ST7735_DrawBitmap) refers to st7735.o(i.setAddrWindow) for setAddrWindow
    st7735.o(i.ST7735_DrawBitmap) refers to st7735.o(i.writedata) for writedata
    st7735.o(i.ST7735_DrawBitmap) refers to st7735.o(.data) for _width
    st7735.o(i.ST7735_DrawChar) refers to st7735.o(i.setAddrWindow) for setAddrWindow
    st7735.o(i.ST7735_DrawChar) refers to st7735.o(i.pushColor) for pushColor
    st7735.o(i.ST7735_DrawChar) refers to st7735.o(.data) for _width
    st7735.o(i.ST7735_DrawChar) refers to st7735.o(.constdata) for Font
    st7735.o(i.ST7735_DrawCharS) refers to st7735.o(i.ST7735_DrawPixel) for ST7735_DrawPixel
    st7735.o(i.ST7735_DrawCharS) refers to st7735.o(i.ST7735_FillRect) for ST7735_FillRect
    st7735.o(i.ST7735_DrawCharS) refers to st7735.o(.data) for _width
    st7735.o(i.ST7735_DrawCharS) refers to st7735.o(.constdata) for Font
    st7735.o(i.ST7735_DrawFastHLine) refers to st7735.o(i.setAddrWindow) for setAddrWindow
    st7735.o(i.ST7735_DrawFastHLine) refers to st7735.o(i.writedata) for writedata
    st7735.o(i.ST7735_DrawFastHLine) refers to st7735.o(.data) for _width
    st7735.o(i.ST7735_DrawFastVLine) refers to st7735.o(i.setAddrWindow) for setAddrWindow
    st7735.o(i.ST7735_DrawFastVLine) refers to st7735.o(i.writedata) for writedata
    st7735.o(i.ST7735_DrawFastVLine) refers to st7735.o(.data) for _width
    st7735.o(i.ST7735_DrawPixel) refers to st7735.o(i.setAddrWindow) for setAddrWindow
    st7735.o(i.ST7735_DrawPixel) refers to st7735.o(i.pushColor) for pushColor
    st7735.o(i.ST7735_DrawPixel) refers to st7735.o(.data) for _width
    st7735.o(i.ST7735_DrawString) refers to st7735.o(i.ST7735_DrawCharS) for ST7735_DrawCharS
    st7735.o(i.ST7735_FillRect) refers to st7735.o(i.setAddrWindow) for setAddrWindow
    st7735.o(i.ST7735_FillRect) refers to st7735.o(i.writedata) for writedata
    st7735.o(i.ST7735_FillRect) refers to st7735.o(.data) for _width
    st7735.o(i.ST7735_FillScreen) refers to st7735.o(i.ST7735_FillRect) for ST7735_FillRect
    st7735.o(i.ST7735_FillScreen) refers to st7735.o(.data) for _height
    st7735.o(i.ST7735_InitB) refers to st7735.o(i.commonInit) for commonInit
    st7735.o(i.ST7735_InitB) refers to st7735.o(i.ST7735_SetCursor) for ST7735_SetCursor
    st7735.o(i.ST7735_InitB) refers to st7735.o(i.ST7735_FillScreen) for ST7735_FillScreen
    st7735.o(i.ST7735_InitB) refers to st7735.o(.constdata) for Bcmd
    st7735.o(i.ST7735_InitB) refers to st7735.o(.data) for StTextColor
    st7735.o(i.ST7735_InitR) refers to st7735.o(i.commonInit) for commonInit
    st7735.o(i.ST7735_InitR) refers to st7735.o(i.commandList) for commandList
    st7735.o(i.ST7735_InitR) refers to st7735.o(i.writecommand) for writecommand
    st7735.o(i.ST7735_InitR) refers to st7735.o(i.writedata) for writedata
    st7735.o(i.ST7735_InitR) refers to st7735.o(i.ST7735_SetCursor) for ST7735_SetCursor
    st7735.o(i.ST7735_InitR) refers to st7735.o(i.ST7735_FillScreen) for ST7735_FillScreen
    st7735.o(i.ST7735_InitR) refers to st7735.o(.constdata) for Rcmd1
    st7735.o(i.ST7735_InitR) refers to st7735.o(.data) for ColStart
    st7735.o(i.ST7735_InvertDisplay) refers to st7735.o(i.writecommand) for writecommand
    st7735.o(i.ST7735_OutChar) refers to st7735.o(i.ST7735_DrawString) for ST7735_DrawString
    st7735.o(i.ST7735_OutChar) refers to st7735.o(i.ST7735_DrawCharS) for ST7735_DrawCharS
    st7735.o(i.ST7735_OutChar) refers to st7735.o(.data) for StY
    st7735.o(i.ST7735_OutString) refers to st7735.o(i.ST7735_OutChar) for ST7735_OutChar
    st7735.o(i.ST7735_OutUDec) refers to st7735.o(i.fillmessage) for fillmessage
    st7735.o(i.ST7735_OutUDec) refers to st7735.o(i.ST7735_DrawString) for ST7735_DrawString
    st7735.o(i.ST7735_OutUDec) refers to st7735.o(i.ST7735_DrawCharS) for ST7735_DrawCharS
    st7735.o(i.ST7735_OutUDec) refers to st7735.o(.data) for Messageindex
    st7735.o(i.ST7735_OutUDec) refers to st7735.o(.bss) for Message
    st7735.o(i.ST7735_PlotBar) refers to st7735.o(i.ST7735_DrawFastVLine) for ST7735_DrawFastVLine
    st7735.o(i.ST7735_PlotBar) refers to st7735.o(.data) for Ymin
    st7735.o(i.ST7735_PlotClear) refers to st7735.o(i.ST7735_Color565) for ST7735_Color565
    st7735.o(i.ST7735_PlotClear) refers to st7735.o(i.ST7735_FillRect) for ST7735_FillRect
    st7735.o(i.ST7735_PlotClear) refers to st7735.o(.data) for Ymax
    st7735.o(i.ST7735_PlotLine) refers to st7735.o(i.ST7735_DrawPixel) for ST7735_DrawPixel
    st7735.o(i.ST7735_PlotLine) refers to st7735.o(.data) for Ymin
    st7735.o(i.ST7735_PlotNext) refers to st7735.o(.data) for X
    st7735.o(i.ST7735_PlotNextErase) refers to st7735.o(i.ST7735_Color565) for ST7735_Color565
    st7735.o(i.ST7735_PlotNextErase) refers to st7735.o(i.ST7735_DrawFastVLine) for ST7735_DrawFastVLine
    st7735.o(i.ST7735_PlotNextErase) refers to st7735.o(.data) for X
    st7735.o(i.ST7735_PlotPoint) refers to st7735.o(i.ST7735_DrawPixel) for ST7735_DrawPixel
    st7735.o(i.ST7735_PlotPoint) refers to st7735.o(.data) for Ymin
    st7735.o(i.ST7735_PlotPoints) refers to st7735.o(i.ST7735_DrawPixel) for ST7735_DrawPixel
    st7735.o(i.ST7735_PlotPoints) refers to st7735.o(.data) for Ymin
    st7735.o(i.ST7735_PlotdBfs) refers to st7735.o(i.ST7735_DrawFastVLine) for ST7735_DrawFastVLine
    st7735.o(i.ST7735_PlotdBfs) refers to st7735.o(.constdata) for dBfs
    st7735.o(i.ST7735_PlotdBfs) refers to st7735.o(.data) for X
    st7735.o(i.ST7735_SetCursor) refers to st7735.o(.data) for StX
    st7735.o(i.ST7735_SetRotation) refers to st7735.o(i.writecommand) for writecommand
    st7735.o(i.ST7735_SetRotation) refers to st7735.o(i.writedata) for writedata
    st7735.o(i.ST7735_SetRotation) refers to st7735.o(.data) for Rotation
    st7735.o(i.ST7735_SetTextColor) refers to st7735.o(.data) for StTextColor
    st7735.o(i.commandList) refers to st7735.o(i.writecommand) for writecommand
    st7735.o(i.commandList) refers to st7735.o(i.writedata) for writedata
    st7735.o(i.commandList) refers to st7735.o(i.Delay1ms) for Delay1ms
    st7735.o(i.commonInit) refers to st7735.o(i.Delay1ms) for Delay1ms
    st7735.o(i.commonInit) refers to st7735.o(i.commandList) for commandList
    st7735.o(i.commonInit) refers to st7735.o(.data) for RowStart
    st7735.o(i.fillmessage) refers to st7735.o(.bss) for Message
    st7735.o(i.fillmessage) refers to st7735.o(.data) for Messageindex
    st7735.o(i.fputc) refers to st7735.o(i.ST7735_OutChar) for ST7735_OutChar
    st7735.o(i.pushColor) refers to st7735.o(i.writedata) for writedata
    st7735.o(i.setAddrWindow) refers to st7735.o(i.writecommand) for writecommand
    st7735.o(i.setAddrWindow) refers to st7735.o(i.writedata) for writedata
    st7735.o(i.setAddrWindow) refers to st7735.o(.data) for ColStart
    st7735testmain.o(i.BookExamples) refers to printfa.o(i.__0printf) for __2printf
    st7735testmain.o(i.BookExamples) refers to f2d.o(.text) for __aeabi_f2d
    st7735testmain.o(i.drawthecolors) refers to st7735.o(i.ST7735_Color565) for ST7735_Color565
    st7735testmain.o(i.drawthecolors) refers to st7735.o(i.ST7735_DrawFastHLine) for ST7735_DrawFastHLine
    st7735testmain.o(i.drawthecolors) refers to st7735testmain.o(i.DelayWait10ms) for DelayWait10ms
    st7735testmain.o(i.drawthecolors) refers to st7735testmain.o(.data) for y
    st7735testmain.o(i.main) refers to pll.o(i.PLL_Init) for PLL_Init
    st7735testmain.o(i.main) refers to st7735.o(i.ST7735_InitR) for ST7735_InitR
    st7735testmain.o(i.main) refers to st7735.o(i.ST7735_Color565) for ST7735_Color565
    st7735testmain.o(i.main) refers to st7735.o(i.ST7735_DrawCharS) for ST7735_DrawCharS
    st7735testmain.o(i.main) refers to st7735.o(i.ST7735_DrawChar) for ST7735_DrawChar
    st7735testmain.o(i.main) refers to st7735testmain.o(i.DelayWait10ms) for DelayWait10ms
    st7735testmain.o(i.main) refers to st7735.o(i.ST7735_FillScreen) for ST7735_FillScreen
    st7735testmain.o(i.main) refers to st7735.o(i.ST7735_DrawBitmap) for ST7735_DrawBitmap
    st7735testmain.o(i.main) refers to st7735testmain.o(.constdata) for Test2
    st7735testmain.o(i.main0) refers to pll.o(i.PLL_Init) for PLL_Init
    st7735testmain.o(i.main0) refers to st7735.o(i.Output_Init) for Output_Init
    st7735testmain.o(i.main0) refers to printfa.o(i.__0printf) for __2printf
    st7735testmain.o(i.main1) refers to pll.o(i.PLL_Init) for PLL_Init
    st7735testmain.o(i.main1) refers to st7735.o(i.ST7735_InitR) for ST7735_InitR
    st7735testmain.o(i.main1) refers to st7735.o(i.ST7735_OutString) for ST7735_OutString
    st7735testmain.o(i.main1) refers to st7735.o(i.ST7735_PlotClear) for ST7735_PlotClear
    st7735testmain.o(i.main1) refers to st7735.o(i.ST7735_PlotPoints) for ST7735_PlotPoints
    st7735testmain.o(i.main1) refers to st7735.o(i.ST7735_PlotNext) for ST7735_PlotNext
    st7735testmain.o(i.main3) refers to pll.o(i.PLL_Init) for PLL_Init
    st7735testmain.o(i.main3) refers to st7735.o(i.ST7735_InitR) for ST7735_InitR
    st7735testmain.o(i.main3) refers to st7735testmain.o(i.drawthecolors) for drawthecolors
    st7735testmain.o(i.main4) refers to st7735testmain.o(i.SSR_Init) for SSR_Init
    st7735testmain.o(i.main4) refers to st7735.o(i.Delay1ms) for Delay1ms
    st7735testmain.o(i.main5) refers to st7735testmain.o(i.SSR_Init) for SSR_Init
    st7735testmain.o(i.main5) refers to st7735testmain.o(i.DelayWait10ms) for DelayWait10ms
    st7735testmain.o(i.main6) refers to st7735.o(i.Output_Init) for Output_Init
    st7735testmain.o(i.main6) refers to st7735.o(i.Output_Color) for Output_Color
    st7735testmain.o(i.main6) refers to st7735testmain.o(i.BookExamples) for BookExamples
    st7735testmain.o(i.main6) refers to printfa.o(i.__0printf) for __2printf
    st7735testmain.o(i.main7) refers to pll.o(i.PLL_Init) for PLL_Init
    st7735testmain.o(i.main7) refers to st7735.o(i.ST7735_InitR) for ST7735_InitR
    st7735testmain.o(i.main7) refers to st7735.o(i.ST7735_FillRect) for ST7735_FillRect
    entry.o(.ARM.Collect$$$$00000000) refers (Special) to entry10a.o(.ARM.Collect$$$$0000000D) for __rt_final_cpp
    entry.o(.ARM.Collect$$$$00000000) refers (Special) to entry11a.o(.ARM.Collect$$$$0000000F) for __rt_final_exit
    entry.o(.ARM.Collect$$$$00000000) refers (Special) to entry7b.o(.ARM.Collect$$$$00000008) for _main_clock
    entry.o(.ARM.Collect$$$$00000000) refers (Special) to entry8b.o(.ARM.Collect$$$$0000000A) for _main_cpp_init
    entry.o(.ARM.Collect$$$$00000000) refers (Special) to entry9a.o(.ARM.Collect$$$$0000000B) for _main_init
    entry.o(.ARM.Collect$$$$00000000) refers (Special) to entry5.o(.ARM.Collect$$$$00000004) for _main_scatterload
    entry.o(.ARM.Collect$$$$00000000) refers (Special) to entry2.o(.ARM.Collect$$$$00000001) for _main_stk
    printfb.o(i.__0fprintf$bare) refers to printfb.o(i._printf_core) for _printf_core
    printfb.o(i.__0fprintf$bare) refers to st7735.o(i.fputc) for fputc
    printfb.o(i.__0printf$bare) refers to printfb.o(i._printf_core) for _printf_core
    printfb.o(i.__0printf$bare) refers to st7735.o(i.fputc) for fputc
    printfb.o(i.__0printf$bare) refers to stdout.o(.data) for __stdout
    printfb.o(i.__0snprintf$bare) refers to printfb.o(i._printf_core) for _printf_core
    printfb.o(i.__0snprintf$bare) refers to printfb.o(i._snputc) for _snputc
    printfb.o(i.__0sprintf$bare) refers to printfb.o(i._printf_core) for _printf_core
    printfb.o(i.__0sprintf$bare) refers to printfb.o(i._sputc) for _sputc
    printfb.o(i.__0vfprintf$bare) refers to printfb.o(i._printf_core) for _printf_core
    printfb.o(i.__0vfprintf$bare) refers to st7735.o(i.fputc) for fputc
    printfb.o(i.__0vprintf$bare) refers to printfb.o(i._printf_core) for _printf_core
    printfb.o(i.__0vprintf$bare) refers to st7735.o(i.fputc) for fputc
    printfb.o(i.__0vprintf$bare) refers to stdout.o(.data) for __stdout
    printfb.o(i.__0vsnprintf$bare) refers to printfb.o(i._printf_core) for _printf_core
    printfb.o(i.__0vsnprintf$bare) refers to printfb.o(i._snputc) for _snputc
    printfb.o(i.__0vsprintf$bare) refers to printfb.o(i._printf_core) for _printf_core
    printfb.o(i.__0vsprintf$bare) refers to printfb.o(i._sputc) for _sputc
    printf0.o(i.__0fprintf$0) refers to printf0.o(i._printf_core) for _printf_core
    printf0.o(i.__0fprintf$0) refers to st7735.o(i.fputc) for fputc
    printf0.o(i.__0printf$0) refers to printf0.o(i._printf_core) for _printf_core
    printf0.o(i.__0printf$0) refers to st7735.o(i.fputc) for fputc
    printf0.o(i.__0printf$0) refers to stdout.o(.data) for __stdout
    printf0.o(i.__0snprintf$0) refers to printf0.o(i._printf_core) for _printf_core
    printf0.o(i.__0snprintf$0) refers to printf0.o(i._snputc) for _snputc
    printf0.o(i.__0sprintf$0) refers to printf0.o(i._printf_core) for _printf_core
    printf0.o(i.__0sprintf$0) refers to printf0.o(i._sputc) for _sputc
    printf0.o(i.__0vfprintf$0) refers to printf0.o(i._printf_core) for _printf_core
    printf0.o(i.__0vfprintf$0) refers to st7735.o(i.fputc) for fputc
    printf0.o(i.__0vprintf$0) refers to printf0.o(i._printf_core) for _printf_core
    printf0.o(i.__0vprintf$0) refers to st7735.o(i.fputc) for fputc
    printf0.o(i.__0vprintf$0) refers to stdout.o(.data) for __stdout
    printf0.o(i.__0vsnprintf$0) refers to printf0.o(i._printf_core) for _printf_core
    printf0.o(i.__0vsnprintf$0) refers to printf0.o(i._snputc) for _snputc
    printf0.o(i.__0vsprintf$0) refers to printf0.o(i._printf_core) for _printf_core
    printf0.o(i.__0vsprintf$0) refers to printf0.o(i._sputc) for _sputc
    printf1.o(i.__0fprintf$1) refers to printf1.o(i._printf_core) for _printf_core
    printf1.o(i.__0fprintf$1) refers to st7735.o(i.fputc) for fputc
    printf1.o(i.__0printf$1) refers to printf1.o(i._printf_core) for _printf_core
    printf1.o(i.__0printf$1) refers to st7735.o(i.fputc) for fputc
    printf1.o(i.__0printf$1) refers to stdout.o(.data) for __stdout
    printf1.o(i.__0snprintf$1) refers to printf1.o(i._printf_core) for _printf_core
    printf1.o(i.__0snprintf$1) refers to printf1.o(i._snputc) for _snputc
    printf1.o(i.__0sprintf$1) refers to printf1.o(i._printf_core) for _printf_core
    printf1.o(i.__0sprintf$1) refers to printf1.o(i._sputc) for _sputc
    printf1.o(i.__0vfprintf$1) refers to printf1.o(i._printf_core) for _printf_core
    printf1.o(i.__0vfprintf$1) refers to st7735.o(i.fputc) for fputc
    printf1.o(i.__0vprintf$1) refers to printf1.o(i._printf_core) for _printf_core
    printf1.o(i.__0vprintf$1) refers to st7735.o(i.fputc) for fputc
    printf1.o(i.__0vprintf$1) refers to stdout.o(.data) for __stdout
    printf1.o(i.__0vsnprintf$1) refers to printf1.o(i._printf_core) for _printf_core
    printf1.o(i.__0vsnprintf$1) refers to printf1.o(i._snputc) for _snputc
    printf1.o(i.__0vsprintf$1) refers to printf1.o(i._printf_core) for _printf_core
    printf1.o(i.__0vsprintf$1) refers to printf1.o(i._sputc) for _sputc
    printf1.o(i._printf_core) refers to uidiv.o(.text) for __aeabi_uidivmod
    printf2.o(i.__0fprintf$2) refers to printf2.o(i._printf_core) for _printf_core
    printf2.o(i.__0fprintf$2) refers to st7735.o(i.fputc) for fputc
    printf2.o(i.__0printf$2) refers to printf2.o(i._printf_core) for _printf_core
    printf2.o(i.__0printf$2) refers to st7735.o(i.fputc) for fputc
    printf2.o(i.__0printf$2) refers to stdout.o(.data) for __stdout
    printf2.o(i.__0snprintf$2) refers to printf2.o(i._printf_core) for _printf_core
    printf2.o(i.__0snprintf$2) refers to printf2.o(i._snputc) for _snputc
    printf2.o(i.__0sprintf$2) refers to printf2.o(i._printf_core) for _printf_core
    printf2.o(i.__0sprintf$2) refers to printf2.o(i._sputc) for _sputc
    printf2.o(i.__0vfprintf$2) refers to printf2.o(i._printf_core) for _printf_core
    printf2.o(i.__0vfprintf$2) refers to st7735.o(i.fputc) for fputc
    printf2.o(i.__0vprintf$2) refers to printf2.o(i._printf_core) for _printf_core
    printf2.o(i.__0vprintf$2) refers to st7735.o(i.fputc) for fputc
    printf2.o(i.__0vprintf$2) refers to stdout.o(.data) for __stdout
    printf2.o(i.__0vsnprintf$2) refers to printf2.o(i._printf_core) for _printf_core
    printf2.o(i.__0vsnprintf$2) refers to printf2.o(i._snputc) for _snputc
    printf2.o(i.__0vsprintf$2) refers to printf2.o(i._printf_core) for _printf_core
    printf2.o(i.__0vsprintf$2) refers to printf2.o(i._sputc) for _sputc
    printf3.o(i.__0fprintf$3) refers to printf3.o(i._printf_core) for _printf_core
    printf3.o(i.__0fprintf$3) refers to st7735.o(i.fputc) for fputc
    printf3.o(i.__0printf$3) refers to printf3.o(i._printf_core) for _printf_core
    printf3.o(i.__0printf$3) refers to st7735.o(i.fputc) for fputc
    printf3.o(i.__0printf$3) refers to stdout.o(.data) for __stdout
    printf3.o(i.__0snprintf$3) refers to printf3.o(i._printf_core) for _printf_core
    printf3.o(i.__0snprintf$3) refers to printf3.o(i._snputc) for _snputc
    printf3.o(i.__0sprintf$3) refers to printf3.o(i._printf_core) for _printf_core
    printf3.o(i.__0sprintf$3) refers to printf3.o(i._sputc) for _sputc
    printf3.o(i.__0vfprintf$3) refers to printf3.o(i._printf_core) for _printf_core
    printf3.o(i.__0vfprintf$3) refers to st7735.o(i.fputc) for fputc
    printf3.o(i.__0vprintf$3) refers to printf3.o(i._printf_core) for _printf_core
    printf3.o(i.__0vprintf$3) refers to st7735.o(i.fputc) for fputc
    printf3.o(i.__0vprintf$3) refers to stdout.o(.data) for __stdout
    printf3.o(i.__0vsnprintf$3) refers to printf3.o(i._printf_core) for _printf_core
    printf3.o(i.__0vsnprintf$3) refers to printf3.o(i._snputc) for _snputc
    printf3.o(i.__0vsprintf$3) refers to printf3.o(i._printf_core) for _printf_core
    printf3.o(i.__0vsprintf$3) refers to printf3.o(i._sputc) for _sputc
    printf3.o(i._printf_core) refers to uidiv.o(.text) for __aeabi_uidivmod
    printf4.o(i.__0fprintf$4) refers to printf4.o(i._printf_core) for _printf_core
    printf4.o(i.__0fprintf$4) refers to st7735.o(i.fputc) for fputc
    printf4.o(i.__0printf$4) refers to printf4.o(i._printf_core) for _printf_core
    printf4.o(i.__0printf$4) refers to st7735.o(i.fputc) for fputc
    printf4.o(i.__0printf$4) refers to stdout.o(.data) for __stdout
    printf4.o(i.__0snprintf$4) refers to printf4.o(i._printf_core) for _printf_core
    printf4.o(i.__0snprintf$4) refers to printf4.o(i._snputc) for _snputc
    printf4.o(i.__0sprintf$4) refers to printf4.o(i._printf_core) for _printf_core
    printf4.o(i.__0sprintf$4) refers to printf4.o(i._sputc) for _sputc
    printf4.o(i.__0vfprintf$4) refers to printf4.o(i._printf_core) for _printf_core
    printf4.o(i.__0vfprintf$4) refers to st7735.o(i.fputc) for fputc
    printf4.o(i.__0vprintf$4) refers to printf4.o(i._printf_core) for _printf_core
    printf4.o(i.__0vprintf$4) refers to st7735.o(i.fputc) for fputc
    printf4.o(i.__0vprintf$4) refers to stdout.o(.data) for __stdout
    printf4.o(i.__0vsnprintf$4) refers to printf4.o(i._printf_core) for _printf_core
    printf4.o(i.__0vsnprintf$4) refers to printf4.o(i._snputc) for _snputc
    printf4.o(i.__0vsprintf$4) refers to printf4.o(i._printf_core) for _printf_core
    printf4.o(i.__0vsprintf$4) refers to printf4.o(i._sputc) for _sputc
    printf4.o(i._printf_core) refers to uldiv.o(.text) for __aeabi_uldivmod
    printf5.o(i.__0fprintf$5) refers to printf5.o(i._printf_core) for _printf_core
    printf5.o(i.__0fprintf$5) refers to st7735.o(i.fputc) for fputc
    printf5.o(i.__0printf$5) refers to printf5.o(i._printf_core) for _printf_core
    printf5.o(i.__0printf$5) refers to st7735.o(i.fputc) for fputc
    printf5.o(i.__0printf$5) refers to stdout.o(.data) for __stdout
    printf5.o(i.__0snprintf$5) refers to printf5.o(i._printf_core) for _printf_core
    printf5.o(i.__0snprintf$5) refers to printf5.o(i._snputc) for _snputc
    printf5.o(i.__0sprintf$5) refers to printf5.o(i._printf_core) for _printf_core
    printf5.o(i.__0sprintf$5) refers to printf5.o(i._sputc) for _sputc
    printf5.o(i.__0vfprintf$5) refers to printf5.o(i._printf_core) for _printf_core
    printf5.o(i.__0vfprintf$5) refers to st7735.o(i.fputc) for fputc
    printf5.o(i.__0vprintf$5) refers to printf5.o(i._printf_core) for _printf_core
    printf5.o(i.__0vprintf$5) refers to st7735.o(i.fputc) for fputc
    printf5.o(i.__0vprintf$5) refers to stdout.o(.data) for __stdout
    printf5.o(i.__0vsnprintf$5) refers to printf5.o(i._printf_core) for _printf_core
    printf5.o(i.__0vsnprintf$5) refers to printf5.o(i._snputc) for _snputc
    printf5.o(i.__0vsprintf$5) refers to printf5.o(i._printf_core) for _printf_core
    printf5.o(i.__0vsprintf$5) refers to printf5.o(i._sputc) for _sputc
    printf5.o(i._printf_core) refers to uldiv.o(.text) for __aeabi_uldivmod
    printf6.o(i.__0fprintf$6) refers to printf6.o(i._printf_core) for _printf_core
    printf6.o(i.__0fprintf$6) refers to st7735.o(i.fputc) for fputc
    printf6.o(i.__0printf$6) refers to printf6.o(i._printf_core) for _printf_core
    printf6.o(i.__0printf$6) refers to st7735.o(i.fputc) for fputc
    printf6.o(i.__0printf$6) refers to stdout.o(.data) for __stdout
    printf6.o(i.__0snprintf$6) refers to printf6.o(i._printf_core) for _printf_core
    printf6.o(i.__0snprintf$6) refers to printf6.o(i._snputc) for _snputc
    printf6.o(i.__0sprintf$6) refers to printf6.o(i._printf_core) for _printf_core
    printf6.o(i.__0sprintf$6) refers to printf6.o(i._sputc) for _sputc
    printf6.o(i.__0vfprintf$6) refers to printf6.o(i._printf_core) for _printf_core
    printf6.o(i.__0vfprintf$6) refers to st7735.o(i.fputc) for fputc
    printf6.o(i.__0vprintf$6) refers to printf6.o(i._printf_core) for _printf_core
    printf6.o(i.__0vprintf$6) refers to st7735.o(i.fputc) for fputc
    printf6.o(i.__0vprintf$6) refers to stdout.o(.data) for __stdout
    printf6.o(i.__0vsnprintf$6) refers to printf6.o(i._printf_core) for _printf_core
    printf6.o(i.__0vsnprintf$6) refers to printf6.o(i._snputc) for _snputc
    printf6.o(i.__0vsprintf$6) refers to printf6.o(i._printf_core) for _printf_core
    printf6.o(i.__0vsprintf$6) refers to printf6.o(i._sputc) for _sputc
    printf6.o(i._printf_core) refers to printf6.o(i._printf_pre_padding) for _printf_pre_padding
    printf6.o(i._printf_core) refers to uidiv.o(.text) for __aeabi_uidivmod
    printf6.o(i._printf_core) refers to printf6.o(i._printf_post_padding) for _printf_post_padding
    printf7.o(i.__0fprintf$7) refers to printf7.o(i._printf_core) for _printf_core
    printf7.o(i.__0fprintf$7) refers to st7735.o(i.fputc) for fputc
    printf7.o(i.__0printf$7) refers to printf7.o(i._printf_core) for _printf_core
    printf7.o(i.__0printf$7) refers to st7735.o(i.fputc) for fputc
    printf7.o(i.__0printf$7) refers to stdout.o(.data) for __stdout
    printf7.o(i.__0snprintf$7) refers to printf7.o(i._printf_core) for _printf_core
    printf7.o(i.__0snprintf$7) refers to printf7.o(i._snputc) for _snputc
    printf7.o(i.__0sprintf$7) refers to printf7.o(i._printf_core) for _printf_core
    printf7.o(i.__0sprintf$7) refers to printf7.o(i._sputc) for _sputc
    printf7.o(i.__0vfprintf$7) refers to printf7.o(i._printf_core) for _printf_core
    printf7.o(i.__0vfprintf$7) refers to st7735.o(i.fputc) for fputc
    printf7.o(i.__0vprintf$7) refers to printf7.o(i._printf_core) for _printf_core
    printf7.o(i.__0vprintf$7) refers to st7735.o(i.fputc) for fputc
    printf7.o(i.__0vprintf$7) refers to stdout.o(.data) for __stdout
    printf7.o(i.__0vsnprintf$7) refers to printf7.o(i._printf_core) for _printf_core
    printf7.o(i.__0vsnprintf$7) refers to printf7.o(i._snputc) for _snputc
    printf7.o(i.__0vsprintf$7) refers to printf7.o(i._printf_core) for _printf_core
    printf7.o(i.__0vsprintf$7) refers to printf7.o(i._sputc) for _sputc
    printf7.o(i._printf_core) refers to printf7.o(i._printf_pre_padding) for _printf_pre_padding
    printf7.o(i._printf_core) refers to uldiv.o(.text) for __aeabi_uldivmod
    printf7.o(i._printf_core) refers to printf7.o(i._printf_post_padding) for _printf_post_padding
    printf8.o(i.__0fprintf$8) refers to printf8.o(i._printf_core) for _printf_core
    printf8.o(i.__0fprintf$8) refers to st7735.o(i.fputc) for fputc
    printf8.o(i.__0printf$8) refers to printf8.o(i._printf_core) for _printf_core
    printf8.o(i.__0printf$8) refers to st7735.o(i.fputc) for fputc
    printf8.o(i.__0printf$8) refers to stdout.o(.data) for __stdout
    printf8.o(i.__0snprintf$8) refers to printf8.o(i._printf_core) for _printf_core
    printf8.o(i.__0snprintf$8) refers to printf8.o(i._snputc) for _snputc
    printf8.o(i.__0sprintf$8) refers to printf8.o(i._printf_core) for _printf_core
    printf8.o(i.__0sprintf$8) refers to printf8.o(i._sputc) for _sputc
    printf8.o(i.__0vfprintf$8) refers to printf8.o(i._printf_core) for _printf_core
    printf8.o(i.__0vfprintf$8) refers to st7735.o(i.fputc) for fputc
    printf8.o(i.__0vprintf$8) refers to printf8.o(i._printf_core) for _printf_core
    printf8.o(i.__0vprintf$8) refers to st7735.o(i.fputc) for fputc
    printf8.o(i.__0vprintf$8) refers to stdout.o(.data) for __stdout
    printf8.o(i.__0vsnprintf$8) refers to printf8.o(i._printf_core) for _printf_core
    printf8.o(i.__0vsnprintf$8) refers to printf8.o(i._snputc) for _snputc
    printf8.o(i.__0vsprintf$8) refers to printf8.o(i._printf_core) for _printf_core
    printf8.o(i.__0vsprintf$8) refers to printf8.o(i._sputc) for _sputc
    printf8.o(i._printf_core) refers to printf8.o(i._printf_pre_padding) for _printf_pre_padding
    printf8.o(i._printf_core) refers to uldiv.o(.text) for __aeabi_uldivmod
    printf8.o(i._printf_core) refers to printf8.o(i._printf_post_padding) for _printf_post_padding
    printfa.o(i.__0fprintf) refers (Special) to iusefp.o(.text) for __I$use$fp
    printfa.o(i.__0fprintf) refers to printfa.o(i._printf_core) for _printf_core
    printfa.o(i.__0fprintf) refers to st7735.o(i.fputc) for fputc
    printfa.o(i.__0printf) refers (Special) to iusefp.o(.text) for __I$use$fp
    printfa.o(i.__0printf) refers to printfa.o(i._printf_core) for _printf_core
    printfa.o(i.__0printf) refers to st7735.o(i.fputc) for fputc
    printfa.o(i.__0printf) refers to stdout.o(.data) for __stdout
    printfa.o(i.__0snprintf) refers (Special) to iusefp.o(.text) for __I$use$fp
    printfa.o(i.__0snprintf) refers to printfa.o(i._printf_core) for _printf_core
    printfa.o(i.__0snprintf) refers to printfa.o(i._snputc) for _snputc
    printfa.o(i.__0sprintf) refers (Special) to iusefp.o(.text) for __I$use$fp
    printfa.o(i.__0sprintf) refers to printfa.o(i._printf_core) for _printf_core
    printfa.o(i.__0sprintf) refers to printfa.o(i._sputc) for _sputc
    printfa.o(i.__0vfprintf) refers (Special) to iusefp.o(.text) for __I$use$fp
    printfa.o(i.__0vfprintf) refers to printfa.o(i._printf_core) for _printf_core
    printfa.o(i.__0vfprintf) refers to st7735.o(i.fputc) for fputc
    printfa.o(i.__0vprintf) refers (Special) to iusefp.o(.text) for __I$use$fp
    printfa.o(i.__0vprintf) refers to printfa.o(i._printf_core) for _printf_core
    printfa.o(i.__0vprintf) refers to st7735.o(i.fputc) for fputc
    printfa.o(i.__0vprintf) refers to stdout.o(.data) for __stdout
    printfa.o(i.__0vsnprintf) refers (Special) to iusefp.o(.text) for __I$use$fp
    printfa.o(i.__0vsnprintf) refers to printfa.o(i._printf_core) for _printf_core
    printfa.o(i.__0vsnprintf) refers to printfa.o(i._snputc) for _snputc
    printfa.o(i.__0vsprintf) refers (Special) to iusefp.o(.text) for __I$use$fp
    printfa.o(i.__0vsprintf) refers to printfa.o(i._printf_core) for _printf_core
    printfa.o(i.__0vsprintf) refers to printfa.o(i._sputc) for _sputc
    printfa.o(i._fp_digits) refers (Special) to iusefp.o(.text) for __I$use$fp
    printfa.o(i._fp_digits) refers to dmul.o(.text) for __aeabi_dmul
    printfa.o(i._fp_digits) refers to ddiv.o(.text) for __aeabi_ddiv
    printfa.o(i._fp_digits) refers to cdrcmple.o(.text) for __aeabi_cdrcmple
    printfa.o(i._fp_digits) refers to dadd.o(.text) for __aeabi_dadd
    printfa.o(i._fp_digits) refers to dfixul.o(.text) for __aeabi_d2ulz
    printfa.o(i._fp_digits) refers to uldiv.o(.text) for __aeabi_uldivmod
    printfa.o(i._printf_core) refers (Special) to iusefp.o(.text) for __I$use$fp
    printfa.o(i._printf_core) refers to printfa.o(i._printf_pre_padding) for _printf_pre_padding
    printfa.o(i._printf_core) refers to uldiv.o(.text) for __aeabi_uldivmod
    printfa.o(i._printf_core) refers to printfa.o(i._printf_post_padding) for _printf_post_padding
    printfa.o(i._printf_core) refers to printfa.o(i._fp_digits) for _fp_digits
    printfa.o(i._printf_core) refers to uidiv.o(.text) for __aeabi_uidivmod
    printfa.o(i._printf_post_padding) refers (Special) to iusefp.o(.text) for __I$use$fp
    printfa.o(i._printf_pre_padding) refers (Special) to iusefp.o(.text) for __I$use$fp
    printfa.o(i._snputc) refers (Special) to iusefp.o(.text) for __I$use$fp
    printfa.o(i._sputc) refers (Special) to iusefp.o(.text) for __I$use$fp
    f2d.o(.text) refers (Special) to iusefp.o(.text) for __I$use$fp
    entry2.o(.ARM.Collect$$$$00000001) refers to entry2.o(.ARM.Collect$$$$00002712) for __lit__00000000
    entry2.o(.ARM.Collect$$$$00002712) refers to startup.o(STACK) for __initial_sp
    entry2.o(__vectab_stack_and_reset_area) refers to startup.o(STACK) for __initial_sp
    entry2.o(__vectab_stack_and_reset_area) refers to entry.o(.ARM.Collect$$$$00000000) for __main
    entry5.o(.ARM.Collect$$$$00000004) refers to init.o(.text) for __scatterload
    entry9a.o(.ARM.Collect$$$$0000000B) refers to st7735testmain.o(i.main) for main
    entry9b.o(.ARM.Collect$$$$0000000C) refers to st7735testmain.o(i.main) for main
    uldiv.o(.text) refers to llushr.o(.text) for __aeabi_llsr
    uldiv.o(.text) refers to llshl.o(.text) for __aeabi_llsl
    dadd.o(.text) refers to llshl.o(.text) for __aeabi_llsl
    dadd.o(.text) refers to llsshr.o(.text) for __aeabi_lasr
    dadd.o(.text) refers to depilogue.o(.text) for _double_epilogue
    dmul.o(.text) refers to depilogue.o(.text) for _double_epilogue
    ddiv.o(.text) refers to depilogue.o(.text) for _double_round
    dfixul.o(.text) refers to llushr.o(.text) for __aeabi_llsr
    dfixul.o(.text) refers to llshl.o(.text) for __aeabi_llsl
    init.o(.text) refers to entry5.o(.ARM.Collect$$$$00000004) for __main_after_scatterload
    depilogue.o(.text) refers to llshl.o(.text) for __aeabi_llsl
    depilogue.o(.text) refers to llushr.o(.text) for __aeabi_llsr


==============================================================================

Removing Unused input sections from the image.

    Removing startup.o(HEAP), (0 bytes).
    Removing startup.o(.text), (28 bytes).
    Removing st7735.o(i.Output_Clear), (10 bytes).
    Removing st7735.o(i.Output_Color), (12 bytes).
    Removing st7735.o(i.Output_Init), (16 bytes).
    Removing st7735.o(i.Output_Off), (8 bytes).
    Removing st7735.o(i.Output_On), (8 bytes).
    Removing st7735.o(i.ST7735_DrawFastHLine), (124 bytes).
    Removing st7735.o(i.ST7735_DrawFastVLine), (124 bytes).
    Removing st7735.o(i.ST7735_DrawString), (86 bytes).
    Removing st7735.o(i.ST7735_InitB), (40 bytes).
    Removing st7735.o(i.ST7735_InvertDisplay), (22 bytes).
    Removing st7735.o(i.ST7735_OutChar), (212 bytes).
    Removing st7735.o(i.ST7735_OutString), (24 bytes).
    Removing st7735.o(i.ST7735_OutUDec), (140 bytes).
    Removing st7735.o(i.ST7735_PlotBar), (88 bytes).
    Removing st7735.o(i.ST7735_PlotClear), (92 bytes).
    Removing st7735.o(i.ST7735_PlotLine), (264 bytes).
    Removing st7735.o(i.ST7735_PlotNext), (32 bytes).
    Removing st7735.o(i.ST7735_PlotNextErase), (64 bytes).
    Removing st7735.o(i.ST7735_PlotPoint), (152 bytes).
    Removing st7735.o(i.ST7735_PlotPoints), (172 bytes).
    Removing st7735.o(i.ST7735_PlotdBfs), (60 bytes).
    Removing st7735.o(i.ST7735_SetRotation), (212 bytes).
    Removing st7735.o(i.ST7735_SetTextColor), (12 bytes).
    Removing st7735.o(i.ST7735_SwapColor), (18 bytes).
    Removing st7735.o(i.ferror), (8 bytes).
    Removing st7735.o(i.fgetc), (6 bytes).
    Removing st7735.o(i.fillmessage), (72 bytes).
    Removing st7735.o(i.fputc), (16 bytes).
    Removing st7735.o(.bss), (12 bytes).
    Removing st7735testmain.o(i.BookExamples), (308 bytes).
    Removing st7735testmain.o(i.SSR_Init), (112 bytes).
    Removing st7735testmain.o(i.drawthecolors), (76 bytes).
    Removing st7735testmain.o(i.main0), (32 bytes).
    Removing st7735testmain.o(i.main1), (112 bytes).
    Removing st7735testmain.o(i.main3), (154 bytes).
    Removing st7735testmain.o(i.main4), (32 bytes).
    Removing st7735testmain.o(i.main5), (32 bytes).
    Removing st7735testmain.o(i.main6), (64 bytes).
    Removing st7735testmain.o(i.main7), (66 bytes).
    Removing st7735testmain.o(.data), (2 bytes).
    Removing f2d.o(.text), (38 bytes).
    Removing dadd.o(.text), (334 bytes).
    Removing dmul.o(.text), (228 bytes).
    Removing ddiv.o(.text), (222 bytes).
    Removing dfixul.o(.text), (48 bytes).
    Removing cdrcmple.o(.text), (40 bytes).
    Removing depilogue.o(.text), (190 bytes).

49 unused section(s) (total 4224 bytes) removed from the image.

==============================================================================

Image Symbol Table

    Local Symbols

    Symbol Name                              Value     Ov Type        Size  Object(Section)

    RESET                                    0x00000000   Section      644  startup.o(RESET)
    ../clib/microlib/division.c              0x00000000   Number         0  uldiv.o ABSOLUTE
    ../clib/microlib/division.c              0x00000000   Number         0  uidiv.o ABSOLUTE
    ../clib/microlib/init/entry.s            0x00000000   Number         0  entry7a.o ABSOLUTE
    ../clib/microlib/init/entry.s            0x00000000   Number         0  entry5.o ABSOLUTE
    ../clib/microlib/init/entry.s            0x00000000   Number         0  entry.o ABSOLUTE
    ../clib/microlib/init/entry.s            0x00000000   Number         0  entry7b.o ABSOLUTE
    ../clib/microlib/init/entry.s            0x00000000   Number         0  entry2.o ABSOLUTE
    ../clib/microlib/init/entry.s            0x00000000   Number         0  entry11b.o ABSOLUTE
    ../clib/microlib/init/entry.s            0x00000000   Number         0  entry11a.o ABSOLUTE
    ../clib/microlib/init/entry.s            0x00000000   Number         0  entry10b.o ABSOLUTE
    ../clib/microlib/init/entry.s            0x00000000   Number         0  entry10a.o ABSOLUTE
    ../clib/microlib/init/entry.s            0x00000000   Number         0  entry9b.o ABSOLUTE
    ../clib/microlib/init/entry.s            0x00000000   Number         0  entry9a.o ABSOLUTE
    ../clib/microlib/init/entry.s            0x00000000   Number         0  entry8b.o ABSOLUTE
    ../clib/microlib/init/entry.s            0x00000000   Number         0  entry8a.o ABSOLUTE
    ../clib/microlib/longlong.c              0x00000000   Number         0  llsshr.o ABSOLUTE
    ../clib/microlib/longlong.c              0x00000000   Number         0  llushr.o ABSOLUTE
    ../clib/microlib/longlong.c              0x00000000   Number         0  llshl.o ABSOLUTE
    ../clib/microlib/printf/printf.c         0x00000000   Number         0  printfa.o ABSOLUTE
    ../clib/microlib/printf/printf.c         0x00000000   Number         0  printf8.o ABSOLUTE
    ../clib/microlib/printf/printf.c         0x00000000   Number         0  printf7.o ABSOLUTE
    ../clib/microlib/printf/printf.c         0x00000000   Number         0  printf6.o ABSOLUTE
    ../clib/microlib/printf/printf.c         0x00000000   Number         0  printf5.o ABSOLUTE
    ../clib/microlib/printf/printf.c         0x00000000   Number         0  printf4.o ABSOLUTE
    ../clib/microlib/printf/printf.c         0x00000000   Number         0  printf0.o ABSOLUTE
    ../clib/microlib/printf/printf.c         0x00000000   Number         0  printf3.o ABSOLUTE
    ../clib/microlib/printf/printf.c         0x00000000   Number         0  printf1.o ABSOLUTE
    ../clib/microlib/printf/printf.c         0x00000000   Number         0  printf2.o ABSOLUTE
    ../clib/microlib/printf/printf.c         0x00000000   Number         0  printfb.o ABSOLUTE
    ../clib/microlib/printf/stubs.s          0x00000000   Number         0  stubs.o ABSOLUTE
    ../clib/microlib/stdio/streams.c         0x00000000   Number         0  stdout.o ABSOLUTE
    ../clib/microlib/stubs.s                 0x00000000   Number         0  iusefp.o ABSOLUTE
    ../fplib/microlib/f2d.c                  0x00000000   Number         0  f2d.o ABSOLUTE
    ../fplib/microlib/fpadd.c                0x00000000   Number         0  dadd.o ABSOLUTE
    ../fplib/microlib/fpdiv.c                0x00000000   Number         0  ddiv.o ABSOLUTE
    ../fplib/microlib/fpepilogue.c           0x00000000   Number         0  depilogue.o ABSOLUTE
    ../fplib/microlib/fpfix.c                0x00000000   Number         0  dfixul.o ABSOLUTE
    ../fplib/microlib/fpmul.c                0x00000000   Number         0  dmul.o ABSOLUTE
    PLL.c                                    0x00000000   Number         0  pll.o ABSOLUTE
    ST7735.c                                 0x00000000   Number         0  st7735.o ABSOLUTE
    ST7735TestMain.c                         0x00000000   Number         0  st7735testmain.o ABSOLUTE
    cdrcmple.s                               0x00000000   Number         0  cdrcmple.o ABSOLUTE
    dc.s                                     0x00000000   Number         0  dc.o ABSOLUTE
    handlers.s                               0x00000000   Number         0  handlers.o ABSOLUTE
    init.s                                   0x00000000   Number         0  init.o ABSOLUTE
    startup.s                                0x00000000   Number         0  startup.o ABSOLUTE
    .ARM.Collect$$$$00000000                 0x00000284   Section        0  entry.o(.ARM.Collect$$$$00000000)
    .ARM.Collect$$$$00000001                 0x00000284   Section        4  entry2.o(.ARM.Collect$$$$00000001)
    .ARM.Collect$$$$00000004                 0x00000288   Section        4  entry5.o(.ARM.Collect$$$$00000004)
    .ARM.Collect$$$$00000008                 0x0000028c   Section        0  entry7b.o(.ARM.Collect$$$$00000008)
    .ARM.Collect$$$$0000000A                 0x0000028c   Section        0  entry8b.o(.ARM.Collect$$$$0000000A)
    .ARM.Collect$$$$0000000B                 0x0000028c   Section        8  entry9a.o(.ARM.Collect$$$$0000000B)
    .ARM.Collect$$$$0000000D                 0x00000294   Section        0  entry10a.o(.ARM.Collect$$$$0000000D)
    .ARM.Collect$$$$0000000F                 0x00000294   Section        0  entry11a.o(.ARM.Collect$$$$0000000F)
    .ARM.Collect$$$$00002712                 0x00000294   Section        4  entry2.o(.ARM.Collect$$$$00002712)
    __lit__00000000                          0x00000294   Data           4  entry2.o(.ARM.Collect$$$$00002712)
    .text                                    0x00000298   Section       36  init.o(.text)
    i.Delay1ms                               0x000002bc   Section        0  st7735.o(i.Delay1ms)
    i.DelayWait10ms                          0x000002dc   Section        0  st7735testmain.o(i.DelayWait10ms)
    i.PLL_Init                               0x000002fc   Section        0  pll.o(i.PLL_Init)
    i.ST7735_Color565                        0x00000378   Section        0  st7735.o(i.ST7735_Color565)
    i.ST7735_DrawBitmap                      0x00000390   Section        0  st7735.o(i.ST7735_DrawBitmap)
    i.ST7735_DrawChar                        0x000004b0   Section        0  st7735.o(i.ST7735_DrawChar)
    i.ST7735_DrawCharS                       0x000005bc   Section        0  st7735.o(i.ST7735_DrawCharS)
    i.ST7735_DrawPixel                       0x000006b0   Section        0  st7735.o(i.ST7735_DrawPixel)
    i.ST7735_FillRect                        0x000006f8   Section        0  st7735.o(i.ST7735_FillRect)
    i.ST7735_FillScreen                      0x000007a4   Section        0  st7735.o(i.ST7735_FillScreen)
    i.ST7735_InitR                           0x000007c8   Section        0  st7735.o(i.ST7735_InitR)
    i.ST7735_SetCursor                       0x00000844   Section        0  st7735.o(i.ST7735_SetCursor)
    i.__scatterload_copy                     0x00000864   Section       14  handlers.o(i.__scatterload_copy)
    i.__scatterload_null                     0x00000872   Section        2  handlers.o(i.__scatterload_null)
    i.__scatterload_zeroinit                 0x00000874   Section       14  handlers.o(i.__scatterload_zeroinit)
    i.commandList                            0x00000882   Section        0  st7735.o(i.commandList)
    commandList                              0x00000883   Thumb Code    86  st7735.o(i.commandList)
    i.commonInit                             0x000008d8   Section        0  st7735.o(i.commonInit)
    commonInit                               0x000008d9   Thumb Code   340  st7735.o(i.commonInit)
    i.main                                   0x00000a5c   Section        0  st7735testmain.o(i.main)
    i.pushColor                              0x000012f0   Section        0  st7735.o(i.pushColor)
    pushColor                                0x000012f1   Thumb Code    18  st7735.o(i.pushColor)
    i.setAddrWindow                          0x00001304   Section        0  st7735.o(i.setAddrWindow)
    setAddrWindow                            0x00001305   Thumb Code   106  st7735.o(i.setAddrWindow)
    i.writecommand                           0x00001378   Section        0  st7735.o(i.writecommand)
    writecommand                             0x00001379   Thumb Code    40  st7735.o(i.writecommand)
    i.writedata                              0x000013a8   Section        0  st7735.o(i.writedata)
    writedata                                0x000013a9   Thumb Code    24  st7735.o(i.writedata)
    .constdata                               0x000013c8   Section     2018  st7735.o(.constdata)
    Font                                     0x000013c8   Data        1275  st7735.o(.constdata)
    Bcmd                                     0x000018c3   Data         103  st7735.o(.constdata)
    Rcmd1                                    0x0000192a   Data          59  st7735.o(.constdata)
    Rcmd2green                               0x00001965   Data          13  st7735.o(.constdata)
    Rcmd2red                                 0x00001972   Data          13  st7735.o(.constdata)
    Rcmd3                                    0x0000197f   Data          43  st7735.o(.constdata)
    .constdata                               0x00001baa   Section    12868  st7735testmain.o(.constdata)
    .data                                    0x20000000   Section       44  st7735.o(.data)
    _width                                   0x2000000a   Data           2  st7735.o(.data)
    _height                                  0x2000000c   Data           2  st7735.o(.data)
    ColStart                                 0x20000014   Data           1  st7735.o(.data)
    RowStart                                 0x20000015   Data           1  st7735.o(.data)
    Rotation                                 0x20000016   Data           1  st7735.o(.data)
    TabColor                                 0x20000017   Data           1  st7735.o(.data)
    STACK                                    0x20000030   Section     1024  startup.o(STACK)
    StackMem                                 0x20000030   Data           0  startup.o(STACK)

    Global Symbols

    Symbol Name                              Value     Ov Type        Size  Object(Section)

    BuildAttributes$$THM_ISAv4$E$P$D$K$B$S$7EM$PE$A:L22UL41UL21$X:L11$S22US41US21$IEEE1$IW$USESV6$~STKCKD$USESV7$~SHL$OSPACE$ROPI$EBA8$MICROLIB$REQ8$PRES8$EABIv2 0x00000000   Number         0  anon$$obj.o ABSOLUTE
    __ARM_use_no_argv                        0x00000000   Number         0  st7735testmain.o ABSOLUTE
    __Vectors                                0x00000000   Data           0  startup.o(RESET)
    _printf_a                                0x00000000   Number         0  stubs.o ABSOLUTE
    _printf_c                                0x00000000   Number         0  stubs.o ABSOLUTE
    _printf_charcount                        0x00000000   Number         0  stubs.o ABSOLUTE
    _printf_d                                0x00000000   Number         0  stubs.o ABSOLUTE
    _printf_e                                0x00000000   Number         0  stubs.o ABSOLUTE
    _printf_f                                0x00000000   Number         0  stubs.o ABSOLUTE
    _printf_flags                            0x00000000   Number         0  stubs.o ABSOLUTE
    _printf_fp_dec                           0x00000000   Number         0  stubs.o ABSOLUTE
    _printf_fp_hex                           0x00000000   Number         0  stubs.o ABSOLUTE
    _printf_g                                0x00000000   Number         0  stubs.o ABSOLUTE
    _printf_i                                0x00000000   Number         0  stubs.o ABSOLUTE
    _printf_int_dec                          0x00000000   Number         0  stubs.o ABSOLUTE
    _printf_l                                0x00000000   Number         0  stubs.o ABSOLUTE
    _printf_lc                               0x00000000   Number         0  stubs.o ABSOLUTE
    _printf_ll                               0x00000000   Number         0  stubs.o ABSOLUTE
    _printf_lld                              0x00000000   Number         0  stubs.o ABSOLUTE
    _printf_lli                              0x00000000   Number         0  stubs.o ABSOLUTE
    _printf_llo                              0x00000000   Number         0  stubs.o ABSOLUTE
    _printf_llu                              0x00000000   Number         0  stubs.o ABSOLUTE
    _printf_llx                              0x00000000   Number         0  stubs.o ABSOLUTE
    _printf_longlong_dec                     0x00000000   Number         0  stubs.o ABSOLUTE
    _printf_longlong_hex                     0x00000000   Number         0  stubs.o ABSOLUTE
    _printf_longlong_oct                     0x00000000   Number         0  stubs.o ABSOLUTE
    _printf_ls                               0x00000000   Number         0  stubs.o ABSOLUTE
    _printf_mbtowc                           0x00000000   Number         0  stubs.o ABSOLUTE
    _printf_n                                0x00000000   Number         0  stubs.o ABSOLUTE
    _printf_o                                0x00000000   Number         0  stubs.o ABSOLUTE
    _printf_p                                0x00000000   Number         0  stubs.o ABSOLUTE
    _printf_percent                          0x00000000   Number         0  stubs.o ABSOLUTE
    _printf_pre_padding                      0x00000000   Number         0  stubs.o ABSOLUTE
    _printf_return_value                     0x00000000   Number         0  stubs.o ABSOLUTE
    _printf_s                                0x00000000   Number         0  stubs.o ABSOLUTE
    _printf_sizespec                         0x00000000   Number         0  stubs.o ABSOLUTE
    _printf_str                              0x00000000   Number         0  stubs.o ABSOLUTE
    _printf_truncate_signed                  0x00000000   Number         0  stubs.o ABSOLUTE
    _printf_truncate_unsigned                0x00000000   Number         0  stubs.o ABSOLUTE
    _printf_u                                0x00000000   Number         0  stubs.o ABSOLUTE
    _printf_wc                               0x00000000   Number         0  stubs.o ABSOLUTE
    _printf_wctomb                           0x00000000   Number         0  stubs.o ABSOLUTE
    _printf_widthprec                        0x00000000   Number         0  stubs.o ABSOLUTE
    _printf_x                                0x00000000   Number         0  stubs.o ABSOLUTE
    __cpp_initialize__aeabi_                  - Undefined Weak Reference
    __cxa_finalize                            - Undefined Weak Reference
    __decompress                              - Undefined Weak Reference
    _clock_init                               - Undefined Weak Reference
    _microlib_exit                            - Undefined Weak Reference
    Reset_Handler                            0x0000026d   Thumb Code     0  startup.o(RESET)
    NMI_Handler                              0x00000271   Thumb Code     2  startup.o(RESET)
    HardFault_Handler                        0x00000273   Thumb Code     2  startup.o(RESET)
    MemManage_Handler                        0x00000275   Thumb Code     2  startup.o(RESET)
    BusFault_Handler                         0x00000277   Thumb Code     2  startup.o(RESET)
    UsageFault_Handler                       0x00000279   Thumb Code     2  startup.o(RESET)
    SVC_Handler                              0x0000027b   Thumb Code     2  startup.o(RESET)
    DebugMon_Handler                         0x0000027d   Thumb Code     2  startup.o(RESET)
    PendSV_Handler                           0x0000027f   Thumb Code     2  startup.o(RESET)
    SysTick_Handler                          0x00000281   Thumb Code     2  startup.o(RESET)
    ADC0Seq0_Handler                         0x00000283   Thumb Code     0  startup.o(RESET)
    ADC0Seq1_Handler                         0x00000283   Thumb Code     0  startup.o(RESET)
    ADC0Seq2_Handler                         0x00000283   Thumb Code     0  startup.o(RESET)
    ADC0Seq3_Handler                         0x00000283   Thumb Code     0  startup.o(RESET)
    ADC1Seq0_Handler                         0x00000283   Thumb Code     0  startup.o(RESET)
    ADC1Seq1_Handler                         0x00000283   Thumb Code     0  startup.o(RESET)
    ADC1Seq2_Handler                         0x00000283   Thumb Code     0  startup.o(RESET)
    ADC1Seq3_Handler                         0x00000283   Thumb Code     0  startup.o(RESET)
    CAN0_Handler                             0x00000283   Thumb Code     0  startup.o(RESET)
    CAN1_Handler                             0x00000283   Thumb Code     0  startup.o(RESET)
    CAN2_Handler                             0x00000283   Thumb Code     0  startup.o(RESET)
    Comp0_Handler                            0x00000283   Thumb Code     0  startup.o(RESET)
    Comp1_Handler                            0x00000283   Thumb Code     0  startup.o(RESET)
    Comp2_Handler                            0x00000283   Thumb Code     0  startup.o(RESET)
    Ethernet_Handler                         0x00000283   Thumb Code     0  startup.o(RESET)
    ExtBus_Handler                           0x00000283   Thumb Code     0  startup.o(RESET)
    FPU_Handler                              0x00000283   Thumb Code     0  startup.o(RESET)
    Fan0_Handler                             0x00000283   Thumb Code     0  startup.o(RESET)
    FlashCtl_Handler                         0x00000283   Thumb Code     0  startup.o(RESET)
    GPIOPortA_Handler                        0x00000283   Thumb Code     0  startup.o(RESET)
    GPIOPortB_Handler                        0x00000283   Thumb Code     0  startup.o(RESET)
    GPIOPortC_Handler                        0x00000283   Thumb Code     0  startup.o(RESET)
    GPIOPortD_Handler                        0x00000283   Thumb Code     0  startup.o(RESET)
    GPIOPortE_Handler                        0x00000283   Thumb Code     0  startup.o(RESET)
    GPIOPortF_Handler                        0x00000283   Thumb Code     0  startup.o(RESET)
    GPIOPortG_Handler                        0x00000283   Thumb Code     0  startup.o(RESET)
    GPIOPortH_Handler                        0x00000283   Thumb Code     0  startup.o(RESET)
    GPIOPortJ_Handler                        0x00000283   Thumb Code     0  startup.o(RESET)
    GPIOPortK_Handler                        0x00000283   Thumb Code     0  startup.o(RESET)
    GPIOPortL_Handler                        0x00000283   Thumb Code     0  startup.o(RESET)
    GPIOPortM_Handler                        0x00000283   Thumb Code     0  startup.o(RESET)
    GPIOPortN_Handler                        0x00000283   Thumb Code     0  startup.o(RESET)
    GPIOPortP1_Handler                       0x00000283   Thumb Code     0  startup.o(RESET)
    GPIOPortP2_Handler                       0x00000283   Thumb Code     0  startup.o(RESET)
    GPIOPortP3_Handler                       0x00000283   Thumb Code     0  startup.o(RESET)
    GPIOPortP4_Handler                       0x00000283   Thumb Code     0  startup.o(RESET)
    GPIOPortP5_Handler                       0x00000283   Thumb Code     0  startup.o(RESET)
    GPIOPortP6_Handler                       0x00000283   Thumb Code     0  startup.o(RESET)
    GPIOPortP7_Handler                       0x00000283   Thumb Code     0  startup.o(RESET)
    GPIOPortP_Handler                        0x00000283   Thumb Code     0  startup.o(RESET)
    GPIOPortQ1_Handler                       0x00000283   Thumb Code     0  startup.o(RESET)
    GPIOPortQ2_Handler                       0x00000283   Thumb Code     0  startup.o(RESET)
    GPIOPortQ3_Handler                       0x00000283   Thumb Code     0  startup.o(RESET)
    GPIOPortQ4_Handler                       0x00000283   Thumb Code     0  startup.o(RESET)
    GPIOPortQ5_Handler                       0x00000283   Thumb Code     0  startup.o(RESET)
    GPIOPortQ6_Handler                       0x00000283   Thumb Code     0  startup.o(RESET)
    GPIOPortQ7_Handler                       0x00000283   Thumb Code     0  startup.o(RESET)
    GPIOPortQ_Handler                        0x00000283   Thumb Code     0  startup.o(RESET)
    GPIOPortR_Handler                        0x00000283   Thumb Code     0  startup.o(RESET)
    GPIOPortS_Handler                        0x00000283   Thumb Code     0  startup.o(RESET)
    Hibernate_Handler                        0x00000283   Thumb Code     0  startup.o(RESET)
    I2C0_Handler                             0x00000283   Thumb Code     0  startup.o(RESET)
    I2C1_Handler                             0x00000283   Thumb Code     0  startup.o(RESET)
    I2C2_Handler                             0x00000283   Thumb Code     0  startup.o(RESET)
    I2C3_Handler                             0x00000283   Thumb Code     0  startup.o(RESET)
    I2C4_Handler                             0x00000283   Thumb Code     0  startup.o(RESET)
    I2C5_Handler                             0x00000283   Thumb Code     0  startup.o(RESET)
    I2S0_Handler                             0x00000283   Thumb Code     0  startup.o(RESET)
    LPC0_Handler                             0x00000283   Thumb Code     0  startup.o(RESET)
    PECI0_Handler                            0x00000283   Thumb Code     0  startup.o(RESET)
    PWM0Fault_Handler                        0x00000283   Thumb Code     0  startup.o(RESET)
    PWM0Generator0_Handler                   0x00000283   Thumb Code     0  startup.o(RESET)
    PWM0Generator1_Handler                   0x00000283   Thumb Code     0  startup.o(RESET)
    PWM0Generator2_Handler                   0x00000283   Thumb Code     0  startup.o(RESET)
    PWM0Generator3_Handler                   0x00000283   Thumb Code     0  startup.o(RESET)
    PWM1Fault_Handler                        0x00000283   Thumb Code     0  startup.o(RESET)
    PWM1Generator0_Handler                   0x00000283   Thumb Code     0  startup.o(RESET)
    PWM1Generator1_Handler                   0x00000283   Thumb Code     0  startup.o(RESET)
    PWM1Generator2_Handler                   0x00000283   Thumb Code     0  startup.o(RESET)
    PWM1Generator3_Handler                   0x00000283   Thumb Code     0  startup.o(RESET)
    Quadrature0_Handler                      0x00000283   Thumb Code     0  startup.o(RESET)
    Quadrature1_Handler                      0x00000283   Thumb Code     0  startup.o(RESET)
    Quadrature2_Handler                      0x00000283   Thumb Code     0  startup.o(RESET)
    SSI0_Handler                             0x00000283   Thumb Code     0  startup.o(RESET)
    SSI1_Handler                             0x00000283   Thumb Code     0  startup.o(RESET)
    SSI2_Handler                             0x00000283   Thumb Code     0  startup.o(RESET)
    SSI3_Handler                             0x00000283   Thumb Code     0  startup.o(RESET)
    SysCtl_Handler                           0x00000283   Thumb Code     0  startup.o(RESET)
    Timer0A_Handler                          0x00000283   Thumb Code     0  startup.o(RESET)
    Timer0B_Handler                          0x00000283   Thumb Code     0  startup.o(RESET)
    Timer1A_Handler                          0x00000283   Thumb Code     0  startup.o(RESET)
    Timer1B_Handler                          0x00000283   Thumb Code     0  startup.o(RESET)
    Timer2A_Handler                          0x00000283   Thumb Code     0  startup.o(RESET)
    Timer2B_Handler                          0x00000283   Thumb Code     0  startup.o(RESET)
    Timer3A_Handler                          0x00000283   Thumb Code     0  startup.o(RESET)
    Timer3B_Handler                          0x00000283   Thumb Code     0  startup.o(RESET)
    Timer4A_Handler                          0x00000283   Thumb Code     0  startup.o(RESET)
    Timer4B_Handler                          0x00000283   Thumb Code     0  startup.o(RESET)
    Timer5A_Handler                          0x00000283   Thumb Code     0  startup.o(RESET)
    Timer5B_Handler                          0x00000283   Thumb Code     0  startup.o(RESET)
    UART0_Handler                            0x00000283   Thumb Code     0  startup.o(RESET)
    UART1_Handler                            0x00000283   Thumb Code     0  startup.o(RESET)
    UART2_Handler                            0x00000283   Thumb Code     0  startup.o(RESET)
    UART3_Handler                            0x00000283   Thumb Code     0  startup.o(RESET)
    UART4_Handler                            0x00000283   Thumb Code     0  startup.o(RESET)
    UART5_Handler                            0x00000283   Thumb Code     0  startup.o(RESET)
    UART6_Handler                            0x00000283   Thumb Code     0  startup.o(RESET)
    UART7_Handler                            0x00000283   Thumb Code     0  startup.o(RESET)
    USB0_Handler                             0x00000283   Thumb Code     0  startup.o(RESET)
    WDT_Handler                              0x00000283   Thumb Code     0  startup.o(RESET)
    WideTimer0A_Handler                      0x00000283   Thumb Code     0  startup.o(RESET)
    WideTimer0B_Handler                      0x00000283   Thumb Code     0  startup.o(RESET)
    WideTimer1A_Handler                      0x00000283   Thumb Code     0  startup.o(RESET)
    WideTimer1B_Handler                      0x00000283   Thumb Code     0  startup.o(RESET)
    WideTimer2A_Handler                      0x00000283   Thumb Code     0  startup.o(RESET)
    WideTimer2B_Handler                      0x00000283   Thumb Code     0  startup.o(RESET)
    WideTimer3A_Handler                      0x00000283   Thumb Code     0  startup.o(RESET)
    WideTimer3B_Handler                      0x00000283   Thumb Code     0  startup.o(RESET)
    WideTimer4A_Handler                      0x00000283   Thumb Code     0  startup.o(RESET)
    WideTimer4B_Handler                      0x00000283   Thumb Code     0  startup.o(RESET)
    WideTimer5A_Handler                      0x00000283   Thumb Code     0  startup.o(RESET)
    WideTimer5B_Handler                      0x00000283   Thumb Code     0  startup.o(RESET)
    uDMA_Error                               0x00000283   Thumb Code     0  startup.o(RESET)
    uDMA_Handler                             0x00000283   Thumb Code     0  startup.o(RESET)
    __main                                   0x00000285   Thumb Code     0  entry.o(.ARM.Collect$$$$00000000)
    _main_stk                                0x00000285   Thumb Code     0  entry2.o(.ARM.Collect$$$$00000001)
    _main_scatterload                        0x00000289   Thumb Code     0  entry5.o(.ARM.Collect$$$$00000004)
    __main_after_scatterload                 0x0000028d   Thumb Code     0  entry5.o(.ARM.Collect$$$$00000004)
    _main_clock                              0x0000028d   Thumb Code     0  entry7b.o(.ARM.Collect$$$$00000008)
    _main_cpp_init                           0x0000028d   Thumb Code     0  entry8b.o(.ARM.Collect$$$$0000000A)
    _main_init                               0x0000028d   Thumb Code     0  entry9a.o(.ARM.Collect$$$$0000000B)
    __rt_final_cpp                           0x00000295   Thumb Code     0  entry10a.o(.ARM.Collect$$$$0000000D)
    __rt_final_exit                          0x00000295   Thumb Code     0  entry11a.o(.ARM.Collect$$$$0000000F)
    __scatterload                            0x00000299   Thumb Code    28  init.o(.text)
    __scatterload_rt2                        0x00000299   Thumb Code     0  init.o(.text)
    Delay1ms                                 0x000002bd   Thumb Code    32  st7735.o(i.Delay1ms)
    DelayWait10ms                            0x000002dd   Thumb Code    32  st7735testmain.o(i.DelayWait10ms)
    PLL_Init                                 0x000002fd   Thumb Code   118  pll.o(i.PLL_Init)
    ST7735_Color565                          0x00000379   Thumb Code    24  st7735.o(i.ST7735_Color565)
    ST7735_DrawBitmap                        0x00000391   Thumb Code   280  st7735.o(i.ST7735_DrawBitmap)
    ST7735_DrawChar                          0x000004b1   Thumb Code   256  st7735.o(i.ST7735_DrawChar)
    ST7735_DrawCharS                         0x000005bd   Thumb Code   232  st7735.o(i.ST7735_DrawCharS)
    ST7735_DrawPixel                         0x000006b1   Thumb Code    64  st7735.o(i.ST7735_DrawPixel)
    ST7735_FillRect                          0x000006f9   Thumb Code   164  st7735.o(i.ST7735_FillRect)
    ST7735_FillScreen                        0x000007a5   Thumb Code    28  st7735.o(i.ST7735_FillScreen)
    ST7735_InitR                             0x000007c9   Thumb Code    90  st7735.o(i.ST7735_InitR)
    ST7735_SetCursor                         0x00000845   Thumb Code    22  st7735.o(i.ST7735_SetCursor)
    __scatterload_copy                       0x00000865   Thumb Code    14  handlers.o(i.__scatterload_copy)
    __scatterload_null                       0x00000873   Thumb Code     2  handlers.o(i.__scatterload_null)
    __scatterload_zeroinit                   0x00000875   Thumb Code    14  handlers.o(i.__scatterload_zeroinit)
    main                                     0x00000a5d   Thumb Code  2186  st7735testmain.o(i.main)
    dBfs                                     0x000019aa   Data         512  st7735.o(.constdata)
    Test                                     0x00001baa   Data           8  st7735testmain.o(.constdata)
    Test2                                    0x00001bb2   Data          60  st7735testmain.o(.constdata)
    Logo                                     0x00001bee   Data       12800  st7735testmain.o(.constdata)
    Region$$Table$$Base                      0x00004df0   Number         0  anon$$obj.o(Region$$Table)
    Region$$Table$$Limit                     0x00004e10   Number         0  anon$$obj.o(Region$$Table)
    StX                                      0x20000000   Data           4  st7735.o(.data)
    StY                                      0x20000004   Data           4  st7735.o(.data)
    StTextColor                              0x20000008   Data           2  st7735.o(.data)
    lastj                                    0x20000010   Data           4  st7735.o(.data)
    Messageindex                             0x20000018   Data           4  st7735.o(.data)
    Ymax                                     0x2000001c   Data           4  st7735.o(.data)
    Ymin                                     0x20000020   Data           4  st7735.o(.data)
    X                                        0x20000024   Data           4  st7735.o(.data)
    Yrange                                   0x20000028   Data           4  st7735.o(.data)
    __initial_sp                             0x20000430   Data           0  startup.o(STACK)



==============================================================================

Memory Map of the image

  Image Entry point : 0x0000026d

  Load Region LR_1 (Base: 0x00000000, Size: 0x00004e3c, Max: 0xffffffff, ABSOLUTE)

    Execution Region ER_RO (Base: 0x00000000, Size: 0x00004e10, Max: 0xffffffff, ABSOLUTE)

    Base Addr    Size         Type   Attr      Idx    E Section Name        Object

    0x00000000   0x00000284   Code   RO            3  * RESET               startup.o
    0x00000284   0x00000000   Code   RO          391  * .ARM.Collect$$$$00000000  mc_w.l(entry.o)
    0x00000284   0x00000004   Code   RO          657    .ARM.Collect$$$$00000001  mc_w.l(entry2.o)
    0x00000288   0x00000004   Code   RO          660    .ARM.Collect$$$$00000004  mc_w.l(entry5.o)
    0x0000028c   0x00000000   Code   RO          662    .ARM.Collect$$$$00000008  mc_w.l(entry7b.o)
    0x0000028c   0x00000000   Code   RO          664    .ARM.Collect$$$$0000000A  mc_w.l(entry8b.o)
    0x0000028c   0x00000008   Code   RO          665    .ARM.Collect$$$$0000000B  mc_w.l(entry9a.o)
    0x00000294   0x00000000   Code   RO          667    .ARM.Collect$$$$0000000D  mc_w.l(entry10a.o)
    0x00000294   0x00000000   Code   RO          669    .ARM.Collect$$$$0000000F  mc_w.l(entry11a.o)
    0x00000294   0x00000004   Code   RO          658    .ARM.Collect$$$$00002712  mc_w.l(entry2.o)
    0x00000298   0x00000024   Code   RO          687    .text               mc_w.l(init.o)
    0x000002bc   0x00000020   Code   RO           34    i.Delay1ms          st7735.o
    0x000002dc   0x00000020   Code   RO          311    i.DelayWait10ms     st7735testmain.o
    0x000002fc   0x0000007c   Code   RO           12    i.PLL_Init          pll.o
    0x00000378   0x00000018   Code   RO           40    i.ST7735_Color565   st7735.o
    0x00000390   0x00000120   Code   RO           41    i.ST7735_DrawBitmap  st7735.o
    0x000004b0   0x0000010c   Code   RO           42    i.ST7735_DrawChar   st7735.o
    0x000005bc   0x000000f4   Code   RO           43    i.ST7735_DrawCharS  st7735.o
    0x000006b0   0x00000048   Code   RO           46    i.ST7735_DrawPixel  st7735.o
    0x000006f8   0x000000ac   Code   RO           48    i.ST7735_FillRect   st7735.o
    0x000007a4   0x00000024   Code   RO           49    i.ST7735_FillScreen  st7735.o
    0x000007c8   0x0000007c   Code   RO           51    i.ST7735_InitR      st7735.o
    0x00000844   0x00000020   Code   RO           64    i.ST7735_SetCursor  st7735.o
    0x00000864   0x0000000e   Code   RO          699    i.__scatterload_copy  mc_w.l(handlers.o)
    0x00000872   0x00000002   Code   RO          700    i.__scatterload_null  mc_w.l(handlers.o)
    0x00000874   0x0000000e   Code   RO          701    i.__scatterload_zeroinit  mc_w.l(handlers.o)
    0x00000882   0x00000056   Code   RO           68    i.commandList       st7735.o
    0x000008d8   0x00000184   Code   RO           69    i.commonInit        st7735.o
    0x00000a5c   0x00000894   Code   RO          314    i.main              st7735testmain.o
    0x000012f0   0x00000012   Code   RO           74    i.pushColor         st7735.o
    0x00001302   0x00000002   PAD
    0x00001304   0x00000074   Code   RO           75    i.setAddrWindow     st7735.o
    0x00001378   0x00000030   Code   RO           76    i.writecommand      st7735.o
    0x000013a8   0x00000020   Code   RO           77    i.writedata         st7735.o
    0x000013c8   0x000007e2   Data   RO           79    .constdata          st7735.o
    0x00001baa   0x00003244   Data   RO          322    .constdata          st7735testmain.o
    0x00004dee   0x00000002   PAD
    0x00004df0   0x00000020   Data   RO          697    Region$$Table       anon$$obj.o


    Execution Region ER_RW (Base: 0x20000000, Size: 0x0000002c, Max: 0xffffffff, ABSOLUTE)

    Base Addr    Size         Type   Attr      Idx    E Section Name        Object

    0x20000000   0x0000002c   Data   RW           80    .data               st7735.o


    Execution Region ER_ZI (Base: 0x2000002c, Size: 0x00000404, Max: 0xffffffff, ABSOLUTE)

    Base Addr    Size         Type   Attr      Idx    E Section Name        Object

    0x2000002c   0x00000004   PAD
    0x20000030   0x00000400   Zero   RW            1    STACK               startup.o


==============================================================================

Image component sizes


      Code (inc. data)   RO Data    RW Data    ZI Data      Debug   Object Name

       124          6          0          0          0       4627   pll.o
      1980        174       2018         44          0      13042   st7735.o
      2228         10      12868          0          0       1901   st7735testmain.o
       644        620          0          0       1024        700   startup.o

    ----------------------------------------------------------------------
      4978        810      14920         44       1028      20270   Object Totals
         0          0         32          0          0          0   (incl. Generated)
         2          0          2          0          4          0   (incl. Padding)

    ----------------------------------------------------------------------

      Code (inc. data)   RO Data    RW Data    ZI Data      Debug   Library Member Name

         0          0          0          0          0          0   entry.o
         0          0          0          0          0          0   entry10a.o
         0          0          0          0          0          0   entry11a.o
         8          4          0          0          0          0   entry2.o
         4          0          0          0          0          0   entry5.o
         0          0          0          0          0          0   entry7b.o
         0          0          0          0          0          0   entry8b.o
         8          4          0          0          0          0   entry9a.o
        30          0          0          0          0          0   handlers.o
        36          8          0          0          0         68   init.o

    ----------------------------------------------------------------------
        86         16          0          0          0         68   Library Totals
         0          0          0          0          0          0   (incl. Padding)

    ----------------------------------------------------------------------

      Code (inc. data)   RO Data    RW Data    ZI Data      Debug   Library Name

        86         16          0          0          0         68   mc_w.l

    ----------------------------------------------------------------------
        86         16          0          0          0         68   Library Totals

    ----------------------------------------------------------------------

==============================================================================


      Code (inc. data)   RO Data    RW Data    ZI Data      Debug   

      5064        826      14920         44       1028      19454   Grand Totals
      5064        826      14920         44       1028      19454   ELF Image Totals
      5064        826      14920         44          0          0   ROM Totals

==============================================================================

    Total RO  Size (Code + RO Data)                19984 (  19.52kB)
    Total RW  Size (RW Data + ZI Data)              1072 (   1.05kB)
    Total ROM Size (Code + RO Data + RW Data)      20028 (  19.56kB)

==============================================================================

