<html>
<body>
<pre>
<h1>µVision Build Log</h1>
<h2>Project:</h2>
C:\ValvanoWareTM4C123\ValvanoWareTM4C123\ST7735_4C123\ST7735.uvproj
Project File Date:  02/08/2016

<h2>Output:</h2>
Rebuild target 'ST7735'
assembling startup.s...
compiling PLL.c...
compiling ST7735.c...
compiling ST7735TestMain.c...
linking...
Program Size: Code=5064 RO-data=14920 RW-data=44 ZI-data=1028  
".\ST7735.axf" - 0 Error(s), 0 Warning(s).
Load "C:\\ValvanoWareTM4C123\\ValvanoWareTM4C123\\ST7735_4C123\\ST7735.axf" 
Connecting: Mode=JTAG, Speed=1000000Hz
Erase Done.
Programming Done.
Verify OK.
</pre>
</body>
</html>
