<html>
<body>
<pre>
<h1>µVision Build Log</h1>
<h2>Project:</h2>
C:\Dropbox\ArmBook\LaunchPad\ValvanoWaveTM4C123\LinearInterpolation_4C123\LinearInterpolation.uvproj
Project File Date:  08/11/2014

<h2>Output:</h2>
Build target 'LinearInterpolation'
linking...
Program Size: Code=1376 RO-data=720 RW-data=20 ZI-data=1124  
".\LinearInterpolation.axf" - 0 Error(s), 0 Warning(s).
Load "C:\\Dropbox\\ArmBook\\LaunchPad\\ValvanoWaveTM4C123\\LinearInterpolation_4C123\\LinearInterpolation.axf" 
Connecting: Mode=JTAG, Speed=1000000Hz
Erase Done.
Programming Done.
Verify OK.
Clean started: Project: 'LinearInterpolation'
   deleting intermediate output files for target 'LinearInterpolation'
</pre>
</body>
</html>
