<html>
<body>
<pre>
<h1>µVision Build Log</h1>
<h2>Project:</h2>
E:\Dropbox\ArmBook\LaunchPad\LaunchPadware\LinearInterpolation_4C123\LinearInterpolation.uvproj
Project File Date:  09/11/2013

<h2>Output:</h2>
Build target 'LinearInterpolation'
compiling Sine.c...
compiling LinearInterpolation.c...
LinearInterpolation.c(61): warning:  #68-D: integer conversion resulted in a change of sign
LinearInterpolation.c(63): warning:  #68-D: integer conversion resulted in a change of sign
LinearInterpolation.c(65): warning:  #68-D: integer conversion resulted in a change of sign
LinearInterpolation.c(67): warning:  #68-D: integer conversion resulted in a change of sign
linking...
Program Size: Code=1376 RO-data=720 RW-data=20 ZI-data=1124  
".\LinearInterpolation.axf" - 0 Errors, 4 Warning(s).
Build target 'LinearInterpolation'
compiling Sine.c...
compiling LinearInterpolation.c...
linking...
Program Size: Code=1376 RO-data=720 RW-data=20 ZI-data=1124  
".\LinearInterpolation.axf" - 0 Errors, 0 Warning(s).
Load "E:\\Dropbox\\ArmBook\\LaunchPad\\LaunchPadware\\LinearInterpolation_4C123\\LinearInterpolation.axf" 
Connecting: Mode=JTAG, Speed=1000000Hz
Erase Done.
Programming Done.
Verify OK.
Build target 'LinearInterpolation'
compiling LinearInterpolation.c...
linking...
Program Size: Code=1376 RO-data=720 RW-data=20 ZI-data=1124  
".\LinearInterpolation.axf" - 0 Errors, 0 Warning(s).
Load "E:\\Dropbox\\ArmBook\\LaunchPad\\LaunchPadware\\LinearInterpolation_4C123\\LinearInterpolation.axf" 
Connecting: Mode=JTAG, Speed=1000000Hz
Erase Done.
Programming Done.
Verify OK.
Clean started: Project: 'LinearInterpolation'
   deleting intermediate output files for target 'LinearInterpolation'
